// Validating benchmarks:
// ***** BenchmarkRunner: Start   *****
// ***** Found 2 benchmark(s) in total *****
// ***** Building 1 exe(s) in Parallel: Start   *****
Unable to find .sln or .csproj file. Will use current directory /mnt/Shared/Projects/coflow to search for project file. If you don't use .sln file on purpose it should not be a problem.
// start dotnet  restore /p:UseSharedCompilation=false /p:BuildInParallel=false /m:1 /p:Deterministic=true /p:Optimize=true /p:IntermediateOutputPath="/mnt/Shared/Projects/coflow/runtimes/csharp/Coflow.Cfd.Runtime.Benchmarks/bin/Release/net8.0/85eb8a3d-d7b5-4be7-887a-dedc209ff701/obj/Release/net10.0/" /p:OutDir="/mnt/Shared/Projects/coflow/runtimes/csharp/Coflow.Cfd.Runtime.Benchmarks/bin/Release/net8.0/85eb8a3d-d7b5-4be7-887a-dedc209ff701/bin/Release/net10.0/" /p:OutputPath="/mnt/Shared/Projects/coflow/runtimes/csharp/Coflow.Cfd.Runtime.Benchmarks/bin/Release/net8.0/85eb8a3d-d7b5-4be7-887a-dedc209ff701/bin/Release/net10.0/" in /mnt/Shared/Projects/coflow/runtimes/csharp/Coflow.Cfd.Runtime.Benchmarks/bin/Release/net8.0/85eb8a3d-d7b5-4be7-887a-dedc209ff701
// command took 1.62 sec and exited with 0
// start dotnet  build -c Release --no-restore /p:UseSharedCompilation=false /p:BuildInParallel=false /m:1 /p:Deterministic=true /p:Optimize=true /p:IntermediateOutputPath="/mnt/Shared/Projects/coflow/runtimes/csharp/Coflow.Cfd.Runtime.Benchmarks/bin/Release/net8.0/85eb8a3d-d7b5-4be7-887a-dedc209ff701/obj/Release/net10.0/" /p:OutDir="/mnt/Shared/Projects/coflow/runtimes/csharp/Coflow.Cfd.Runtime.Benchmarks/bin/Release/net8.0/85eb8a3d-d7b5-4be7-887a-dedc209ff701/bin/Release/net10.0/" /p:OutputPath="/mnt/Shared/Projects/coflow/runtimes/csharp/Coflow.Cfd.Runtime.Benchmarks/bin/Release/net8.0/85eb8a3d-d7b5-4be7-887a-dedc209ff701/bin/Release/net10.0/" --output "/mnt/Shared/Projects/coflow/runtimes/csharp/Coflow.Cfd.Runtime.Benchmarks/bin/Release/net8.0/85eb8a3d-d7b5-4be7-887a-dedc209ff701/bin/Release/net10.0/" in /mnt/Shared/Projects/coflow/runtimes/csharp/Coflow.Cfd.Runtime.Benchmarks/bin/Release/net8.0/85eb8a3d-d7b5-4be7-887a-dedc209ff701
// command took 15.64 sec and exited with 0
// ***** Done, took 00:00:22 (22.05 sec)   *****
// Found 1 benchmarks:
//   ModuleLifecycleBenchmarks.LoadAndCompile: DefaultJob

// **************************
// Benchmark: ModuleLifecycleBenchmarks.LoadAndCompile: DefaultJob
// *** Execute ***
// Launch: 1 / 1
// Execute: dotnet 85eb8a3d-d7b5-4be7-887a-dedc209ff701.dll --anonymousPipes 114 115 --benchmarkName ModuleLifecycleBenchmarks.LoadAndCompile --job Default --benchmarkId 0 in /mnt/Shared/Projects/coflow/runtimes/csharp/Coflow.Cfd.Runtime.Benchmarks/bin/Release/net8.0/85eb8a3d-d7b5-4be7-887a-dedc209ff701/bin/Release/net10.0
// Failed to set up high priority (Permission denied). In order to run benchmarks with high priority, make sure you have the right permissions.
// BeforeAnythingElse

// Benchmark Process Environment Information:
// BenchmarkDotNet v0.14.0
// Runtime=.NET 10.0.2 (10.0.225.61305), X64 RyuJIT AVX2
// GC=Concurrent Workstation
// HardwareIntrinsics=AVX2,AES,BMI1,BMI2,FMA,LZCNT,PCLMUL,POPCNT,AvxVnni,SERIALIZE VectorSize=256
// Job: DefaultJob

OverheadJitting  1: 1 op, 190701.00 ns, 190.7010 us/op
WorkloadJitting  1: 1 op, 74909498.00 ns, 74.9095 ms/op

WorkloadPilot    1: 2 op, 146256086.00 ns, 73.1280 ms/op
WorkloadPilot    2: 3 op, 221137204.00 ns, 73.7124 ms/op
WorkloadPilot    3: 4 op, 300244735.00 ns, 75.0612 ms/op
WorkloadPilot    4: 5 op, 363085756.00 ns, 72.6172 ms/op
WorkloadPilot    5: 6 op, 432535956.00 ns, 72.0893 ms/op
WorkloadPilot    6: 7 op, 508414415.00 ns, 72.6306 ms/op

WorkloadWarmup   1: 7 op, 507977441.00 ns, 72.5682 ms/op
WorkloadWarmup   2: 7 op, 496204354.00 ns, 70.8863 ms/op
WorkloadWarmup   3: 7 op, 492024813.00 ns, 70.2893 ms/op
WorkloadWarmup   4: 7 op, 469321165.00 ns, 67.0459 ms/op
WorkloadWarmup   5: 7 op, 465442048.00 ns, 66.4917 ms/op
WorkloadWarmup   6: 7 op, 467154764.00 ns, 66.7364 ms/op
WorkloadWarmup   7: 7 op, 463360037.00 ns, 66.1943 ms/op
WorkloadWarmup   8: 7 op, 463584569.00 ns, 66.2264 ms/op
WorkloadWarmup   9: 7 op, 463210882.00 ns, 66.1730 ms/op

// BeforeActualRun
WorkloadActual   1: 7 op, 462534159.00 ns, 66.0763 ms/op
WorkloadActual   2: 7 op, 463206552.00 ns, 66.1724 ms/op
WorkloadActual   3: 7 op, 463592411.00 ns, 66.2275 ms/op
WorkloadActual   4: 7 op, 463716135.00 ns, 66.2452 ms/op
WorkloadActual   5: 7 op, 463103570.00 ns, 66.1577 ms/op
WorkloadActual   6: 7 op, 463736408.00 ns, 66.2481 ms/op
WorkloadActual   7: 7 op, 464198942.00 ns, 66.3141 ms/op
WorkloadActual   8: 7 op, 463808782.00 ns, 66.2584 ms/op
WorkloadActual   9: 7 op, 463456879.00 ns, 66.2081 ms/op
WorkloadActual  10: 7 op, 464071999.00 ns, 66.2960 ms/op
WorkloadActual  11: 7 op, 463901490.00 ns, 66.2716 ms/op
WorkloadActual  12: 7 op, 463487022.00 ns, 66.2124 ms/op
WorkloadActual  13: 7 op, 463441886.00 ns, 66.2060 ms/op
WorkloadActual  14: 7 op, 463183336.00 ns, 66.1690 ms/op
WorkloadActual  15: 7 op, 464087224.00 ns, 66.2982 ms/op

// AfterActualRun
WorkloadResult   1: 7 op, 462534159.00 ns, 66.0763 ms/op
WorkloadResult   2: 7 op, 463206552.00 ns, 66.1724 ms/op
WorkloadResult   3: 7 op, 463592411.00 ns, 66.2275 ms/op
WorkloadResult   4: 7 op, 463716135.00 ns, 66.2452 ms/op
WorkloadResult   5: 7 op, 463103570.00 ns, 66.1577 ms/op
WorkloadResult   6: 7 op, 463736408.00 ns, 66.2481 ms/op
WorkloadResult   7: 7 op, 464198942.00 ns, 66.3141 ms/op
WorkloadResult   8: 7 op, 463808782.00 ns, 66.2584 ms/op
WorkloadResult   9: 7 op, 463456879.00 ns, 66.2081 ms/op
WorkloadResult  10: 7 op, 464071999.00 ns, 66.2960 ms/op
WorkloadResult  11: 7 op, 463901490.00 ns, 66.2716 ms/op
WorkloadResult  12: 7 op, 463487022.00 ns, 66.2124 ms/op
WorkloadResult  13: 7 op, 463441886.00 ns, 66.2060 ms/op
WorkloadResult  14: 7 op, 463183336.00 ns, 66.1690 ms/op
WorkloadResult  15: 7 op, 464087224.00 ns, 66.2982 ms/op
// GC:  1 0 0 13752424 7
// Threading:  0 0 7

// AfterAll
// Benchmark Process 137205 has exited with code 0.

Mean = 66.224 ms, StdErr = 0.016 ms (0.02%), N = 15, StdDev = 0.063 ms
Min = 66.076 ms, Q1 = 66.189 ms, Median = 66.227 ms, Q3 = 66.265 ms, Max = 66.314 ms
IQR = 0.076 ms, LowerFence = 66.075 ms, UpperFence = 66.379 ms
ConfidenceInterval = [66.157 ms; 66.292 ms] (CI 99.9%), Margin = 0.068 ms (0.10% of Mean)
Skewness = -0.57, Kurtosis = 2.68, MValue = 2

// ** Remained 1 (50.0 %) benchmark(s) to run. Estimated finish 2026-08-28 23:39 (0h 0m from now) **
// ***** BenchmarkRunner: Finish  *****

// * Export *
  BenchmarkDotNet.Artifacts/results/ModuleLifecycleBenchmarks-report.csv
  BenchmarkDotNet.Artifacts/results/ModuleLifecycleBenchmarks-report-github.md
  BenchmarkDotNet.Artifacts/results/ModuleLifecycleBenchmarks-report.html

// * Detailed results *
ModuleLifecycleBenchmarks.LoadAndCompile: DefaultJob
Runtime = .NET 10.0.2 (10.0.225.61305), X64 RyuJIT AVX2; GC = Concurrent Workstation
Mean = 66.224 ms, StdErr = 0.016 ms (0.02%), N = 15, StdDev = 0.063 ms
Min = 66.076 ms, Q1 = 66.189 ms, Median = 66.227 ms, Q3 = 66.265 ms, Max = 66.314 ms
IQR = 0.076 ms, LowerFence = 66.075 ms, UpperFence = 66.379 ms
ConfidenceInterval = [66.157 ms; 66.292 ms] (CI 99.9%), Margin = 0.068 ms (0.10% of Mean)
Skewness = -0.57, Kurtosis = 2.68, MValue = 2
-------------------- Histogram --------------------
[66.043 ms ; 66.348 ms) | @@@@@@@@@@@@@@@
---------------------------------------------------

// * Summary *

BenchmarkDotNet v0.14.0, Linux Mint 22.3 (Zena)
13th Gen Intel Core i5-13600KF, 1 CPU, 20 logical and 14 physical cores
.NET SDK 10.0.102
  [Host]     : .NET 10.0.2 (10.0.225.61305), X64 RyuJIT AVX2
  DefaultJob : .NET 10.0.2 (10.0.225.61305), X64 RyuJIT AVX2


| Method         | Mean     | Error    | StdDev   | Min      | Max      | Median   | Gen0     | Allocated |
|--------------- |---------:|---------:|---------:|---------:|---------:|---------:|---------:|----------:|
| LoadAndCompile | 66.22 ms | 0.068 ms | 0.063 ms | 66.08 ms | 66.31 ms | 66.23 ms | 142.8571 |   1.87 MB |

// * Legends *
  Mean      : Arithmetic mean of all measurements
  Error     : Half of 99.9% confidence interval
  StdDev    : Standard deviation of all measurements
  Min       : Minimum
  Max       : Maximum
  Median    : Value separating the higher half of all measurements (50th percentile)
  Gen0      : GC Generation 0 collects per 1000 operations
  Allocated : Allocated memory per single operation (managed only, inclusive, 1KB = 1024B)
  1 ms      : 1 Millisecond (0.001 sec)

// * Diagnostic Output - MemoryDiagnoser *


// ***** BenchmarkRunner: End *****
Run time: 00:00:14 (14.26 sec), executed benchmarks: 1

// Found 1 benchmarks:
//   VmExecutionBenchmarks.GeneratedFieldRead: DefaultJob

// **************************
// Benchmark: VmExecutionBenchmarks.GeneratedFieldRead: DefaultJob
// *** Execute ***
// Launch: 1 / 1
// Execute: dotnet 85eb8a3d-d7b5-4be7-887a-dedc209ff701.dll --anonymousPipes 120 121 --benchmarkName VmExecutionBenchmarks.GeneratedFieldRead --job Default --benchmarkId 1 in /mnt/Shared/Projects/coflow/runtimes/csharp/Coflow.Cfd.Runtime.Benchmarks/bin/Release/net8.0/85eb8a3d-d7b5-4be7-887a-dedc209ff701/bin/Release/net10.0
// Failed to set up high priority (Permission denied). In order to run benchmarks with high priority, make sure you have the right permissions.
// BeforeAnythingElse

// Benchmark Process Environment Information:
// BenchmarkDotNet v0.14.0
// Runtime=.NET 10.0.2 (10.0.225.61305), X64 RyuJIT AVX2
// GC=Concurrent Workstation
// HardwareIntrinsics=AVX2,AES,BMI1,BMI2,FMA,LZCNT,PCLMUL,POPCNT,AvxVnni,SERIALIZE VectorSize=256
// Job: DefaultJob

OverheadJitting  1: 1 op, 228531.00 ns, 228.5310 us/op
WorkloadJitting  1: 1 op, 11783366.00 ns, 11.7834 ms/op

OverheadJitting  2: 16 op, 265260.00 ns, 16.5788 us/op
WorkloadJitting  2: 16 op, 5111040.00 ns, 319.4400 us/op

WorkloadPilot    1: 16 op, 4873756.00 ns, 304.6098 us/op
WorkloadPilot    2: 32 op, 9720587.00 ns, 303.7683 us/op
WorkloadPilot    3: 64 op, 19653831.00 ns, 307.0911 us/op
WorkloadPilot    4: 128 op, 39087076.00 ns, 305.3678 us/op
WorkloadPilot    5: 256 op, 74755914.00 ns, 292.0153 us/op
WorkloadPilot    6: 512 op, 58588277.00 ns, 114.4302 us/op
WorkloadPilot    7: 1024 op, 115665109.00 ns, 112.9542 us/op
WorkloadPilot    8: 2048 op, 231043904.00 ns, 112.8144 us/op
WorkloadPilot    9: 4096 op, 464108555.00 ns, 113.3078 us/op
WorkloadPilot   10: 8192 op, 926329916.00 ns, 113.0774 us/op

OverheadWarmup   1: 8192 op, 20931.00 ns, 2.5551 ns/op
OverheadWarmup   2: 8192 op, 19748.00 ns, 2.4106 ns/op
OverheadWarmup   3: 8192 op, 19581.00 ns, 2.3903 ns/op
OverheadWarmup   4: 8192 op, 23292.00 ns, 2.8433 ns/op
OverheadWarmup   5: 8192 op, 19953.00 ns, 2.4357 ns/op
OverheadWarmup   6: 8192 op, 19659.00 ns, 2.3998 ns/op
OverheadWarmup   7: 8192 op, 19694.00 ns, 2.4041 ns/op
OverheadWarmup   8: 8192 op, 19629.00 ns, 2.3961 ns/op

OverheadActual   1: 8192 op, 20143.00 ns, 2.4589 ns/op
OverheadActual   2: 8192 op, 19980.00 ns, 2.4390 ns/op
OverheadActual   3: 8192 op, 19864.00 ns, 2.4248 ns/op
OverheadActual   4: 8192 op, 19705.00 ns, 2.4054 ns/op
OverheadActual   5: 8192 op, 19886.00 ns, 2.4275 ns/op
OverheadActual   6: 8192 op, 19740.00 ns, 2.4097 ns/op
OverheadActual   7: 8192 op, 19655.00 ns, 2.3993 ns/op
OverheadActual   8: 8192 op, 19694.00 ns, 2.4041 ns/op
OverheadActual   9: 8192 op, 19873.00 ns, 2.4259 ns/op
OverheadActual  10: 8192 op, 19596.00 ns, 2.3921 ns/op
OverheadActual  11: 8192 op, 22436.00 ns, 2.7388 ns/op
OverheadActual  12: 8192 op, 19615.00 ns, 2.3944 ns/op
OverheadActual  13: 8192 op, 19571.00 ns, 2.3890 ns/op
OverheadActual  14: 8192 op, 19883.00 ns, 2.4271 ns/op
OverheadActual  15: 8192 op, 19664.00 ns, 2.4004 ns/op

WorkloadWarmup   1: 8192 op, 927769544.00 ns, 113.2531 us/op
WorkloadWarmup   2: 8192 op, 940262000.00 ns, 114.7781 us/op
WorkloadWarmup   3: 8192 op, 926065447.00 ns, 113.0451 us/op
WorkloadWarmup   4: 8192 op, 925973275.00 ns, 113.0338 us/op
WorkloadWarmup   5: 8192 op, 927609309.00 ns, 113.2336 us/op
WorkloadWarmup   6: 8192 op, 926514744.00 ns, 113.0999 us/op

// BeforeActualRun
WorkloadActual   1: 8192 op, 926908380.00 ns, 113.1480 us/op
WorkloadActual   2: 8192 op, 926875622.00 ns, 113.1440 us/op
WorkloadActual   3: 8192 op, 926308890.00 ns, 113.0748 us/op
WorkloadActual   4: 8192 op, 925836345.00 ns, 113.0171 us/op
WorkloadActual   5: 8192 op, 929490351.00 ns, 113.4632 us/op
WorkloadActual   6: 8192 op, 925665574.00 ns, 112.9963 us/op
WorkloadActual   7: 8192 op, 924119283.00 ns, 112.8075 us/op
WorkloadActual   8: 8192 op, 924234589.00 ns, 112.8216 us/op
WorkloadActual   9: 8192 op, 925618148.00 ns, 112.9905 us/op
WorkloadActual  10: 8192 op, 927821330.00 ns, 113.2594 us/op
WorkloadActual  11: 8192 op, 925563797.00 ns, 112.9839 us/op
WorkloadActual  12: 8192 op, 925799290.00 ns, 113.0126 us/op
WorkloadActual  13: 8192 op, 925206262.00 ns, 112.9402 us/op
WorkloadActual  14: 8192 op, 924895457.00 ns, 112.9023 us/op
WorkloadActual  15: 8192 op, 925630165.00 ns, 112.9920 us/op

// AfterActualRun
WorkloadResult   1: 8192 op, 926888640.00 ns, 113.1456 us/op
WorkloadResult   2: 8192 op, 926855882.00 ns, 113.1416 us/op
WorkloadResult   3: 8192 op, 926289150.00 ns, 113.0724 us/op
WorkloadResult   4: 8192 op, 925816605.00 ns, 113.0147 us/op
WorkloadResult   5: 8192 op, 925645834.00 ns, 112.9939 us/op
WorkloadResult   6: 8192 op, 924099543.00 ns, 112.8051 us/op
WorkloadResult   7: 8192 op, 924214849.00 ns, 112.8192 us/op
WorkloadResult   8: 8192 op, 925598408.00 ns, 112.9881 us/op
WorkloadResult   9: 8192 op, 927801590.00 ns, 113.2570 us/op
WorkloadResult  10: 8192 op, 925544057.00 ns, 112.9815 us/op
WorkloadResult  11: 8192 op, 925779550.00 ns, 113.0102 us/op
WorkloadResult  12: 8192 op, 925186522.00 ns, 112.9378 us/op
WorkloadResult  13: 8192 op, 924875717.00 ns, 112.8999 us/op
WorkloadResult  14: 8192 op, 925610425.00 ns, 112.9896 us/op
// GC:  0 0 0 1072 8192
// Threading:  0 0 8192

// AfterAll
// Benchmark Process 137247 has exited with code 0.

Mean = 113.004 μs, StdErr = 0.033 μs (0.03%), N = 14, StdDev = 0.123 μs
Min = 112.805 μs, Q1 = 112.949 μs, Median = 112.992 μs, Q3 = 113.058 μs, Max = 113.257 μs
IQR = 0.109 μs, LowerFence = 112.785 μs, UpperFence = 113.222 μs
ConfidenceInterval = [112.865 μs; 113.143 μs] (CI 99.9%), Margin = 0.139 μs (0.12% of Mean)
Skewness = 0.24, Kurtosis = 2.39, MValue = 2

// ** Remained 0 (0.0 %) benchmark(s) to run. Estimated finish 2026-08-28 23:39 (0h 0m from now) **
// ***** BenchmarkRunner: Finish  *****

// * Export *
  BenchmarkDotNet.Artifacts/results/VmExecutionBenchmarks-report.csv
  BenchmarkDotNet.Artifacts/results/VmExecutionBenchmarks-report-github.md
  BenchmarkDotNet.Artifacts/results/VmExecutionBenchmarks-report.html

// * Detailed results *
VmExecutionBenchmarks.GeneratedFieldRead: DefaultJob
Runtime = .NET 10.0.2 (10.0.225.61305), X64 RyuJIT AVX2; GC = Concurrent Workstation
Mean = 113.004 μs, StdErr = 0.033 μs (0.03%), N = 14, StdDev = 0.123 μs
Min = 112.805 μs, Q1 = 112.949 μs, Median = 112.992 μs, Q3 = 113.058 μs, Max = 113.257 μs
IQR = 0.109 μs, LowerFence = 112.785 μs, UpperFence = 113.222 μs
ConfidenceInterval = [112.865 μs; 113.143 μs] (CI 99.9%), Margin = 0.139 μs (0.12% of Mean)
Skewness = 0.24, Kurtosis = 2.39, MValue = 2
-------------------- Histogram --------------------
[112.738 μs ; 113.324 μs) | @@@@@@@@@@@@@@
---------------------------------------------------

// * Summary *

BenchmarkDotNet v0.14.0, Linux Mint 22.3 (Zena)
13th Gen Intel Core i5-13600KF, 1 CPU, 20 logical and 14 physical cores
.NET SDK 10.0.102
  [Host]     : .NET 10.0.2 (10.0.225.61305), X64 RyuJIT AVX2
  DefaultJob : .NET 10.0.2 (10.0.225.61305), X64 RyuJIT AVX2


| Method             | Mean     | Error   | StdDev  | Min      | Max      | Median   | Allocated |
|------------------- |---------:|--------:|--------:|---------:|---------:|---------:|----------:|
| GeneratedFieldRead | 113.0 μs | 0.14 μs | 0.12 μs | 112.8 μs | 113.3 μs | 113.0 μs |         - |

// * Hints *
Outliers
  VmExecutionBenchmarks.GeneratedFieldRead: Default -> 1 outlier  was  removed (113.46 μs)

// * Legends *
  Mean      : Arithmetic mean of all measurements
  Error     : Half of 99.9% confidence interval
  StdDev    : Standard deviation of all measurements
  Min       : Minimum
  Max       : Maximum
  Median    : Value separating the higher half of all measurements (50th percentile)
  Allocated : Allocated memory per single operation (managed only, inclusive, 1KB = 1024B)
  1 μs      : 1 Microsecond (0.000001 sec)

// * Diagnostic Output - MemoryDiagnoser *


// ***** BenchmarkRunner: End *****
Run time: 00:00:22 (22.75 sec), executed benchmarks: 1

Global total time: 00:00:59 (59.61 sec), executed benchmarks: 2
// * Artifacts cleanup *
Artifacts cleanup is finished
