// Validating benchmarks:
// ***** BenchmarkRunner: Start   *****
// ***** Found 10 benchmark(s) in total *****
// ***** Building 1 exe(s) in Parallel: Start   *****
Unable to find .sln or .csproj file. Will use current directory /mnt/Shared/Projects/coflow to search for project file. If you don't use .sln file on purpose it should not be a problem.
// start dotnet  restore /p:UseSharedCompilation=false /p:BuildInParallel=false /m:1 /p:Deterministic=true /p:Optimize=true /p:IntermediateOutputPath="/mnt/Shared/Projects/coflow/runtimes/csharp/Coflow.Cfd.Runtime.Benchmarks/bin/Release/net8.0/1ee3e259-346b-4d3c-87bb-c6c266a9b0eb/obj/Release/net10.0/" /p:OutDir="/mnt/Shared/Projects/coflow/runtimes/csharp/Coflow.Cfd.Runtime.Benchmarks/bin/Release/net8.0/1ee3e259-346b-4d3c-87bb-c6c266a9b0eb/bin/Release/net10.0/" /p:OutputPath="/mnt/Shared/Projects/coflow/runtimes/csharp/Coflow.Cfd.Runtime.Benchmarks/bin/Release/net8.0/1ee3e259-346b-4d3c-87bb-c6c266a9b0eb/bin/Release/net10.0/" in /mnt/Shared/Projects/coflow/runtimes/csharp/Coflow.Cfd.Runtime.Benchmarks/bin/Release/net8.0/1ee3e259-346b-4d3c-87bb-c6c266a9b0eb
// command took 1.6 sec and exited with 0
// start dotnet  build -c Release --no-restore /p:UseSharedCompilation=false /p:BuildInParallel=false /m:1 /p:Deterministic=true /p:Optimize=true /p:IntermediateOutputPath="/mnt/Shared/Projects/coflow/runtimes/csharp/Coflow.Cfd.Runtime.Benchmarks/bin/Release/net8.0/1ee3e259-346b-4d3c-87bb-c6c266a9b0eb/obj/Release/net10.0/" /p:OutDir="/mnt/Shared/Projects/coflow/runtimes/csharp/Coflow.Cfd.Runtime.Benchmarks/bin/Release/net8.0/1ee3e259-346b-4d3c-87bb-c6c266a9b0eb/bin/Release/net10.0/" /p:OutputPath="/mnt/Shared/Projects/coflow/runtimes/csharp/Coflow.Cfd.Runtime.Benchmarks/bin/Release/net8.0/1ee3e259-346b-4d3c-87bb-c6c266a9b0eb/bin/Release/net10.0/" --output "/mnt/Shared/Projects/coflow/runtimes/csharp/Coflow.Cfd.Runtime.Benchmarks/bin/Release/net8.0/1ee3e259-346b-4d3c-87bb-c6c266a9b0eb/bin/Release/net10.0/" in /mnt/Shared/Projects/coflow/runtimes/csharp/Coflow.Cfd.Runtime.Benchmarks/bin/Release/net8.0/1ee3e259-346b-4d3c-87bb-c6c266a9b0eb
// command took 15.03 sec and exited with 0
// ***** Done, took 00:00:22 (22.95 sec)   *****
// Found 10 benchmarks:
//   VmExecutionBenchmarks.IntegerLoop: ShortRun(IterationCount=3, LaunchCount=1, WarmupCount=3)
//   VmExecutionBenchmarks.FloatLoop: ShortRun(IterationCount=3, LaunchCount=1, WarmupCount=3)
//   VmExecutionBenchmarks.DirectCfdCallChain: ShortRun(IterationCount=3, LaunchCount=1, WarmupCount=3)
//   VmExecutionBenchmarks.TailRecursion: ShortRun(IterationCount=3, LaunchCount=1, WarmupCount=3)
//   VmExecutionBenchmarks.TailAccumulator: ShortRun(IterationCount=3, LaunchCount=1, WarmupCount=3)
//   VmExecutionBenchmarks.GeneratedFieldRead: ShortRun(IterationCount=3, LaunchCount=1, WarmupCount=3)
//   VmExecutionBenchmarks.MapFilterFold: ShortRun(IterationCount=3, LaunchCount=1, WarmupCount=3)
//   VmExecutionBenchmarks.CfdToHost: ShortRun(IterationCount=3, LaunchCount=1, WarmupCount=3)
//   VmExecutionBenchmarks.VmHostVmClosure: ShortRun(IterationCount=3, LaunchCount=1, WarmupCount=3)
//   VmExecutionBenchmarks.ReturnedVmClosure: ShortRun(IterationCount=3, LaunchCount=1, WarmupCount=3)

// **************************
// Benchmark: VmExecutionBenchmarks.IntegerLoop: ShortRun(IterationCount=3, LaunchCount=1, WarmupCount=3)
// *** Execute ***
// Launch: 1 / 1
// Execute: dotnet 1ee3e259-346b-4d3c-87bb-c6c266a9b0eb.dll --anonymousPipes 118 119 --benchmarkName VmExecutionBenchmarks.IntegerLoop --job ShortRun --benchmarkId 0 in /mnt/Shared/Projects/coflow/runtimes/csharp/Coflow.Cfd.Runtime.Benchmarks/bin/Release/net8.0/1ee3e259-346b-4d3c-87bb-c6c266a9b0eb/bin/Release/net10.0
// Failed to set up high priority (Permission denied). In order to run benchmarks with high priority, make sure you have the right permissions.
// BeforeAnythingElse

// Benchmark Process Environment Information:
// BenchmarkDotNet v0.14.0
// Runtime=.NET 10.0.2 (10.0.225.61305), X64 RyuJIT AVX2
// GC=Concurrent Workstation
// HardwareIntrinsics=AVX2,AES,BMI1,BMI2,FMA,LZCNT,PCLMUL,POPCNT,AvxVnni,SERIALIZE VectorSize=256
// Job: ShortRun(IterationCount=3, LaunchCount=1, WarmupCount=3)

OverheadJitting  1: 1 op, 290938.00 ns, 290.9380 us/op
WorkloadJitting  1: 1 op, 11910086.00 ns, 11.9101 ms/op

OverheadJitting  2: 16 op, 308761.00 ns, 19.2976 us/op
WorkloadJitting  2: 16 op, 4473840.00 ns, 279.6150 us/op

WorkloadPilot    1: 16 op, 4217145.00 ns, 263.5716 us/op
WorkloadPilot    2: 32 op, 8407108.00 ns, 262.7221 us/op
WorkloadPilot    3: 64 op, 16653129.00 ns, 260.2051 us/op
WorkloadPilot    4: 128 op, 33367255.00 ns, 260.6817 us/op
WorkloadPilot    5: 256 op, 66495764.00 ns, 259.7491 us/op
WorkloadPilot    6: 512 op, 93609079.00 ns, 182.8302 us/op
WorkloadPilot    7: 1024 op, 89906220.00 ns, 87.7990 us/op
WorkloadPilot    8: 2048 op, 178567799.00 ns, 87.1913 us/op
WorkloadPilot    9: 4096 op, 358572558.00 ns, 87.5421 us/op
WorkloadPilot   10: 8192 op, 715657441.00 ns, 87.3605 us/op

OverheadWarmup   1: 8192 op, 20654.00 ns, 2.5212 ns/op
OverheadWarmup   2: 8192 op, 19638.00 ns, 2.3972 ns/op
OverheadWarmup   3: 8192 op, 19580.00 ns, 2.3901 ns/op
OverheadWarmup   4: 8192 op, 19592.00 ns, 2.3916 ns/op
OverheadWarmup   5: 8192 op, 19876.00 ns, 2.4263 ns/op
OverheadWarmup   6: 8192 op, 19642.00 ns, 2.3977 ns/op
OverheadWarmup   7: 8192 op, 19810.00 ns, 2.4182 ns/op
OverheadWarmup   8: 8192 op, 19662.00 ns, 2.4001 ns/op

OverheadActual   1: 8192 op, 21530.00 ns, 2.6282 ns/op
OverheadActual   2: 8192 op, 19891.00 ns, 2.4281 ns/op
OverheadActual   3: 8192 op, 19836.00 ns, 2.4214 ns/op
OverheadActual   4: 8192 op, 19683.00 ns, 2.4027 ns/op
OverheadActual   5: 8192 op, 19833.00 ns, 2.4210 ns/op
OverheadActual   6: 8192 op, 19726.00 ns, 2.4080 ns/op
OverheadActual   7: 8192 op, 19737.00 ns, 2.4093 ns/op
OverheadActual   8: 8192 op, 19603.00 ns, 2.3929 ns/op
OverheadActual   9: 8192 op, 19856.00 ns, 2.4238 ns/op
OverheadActual  10: 8192 op, 19638.00 ns, 2.3972 ns/op
OverheadActual  11: 8192 op, 19605.00 ns, 2.3932 ns/op
OverheadActual  12: 8192 op, 19728.00 ns, 2.4082 ns/op
OverheadActual  13: 8192 op, 19730.00 ns, 2.4084 ns/op
OverheadActual  14: 8192 op, 19597.00 ns, 2.3922 ns/op
OverheadActual  15: 8192 op, 23091.00 ns, 2.8187 ns/op

WorkloadWarmup   1: 8192 op, 723387107.00 ns, 88.3041 us/op
WorkloadWarmup   2: 8192 op, 723602643.00 ns, 88.3304 us/op
WorkloadWarmup   3: 8192 op, 722299925.00 ns, 88.1714 us/op

// BeforeActualRun
WorkloadActual   1: 8192 op, 713277288.00 ns, 87.0700 us/op
WorkloadActual   2: 8192 op, 713134686.00 ns, 87.0526 us/op
WorkloadActual   3: 8192 op, 715243531.00 ns, 87.3100 us/op

// AfterActualRun
WorkloadResult   1: 8192 op, 713257558.00 ns, 87.0676 us/op
WorkloadResult   2: 8192 op, 713114956.00 ns, 87.0502 us/op
WorkloadResult   3: 8192 op, 715223801.00 ns, 87.3076 us/op
// GC:  0 0 0 784 8192
// Threading:  0 0 8192

// AfterAll
// Benchmark Process 38359 has exited with code 0.

Mean = 87.142 μs, StdErr = 0.083 μs (0.10%), N = 3, StdDev = 0.144 μs
Min = 87.050 μs, Q1 = 87.059 μs, Median = 87.068 μs, Q3 = 87.188 μs, Max = 87.308 μs
IQR = 0.129 μs, LowerFence = 86.866 μs, UpperFence = 87.381 μs
ConfidenceInterval = [84.517 μs; 89.766 μs] (CI 99.9%), Margin = 2.625 μs (3.01% of Mean)
Skewness = 0.38, Kurtosis = 0.67, MValue = 2

// ** Remained 9 (90.0 %) benchmark(s) to run. Estimated finish 2026-08-28 19:46 (0h 1m from now) **
// **************************
// Benchmark: VmExecutionBenchmarks.FloatLoop: ShortRun(IterationCount=3, LaunchCount=1, WarmupCount=3)
// *** Execute ***
// Launch: 1 / 1
// Execute: dotnet 1ee3e259-346b-4d3c-87bb-c6c266a9b0eb.dll --anonymousPipes 118 119 --benchmarkName VmExecutionBenchmarks.FloatLoop --job ShortRun --benchmarkId 1 in /mnt/Shared/Projects/coflow/runtimes/csharp/Coflow.Cfd.Runtime.Benchmarks/bin/Release/net8.0/1ee3e259-346b-4d3c-87bb-c6c266a9b0eb/bin/Release/net10.0
// Failed to set up high priority (Permission denied). In order to run benchmarks with high priority, make sure you have the right permissions.
// BeforeAnythingElse

// Benchmark Process Environment Information:
// BenchmarkDotNet v0.14.0
// Runtime=.NET 10.0.2 (10.0.225.61305), X64 RyuJIT AVX2
// GC=Concurrent Workstation
// HardwareIntrinsics=AVX2,AES,BMI1,BMI2,FMA,LZCNT,PCLMUL,POPCNT,AvxVnni,SERIALIZE VectorSize=256
// Job: ShortRun(IterationCount=3, LaunchCount=1, WarmupCount=3)

OverheadJitting  1: 1 op, 263086.00 ns, 263.0860 us/op
WorkloadJitting  1: 1 op, 12893534.00 ns, 12.8935 ms/op

OverheadJitting  2: 16 op, 306377.00 ns, 19.1486 us/op
WorkloadJitting  2: 16 op, 4566630.00 ns, 285.4144 us/op

WorkloadPilot    1: 16 op, 4235319.00 ns, 264.7074 us/op
WorkloadPilot    2: 32 op, 8462514.00 ns, 264.4536 us/op
WorkloadPilot    3: 64 op, 16937747.00 ns, 264.6523 us/op
WorkloadPilot    4: 128 op, 33815606.00 ns, 264.1844 us/op
WorkloadPilot    5: 256 op, 76318325.00 ns, 298.1185 us/op
WorkloadPilot    6: 512 op, 66919646.00 ns, 130.7024 us/op
WorkloadPilot    7: 1024 op, 87960251.00 ns, 85.8987 us/op
WorkloadPilot    8: 2048 op, 175867508.00 ns, 85.8728 us/op
WorkloadPilot    9: 4096 op, 351502542.00 ns, 85.8161 us/op
WorkloadPilot   10: 8192 op, 713021513.00 ns, 87.0388 us/op

OverheadWarmup   1: 8192 op, 20957.00 ns, 2.5582 ns/op
OverheadWarmup   2: 8192 op, 20385.00 ns, 2.4884 ns/op
OverheadWarmup   3: 8192 op, 20410.00 ns, 2.4915 ns/op
OverheadWarmup   4: 8192 op, 19625.00 ns, 2.3956 ns/op
OverheadWarmup   5: 8192 op, 27477.00 ns, 3.3541 ns/op
OverheadWarmup   6: 8192 op, 19676.00 ns, 2.4019 ns/op

OverheadActual   1: 8192 op, 19880.00 ns, 2.4268 ns/op
OverheadActual   2: 8192 op, 19859.00 ns, 2.4242 ns/op
OverheadActual   3: 8192 op, 20516.00 ns, 2.5044 ns/op
OverheadActual   4: 8192 op, 19722.00 ns, 2.4075 ns/op
OverheadActual   5: 8192 op, 20415.00 ns, 2.4921 ns/op
OverheadActual   6: 8192 op, 19644.00 ns, 2.3979 ns/op
OverheadActual   7: 8192 op, 19593.00 ns, 2.3917 ns/op
OverheadActual   8: 8192 op, 20919.00 ns, 2.5536 ns/op
OverheadActual   9: 8192 op, 20639.00 ns, 2.5194 ns/op
OverheadActual  10: 8192 op, 20587.00 ns, 2.5131 ns/op
OverheadActual  11: 8192 op, 21192.00 ns, 2.5869 ns/op
OverheadActual  12: 8192 op, 20241.00 ns, 2.4708 ns/op
OverheadActual  13: 8192 op, 20094.00 ns, 2.4529 ns/op
OverheadActual  14: 8192 op, 20098.00 ns, 2.4534 ns/op
OverheadActual  15: 8192 op, 20074.00 ns, 2.4504 ns/op

WorkloadWarmup   1: 8192 op, 707835723.00 ns, 86.4057 us/op
WorkloadWarmup   2: 8192 op, 706774123.00 ns, 86.2761 us/op
WorkloadWarmup   3: 8192 op, 707025285.00 ns, 86.3068 us/op

// BeforeActualRun
WorkloadActual   1: 8192 op, 705389606.00 ns, 86.1071 us/op
WorkloadActual   2: 8192 op, 701709984.00 ns, 85.6580 us/op
WorkloadActual   3: 8192 op, 702806672.00 ns, 85.7918 us/op

// AfterActualRun
WorkloadResult   1: 8192 op, 705369508.00 ns, 86.1047 us/op
WorkloadResult   2: 8192 op, 701689886.00 ns, 85.6555 us/op
WorkloadResult   3: 8192 op, 702786574.00 ns, 85.7894 us/op
// GC:  0 0 0 1072 8192
// Threading:  0 0 8192

// AfterAll
// Benchmark Process 38728 has exited with code 0.

Mean = 85.850 μs, StdErr = 0.133 μs (0.16%), N = 3, StdDev = 0.231 μs
Min = 85.656 μs, Q1 = 85.722 μs, Median = 85.789 μs, Q3 = 85.947 μs, Max = 86.105 μs
IQR = 0.225 μs, LowerFence = 85.386 μs, UpperFence = 86.284 μs
ConfidenceInterval = [81.643 μs; 90.057 μs] (CI 99.9%), Margin = 4.207 μs (4.90% of Mean)
Skewness = 0.24, Kurtosis = 0.67, MValue = 2

// ** Remained 8 (80.0 %) benchmark(s) to run. Estimated finish 2026-08-28 19:46 (0h 0m from now) **
// **************************
// Benchmark: VmExecutionBenchmarks.DirectCfdCallChain: ShortRun(IterationCount=3, LaunchCount=1, WarmupCount=3)
// *** Execute ***
// Launch: 1 / 1
// Execute: dotnet 1ee3e259-346b-4d3c-87bb-c6c266a9b0eb.dll --anonymousPipes 118 119 --benchmarkName VmExecutionBenchmarks.DirectCfdCallChain --job ShortRun --benchmarkId 2 in /mnt/Shared/Projects/coflow/runtimes/csharp/Coflow.Cfd.Runtime.Benchmarks/bin/Release/net8.0/1ee3e259-346b-4d3c-87bb-c6c266a9b0eb/bin/Release/net10.0
// Failed to set up high priority (Permission denied). In order to run benchmarks with high priority, make sure you have the right permissions.
// BeforeAnythingElse

// Benchmark Process Environment Information:
// BenchmarkDotNet v0.14.0
// Runtime=.NET 10.0.2 (10.0.225.61305), X64 RyuJIT AVX2
// GC=Concurrent Workstation
// HardwareIntrinsics=AVX2,AES,BMI1,BMI2,FMA,LZCNT,PCLMUL,POPCNT,AvxVnni,SERIALIZE VectorSize=256
// Job: ShortRun(IterationCount=3, LaunchCount=1, WarmupCount=3)

OverheadJitting  1: 1 op, 235450.00 ns, 235.4500 us/op
WorkloadJitting  1: 1 op, 2460988.00 ns, 2.4610 ms/op

OverheadJitting  2: 16 op, 291118.00 ns, 18.1949 us/op
WorkloadJitting  2: 16 op, 313788.00 ns, 19.6118 us/op

WorkloadPilot    1: 16 op, 37076.00 ns, 2.3173 us/op
WorkloadPilot    2: 32 op, 65034.00 ns, 2.0323 us/op
WorkloadPilot    3: 64 op, 127305.00 ns, 1.9891 us/op
WorkloadPilot    4: 128 op, 236311.00 ns, 1.8462 us/op
WorkloadPilot    5: 256 op, 467190.00 ns, 1.8250 us/op
WorkloadPilot    6: 512 op, 947808.00 ns, 1.8512 us/op
WorkloadPilot    7: 1024 op, 1848242.00 ns, 1.8049 us/op
WorkloadPilot    8: 2048 op, 4228941.00 ns, 2.0649 us/op
WorkloadPilot    9: 4096 op, 7822264.00 ns, 1.9097 us/op
WorkloadPilot   10: 8192 op, 15648510.00 ns, 1.9102 us/op
WorkloadPilot   11: 16384 op, 30216823.00 ns, 1.8443 us/op
WorkloadPilot   12: 32768 op, 60325665.00 ns, 1.8410 us/op
WorkloadPilot   13: 65536 op, 56672677.00 ns, 864.7564 ns/op
WorkloadPilot   14: 131072 op, 34011338.00 ns, 259.4859 ns/op
WorkloadPilot   15: 262144 op, 67876157.00 ns, 258.9270 ns/op
WorkloadPilot   16: 524288 op, 136529111.00 ns, 260.4086 ns/op
WorkloadPilot   17: 1048576 op, 271725807.00 ns, 259.1379 ns/op
WorkloadPilot   18: 2097152 op, 544664082.00 ns, 259.7161 ns/op

OverheadWarmup   1: 2097152 op, 4988366.00 ns, 2.3786 ns/op
OverheadWarmup   2: 2097152 op, 4980866.00 ns, 2.3751 ns/op
OverheadWarmup   3: 2097152 op, 4993099.00 ns, 2.3809 ns/op
OverheadWarmup   4: 2097152 op, 4985802.00 ns, 2.3774 ns/op
OverheadWarmup   5: 2097152 op, 4995074.00 ns, 2.3818 ns/op
OverheadWarmup   6: 2097152 op, 4990880.00 ns, 2.3798 ns/op

OverheadActual   1: 2097152 op, 5001777.00 ns, 2.3850 ns/op
OverheadActual   2: 2097152 op, 5005656.00 ns, 2.3869 ns/op
OverheadActual   3: 2097152 op, 5047010.00 ns, 2.4066 ns/op
OverheadActual   4: 2097152 op, 4981531.00 ns, 2.3754 ns/op
OverheadActual   5: 2097152 op, 4998526.00 ns, 2.3835 ns/op
OverheadActual   6: 2097152 op, 4992087.00 ns, 2.3804 ns/op
OverheadActual   7: 2097152 op, 4983783.00 ns, 2.3765 ns/op
OverheadActual   8: 2097152 op, 4986318.00 ns, 2.3777 ns/op
OverheadActual   9: 2097152 op, 4992681.00 ns, 2.3807 ns/op
OverheadActual  10: 2097152 op, 4987792.00 ns, 2.3784 ns/op
OverheadActual  11: 2097152 op, 4981061.00 ns, 2.3752 ns/op
OverheadActual  12: 2097152 op, 4981831.00 ns, 2.3755 ns/op
OverheadActual  13: 2097152 op, 4985789.00 ns, 2.3774 ns/op
OverheadActual  14: 2097152 op, 4984883.00 ns, 2.3770 ns/op
OverheadActual  15: 2097152 op, 4981693.00 ns, 2.3755 ns/op

WorkloadWarmup   1: 2097152 op, 546519260.00 ns, 260.6007 ns/op
WorkloadWarmup   2: 2097152 op, 545637034.00 ns, 260.1800 ns/op
WorkloadWarmup   3: 2097152 op, 544389088.00 ns, 259.5849 ns/op

// BeforeActualRun
WorkloadActual   1: 2097152 op, 547819139.00 ns, 261.2205 ns/op
WorkloadActual   2: 2097152 op, 543757262.00 ns, 259.2837 ns/op
WorkloadActual   3: 2097152 op, 543468231.00 ns, 259.1458 ns/op

// AfterActualRun
WorkloadResult   1: 2097152 op, 542832821.00 ns, 258.8429 ns/op
WorkloadResult   2: 2097152 op, 538770944.00 ns, 256.9060 ns/op
WorkloadResult   3: 2097152 op, 538481913.00 ns, 256.7682 ns/op
// GC:  0 0 0 1072 2097152
// Threading:  0 0 2097152

// AfterAll
// Benchmark Process 38812 has exited with code 0.

Mean = 257.506 ns, StdErr = 0.670 ns (0.26%), N = 3, StdDev = 1.160 ns
Min = 256.768 ns, Q1 = 256.837 ns, Median = 256.906 ns, Q3 = 257.874 ns, Max = 258.843 ns
IQR = 1.037 ns, LowerFence = 255.281 ns, UpperFence = 259.430 ns
ConfidenceInterval = [236.342 ns; 278.670 ns] (CI 99.9%), Margin = 21.164 ns (8.22% of Mean)
Skewness = 0.38, Kurtosis = 0.67, MValue = 2

// ** Remained 7 (70.0 %) benchmark(s) to run. Estimated finish 2026-08-28 19:46 (0h 0m from now) **
// **************************
// Benchmark: VmExecutionBenchmarks.TailRecursion: ShortRun(IterationCount=3, LaunchCount=1, WarmupCount=3)
// *** Execute ***
// Launch: 1 / 1
// Execute: dotnet 1ee3e259-346b-4d3c-87bb-c6c266a9b0eb.dll --anonymousPipes 118 119 --benchmarkName VmExecutionBenchmarks.TailRecursion --job ShortRun --benchmarkId 3 in /mnt/Shared/Projects/coflow/runtimes/csharp/Coflow.Cfd.Runtime.Benchmarks/bin/Release/net8.0/1ee3e259-346b-4d3c-87bb-c6c266a9b0eb/bin/Release/net10.0
// Failed to set up high priority (Permission denied). In order to run benchmarks with high priority, make sure you have the right permissions.
// BeforeAnythingElse

// Benchmark Process Environment Information:
// BenchmarkDotNet v0.14.0
// Runtime=.NET 10.0.2 (10.0.225.61305), X64 RyuJIT AVX2
// GC=Concurrent Workstation
// HardwareIntrinsics=AVX2,AES,BMI1,BMI2,FMA,LZCNT,PCLMUL,POPCNT,AvxVnni,SERIALIZE VectorSize=256
// Job: ShortRun(IterationCount=3, LaunchCount=1, WarmupCount=3)

OverheadJitting  1: 1 op, 235239.00 ns, 235.2390 us/op
WorkloadJitting  1: 1 op, 2255059.00 ns, 2.2551 ms/op

OverheadJitting  2: 16 op, 289686.00 ns, 18.1054 us/op
WorkloadJitting  2: 16 op, 10909879.00 ns, 681.8674 us/op

WorkloadPilot    1: 16 op, 2307144.00 ns, 144.1965 us/op
WorkloadPilot    2: 32 op, 4687280.00 ns, 146.4775 us/op
WorkloadPilot    3: 64 op, 9553033.00 ns, 149.2661 us/op
WorkloadPilot    4: 128 op, 18678384.00 ns, 145.9249 us/op
WorkloadPilot    5: 256 op, 36833987.00 ns, 143.8828 us/op
WorkloadPilot    6: 512 op, 78488700.00 ns, 153.2982 us/op
WorkloadPilot    7: 1024 op, 48300247.00 ns, 47.1682 us/op
WorkloadPilot    8: 2048 op, 88068572.00 ns, 43.0022 us/op
WorkloadPilot    9: 4096 op, 176839561.00 ns, 43.1737 us/op
WorkloadPilot   10: 8192 op, 359063307.00 ns, 43.8310 us/op
WorkloadPilot   11: 16384 op, 718940128.00 ns, 43.8806 us/op

OverheadWarmup   1: 16384 op, 40494.00 ns, 2.4716 ns/op
OverheadWarmup   2: 16384 op, 39640.00 ns, 2.4194 ns/op
OverheadWarmup   3: 16384 op, 39047.00 ns, 2.3832 ns/op
OverheadWarmup   4: 16384 op, 39016.00 ns, 2.3813 ns/op
OverheadWarmup   5: 16384 op, 40068.00 ns, 2.4456 ns/op
OverheadWarmup   6: 16384 op, 39164.00 ns, 2.3904 ns/op
OverheadWarmup   7: 16384 op, 40354.00 ns, 2.4630 ns/op
OverheadWarmup   8: 16384 op, 39036.00 ns, 2.3826 ns/op

OverheadActual   1: 16384 op, 39853.00 ns, 2.4324 ns/op
OverheadActual   2: 16384 op, 39344.00 ns, 2.4014 ns/op
OverheadActual   3: 16384 op, 39300.00 ns, 2.3987 ns/op
OverheadActual   4: 16384 op, 39096.00 ns, 2.3862 ns/op
OverheadActual   5: 16384 op, 40013.00 ns, 2.4422 ns/op
OverheadActual   6: 16384 op, 39189.00 ns, 2.3919 ns/op
OverheadActual   7: 16384 op, 39086.00 ns, 2.3856 ns/op
OverheadActual   8: 16384 op, 38997.00 ns, 2.3802 ns/op
OverheadActual   9: 16384 op, 40122.00 ns, 2.4489 ns/op
OverheadActual  10: 16384 op, 38999.00 ns, 2.3803 ns/op
OverheadActual  11: 16384 op, 38983.00 ns, 2.3793 ns/op
OverheadActual  12: 16384 op, 38998.00 ns, 2.3802 ns/op
OverheadActual  13: 16384 op, 41421.00 ns, 2.5281 ns/op
OverheadActual  14: 16384 op, 38987.00 ns, 2.3796 ns/op
OverheadActual  15: 16384 op, 39591.00 ns, 2.4164 ns/op

WorkloadWarmup   1: 16384 op, 720980779.00 ns, 44.0052 us/op
WorkloadWarmup   2: 16384 op, 720334469.00 ns, 43.9657 us/op
WorkloadWarmup   3: 16384 op, 713300813.00 ns, 43.5364 us/op

// BeforeActualRun
WorkloadActual   1: 16384 op, 707384893.00 ns, 43.1753 us/op
WorkloadActual   2: 16384 op, 705889746.00 ns, 43.0841 us/op
WorkloadActual   3: 16384 op, 705462979.00 ns, 43.0580 us/op

// AfterActualRun
WorkloadResult   1: 16384 op, 707345704.00 ns, 43.1730 us/op
WorkloadResult   2: 16384 op, 705850557.00 ns, 43.0817 us/op
WorkloadResult   3: 16384 op, 705423790.00 ns, 43.0557 us/op
// GC:  0 0 0 64 16384
// Threading:  0 0 16384

// AfterAll
// Benchmark Process 38912 has exited with code 0.

Mean = 43.103 μs, StdErr = 0.036 μs (0.08%), N = 3, StdDev = 0.062 μs
Min = 43.056 μs, Q1 = 43.069 μs, Median = 43.082 μs, Q3 = 43.127 μs, Max = 43.173 μs
IQR = 0.059 μs, LowerFence = 42.981 μs, UpperFence = 43.215 μs
ConfidenceInterval = [41.980 μs; 44.227 μs] (CI 99.9%), Margin = 1.124 μs (2.61% of Mean)
Skewness = 0.31, Kurtosis = 0.67, MValue = 2

// ** Remained 6 (60.0 %) benchmark(s) to run. Estimated finish 2026-08-28 19:46 (0h 0m from now) **
// **************************
// Benchmark: VmExecutionBenchmarks.TailAccumulator: ShortRun(IterationCount=3, LaunchCount=1, WarmupCount=3)
// *** Execute ***
// Launch: 1 / 1
// Execute: dotnet 1ee3e259-346b-4d3c-87bb-c6c266a9b0eb.dll --anonymousPipes 118 119 --benchmarkName VmExecutionBenchmarks.TailAccumulator --job ShortRun --benchmarkId 4 in /mnt/Shared/Projects/coflow/runtimes/csharp/Coflow.Cfd.Runtime.Benchmarks/bin/Release/net8.0/1ee3e259-346b-4d3c-87bb-c6c266a9b0eb/bin/Release/net10.0
// Failed to set up high priority (Permission denied). In order to run benchmarks with high priority, make sure you have the right permissions.
// BeforeAnythingElse

// Benchmark Process Environment Information:
// BenchmarkDotNet v0.14.0
// Runtime=.NET 10.0.2 (10.0.225.61305), X64 RyuJIT AVX2
// GC=Concurrent Workstation
// HardwareIntrinsics=AVX2,AES,BMI1,BMI2,FMA,LZCNT,PCLMUL,POPCNT,AvxVnni,SERIALIZE VectorSize=256
// Job: ShortRun(IterationCount=3, LaunchCount=1, WarmupCount=3)

OverheadJitting  1: 1 op, 257299.00 ns, 257.2990 us/op
WorkloadJitting  1: 1 op, 12249421.00 ns, 12.2494 ms/op

OverheadJitting  2: 16 op, 292240.00 ns, 18.2650 us/op
WorkloadJitting  2: 16 op, 4147204.00 ns, 259.2003 us/op

WorkloadPilot    1: 16 op, 3776358.00 ns, 236.0224 us/op
WorkloadPilot    2: 32 op, 7422912.00 ns, 231.9660 us/op
WorkloadPilot    3: 64 op, 14763924.00 ns, 230.6863 us/op
WorkloadPilot    4: 128 op, 29183459.00 ns, 227.9958 us/op
WorkloadPilot    5: 256 op, 58055855.00 ns, 226.7807 us/op
WorkloadPilot    6: 512 op, 71590338.00 ns, 139.8249 us/op
WorkloadPilot    7: 1024 op, 69799238.00 ns, 68.1633 us/op
WorkloadPilot    8: 2048 op, 138677769.00 ns, 67.7138 us/op
WorkloadPilot    9: 4096 op, 276750615.00 ns, 67.5661 us/op
WorkloadPilot   10: 8192 op, 564460702.00 ns, 68.9039 us/op

OverheadWarmup   1: 8192 op, 20827.00 ns, 2.5424 ns/op
OverheadWarmup   2: 8192 op, 20169.00 ns, 2.4620 ns/op
OverheadWarmup   3: 8192 op, 19681.00 ns, 2.4025 ns/op
OverheadWarmup   4: 8192 op, 19736.00 ns, 2.4092 ns/op
OverheadWarmup   5: 8192 op, 19847.00 ns, 2.4227 ns/op
OverheadWarmup   6: 8192 op, 19633.00 ns, 2.3966 ns/op
OverheadWarmup   7: 8192 op, 19632.00 ns, 2.3965 ns/op
OverheadWarmup   8: 8192 op, 19640.00 ns, 2.3975 ns/op
OverheadWarmup   9: 8192 op, 20510.00 ns, 2.5037 ns/op
OverheadWarmup  10: 8192 op, 19966.00 ns, 2.4373 ns/op

OverheadActual   1: 8192 op, 19968.00 ns, 2.4375 ns/op
OverheadActual   2: 8192 op, 19991.00 ns, 2.4403 ns/op
OverheadActual   3: 8192 op, 20777.00 ns, 2.5363 ns/op
OverheadActual   4: 8192 op, 20264.00 ns, 2.4736 ns/op
OverheadActual   5: 8192 op, 20322.00 ns, 2.4807 ns/op
OverheadActual   6: 8192 op, 19516.00 ns, 2.3823 ns/op
OverheadActual   7: 8192 op, 20259.00 ns, 2.4730 ns/op
OverheadActual   8: 8192 op, 20834.00 ns, 2.5432 ns/op
OverheadActual   9: 8192 op, 19623.00 ns, 2.3954 ns/op
OverheadActual  10: 8192 op, 20814.00 ns, 2.5408 ns/op
OverheadActual  11: 8192 op, 21093.00 ns, 2.5748 ns/op
OverheadActual  12: 8192 op, 20040.00 ns, 2.4463 ns/op
OverheadActual  13: 8192 op, 19669.00 ns, 2.4010 ns/op
OverheadActual  14: 8192 op, 19635.00 ns, 2.3969 ns/op
OverheadActual  15: 8192 op, 22100.00 ns, 2.6978 ns/op

WorkloadWarmup   1: 8192 op, 572753340.00 ns, 69.9162 us/op
WorkloadWarmup   2: 8192 op, 555161722.00 ns, 67.7688 us/op
WorkloadWarmup   3: 8192 op, 555241487.00 ns, 67.7785 us/op

// BeforeActualRun
WorkloadActual   1: 8192 op, 554903511.00 ns, 67.7372 us/op
WorkloadActual   2: 8192 op, 555911296.00 ns, 67.8603 us/op
WorkloadActual   3: 8192 op, 555138644.00 ns, 67.7659 us/op

// AfterActualRun
WorkloadResult   1: 8192 op, 554883252.00 ns, 67.7348 us/op
WorkloadResult   2: 8192 op, 555891037.00 ns, 67.8578 us/op
WorkloadResult   3: 8192 op, 555118385.00 ns, 67.7635 us/op
// GC:  0 0 0 784 8192
// Threading:  0 0 8192

// AfterAll
// Benchmark Process 38992 has exited with code 0.

Mean = 67.785 μs, StdErr = 0.037 μs (0.05%), N = 3, StdDev = 0.064 μs
Min = 67.735 μs, Q1 = 67.749 μs, Median = 67.763 μs, Q3 = 67.811 μs, Max = 67.858 μs
IQR = 0.062 μs, LowerFence = 67.657 μs, UpperFence = 67.903 μs
ConfidenceInterval = [66.611 μs; 68.960 μs] (CI 99.9%), Margin = 1.174 μs (1.73% of Mean)
Skewness = 0.3, Kurtosis = 0.67, MValue = 2

// ** Remained 5 (50.0 %) benchmark(s) to run. Estimated finish 2026-08-28 19:46 (0h 0m from now) **
// **************************
// Benchmark: VmExecutionBenchmarks.GeneratedFieldRead: ShortRun(IterationCount=3, LaunchCount=1, WarmupCount=3)
// *** Execute ***
// Launch: 1 / 1
// Execute: dotnet 1ee3e259-346b-4d3c-87bb-c6c266a9b0eb.dll --anonymousPipes 118 119 --benchmarkName VmExecutionBenchmarks.GeneratedFieldRead --job ShortRun --benchmarkId 5 in /mnt/Shared/Projects/coflow/runtimes/csharp/Coflow.Cfd.Runtime.Benchmarks/bin/Release/net8.0/1ee3e259-346b-4d3c-87bb-c6c266a9b0eb/bin/Release/net10.0
// Failed to set up high priority (Permission denied). In order to run benchmarks with high priority, make sure you have the right permissions.
// BeforeAnythingElse

// Benchmark Process Environment Information:
// BenchmarkDotNet v0.14.0
// Runtime=.NET 10.0.2 (10.0.225.61305), X64 RyuJIT AVX2
// GC=Concurrent Workstation
// HardwareIntrinsics=AVX2,AES,BMI1,BMI2,FMA,LZCNT,PCLMUL,POPCNT,AvxVnni,SERIALIZE VectorSize=256
// Job: ShortRun(IterationCount=3, LaunchCount=1, WarmupCount=3)

OverheadJitting  1: 1 op, 229384.00 ns, 229.3840 us/op
WorkloadJitting  1: 1 op, 12512227.00 ns, 12.5122 ms/op

OverheadJitting  2: 16 op, 304079.00 ns, 19.0049 us/op
WorkloadJitting  2: 16 op, 5244810.00 ns, 327.8006 us/op

WorkloadPilot    1: 16 op, 4833516.00 ns, 302.0948 us/op
WorkloadPilot    2: 32 op, 9702885.00 ns, 303.2152 us/op
WorkloadPilot    3: 64 op, 19490630.00 ns, 304.5411 us/op
WorkloadPilot    4: 128 op, 38985703.00 ns, 304.5758 us/op
WorkloadPilot    5: 256 op, 78738000.00 ns, 307.5703 us/op
WorkloadPilot    6: 512 op, 70991536.00 ns, 138.6553 us/op
WorkloadPilot    7: 1024 op, 113657897.00 ns, 110.9940 us/op
WorkloadPilot    8: 2048 op, 227054753.00 ns, 110.8666 us/op
WorkloadPilot    9: 4096 op, 462344957.00 ns, 112.8772 us/op
WorkloadPilot   10: 8192 op, 904908057.00 ns, 110.4624 us/op

OverheadWarmup   1: 8192 op, 21428.00 ns, 2.6157 ns/op
OverheadWarmup   2: 8192 op, 19864.00 ns, 2.4248 ns/op
OverheadWarmup   3: 8192 op, 19723.00 ns, 2.4076 ns/op
OverheadWarmup   4: 8192 op, 19714.00 ns, 2.4065 ns/op
OverheadWarmup   5: 8192 op, 19875.00 ns, 2.4261 ns/op
OverheadWarmup   6: 8192 op, 19691.00 ns, 2.4037 ns/op
OverheadWarmup   7: 8192 op, 19684.00 ns, 2.4028 ns/op
OverheadWarmup   8: 8192 op, 19673.00 ns, 2.4015 ns/op
OverheadWarmup   9: 8192 op, 20119.00 ns, 2.4559 ns/op
OverheadWarmup  10: 8192 op, 19741.00 ns, 2.4098 ns/op

OverheadActual   1: 8192 op, 20187.00 ns, 2.4642 ns/op
OverheadActual   2: 8192 op, 19984.00 ns, 2.4395 ns/op
OverheadActual   3: 8192 op, 20024.00 ns, 2.4443 ns/op
OverheadActual   4: 8192 op, 20138.00 ns, 2.4583 ns/op
OverheadActual   5: 8192 op, 19998.00 ns, 2.4412 ns/op
OverheadActual   6: 8192 op, 19698.00 ns, 2.4045 ns/op
OverheadActual   7: 8192 op, 20338.00 ns, 2.4827 ns/op
OverheadActual   8: 8192 op, 19684.00 ns, 2.4028 ns/op
OverheadActual   9: 8192 op, 19698.00 ns, 2.4045 ns/op
OverheadActual  10: 8192 op, 19651.00 ns, 2.3988 ns/op
OverheadActual  11: 8192 op, 19655.00 ns, 2.3993 ns/op
OverheadActual  12: 8192 op, 19686.00 ns, 2.4031 ns/op
OverheadActual  13: 8192 op, 19626.00 ns, 2.3958 ns/op
OverheadActual  14: 8192 op, 21077.00 ns, 2.5729 ns/op
OverheadActual  15: 8192 op, 20278.00 ns, 2.4753 ns/op

WorkloadWarmup   1: 8192 op, 905936227.00 ns, 110.5879 us/op
WorkloadWarmup   2: 8192 op, 908854074.00 ns, 110.9441 us/op
WorkloadWarmup   3: 8192 op, 905195591.00 ns, 110.4975 us/op

// BeforeActualRun
WorkloadActual   1: 8192 op, 906023104.00 ns, 110.5985 us/op
WorkloadActual   2: 8192 op, 906897186.00 ns, 110.7052 us/op
WorkloadActual   3: 8192 op, 909708670.00 ns, 111.0484 us/op

// AfterActualRun
WorkloadResult   1: 8192 op, 906003120.00 ns, 110.5961 us/op
WorkloadResult   2: 8192 op, 906877202.00 ns, 110.7028 us/op
WorkloadResult   3: 8192 op, 909688686.00 ns, 111.0460 us/op
// GC:  0 0 0 1072 8192
// Threading:  0 0 8192

// AfterAll
// Benchmark Process 39154 has exited with code 0.

Mean = 110.782 μs, StdErr = 0.136 μs (0.12%), N = 3, StdDev = 0.235 μs
Min = 110.596 μs, Q1 = 110.649 μs, Median = 110.703 μs, Q3 = 110.874 μs, Max = 111.046 μs
IQR = 0.225 μs, LowerFence = 110.312 μs, UpperFence = 111.212 μs
ConfidenceInterval = [106.493 μs; 115.070 μs] (CI 99.9%), Margin = 4.289 μs (3.87% of Mean)
Skewness = 0.3, Kurtosis = 0.67, MValue = 2

// ** Remained 4 (40.0 %) benchmark(s) to run. Estimated finish 2026-08-28 19:46 (0h 0m from now) **
// **************************
// Benchmark: VmExecutionBenchmarks.MapFilterFold: ShortRun(IterationCount=3, LaunchCount=1, WarmupCount=3)
// *** Execute ***
// Launch: 1 / 1
// Execute: dotnet 1ee3e259-346b-4d3c-87bb-c6c266a9b0eb.dll --anonymousPipes 118 119 --benchmarkName VmExecutionBenchmarks.MapFilterFold --job ShortRun --benchmarkId 6 in /mnt/Shared/Projects/coflow/runtimes/csharp/Coflow.Cfd.Runtime.Benchmarks/bin/Release/net8.0/1ee3e259-346b-4d3c-87bb-c6c266a9b0eb/bin/Release/net10.0
// Failed to set up high priority (Permission denied). In order to run benchmarks with high priority, make sure you have the right permissions.
// BeforeAnythingElse

// Benchmark Process Environment Information:
// BenchmarkDotNet v0.14.0
// Runtime=.NET 10.0.2 (10.0.225.61305), X64 RyuJIT AVX2
// GC=Concurrent Workstation
// HardwareIntrinsics=AVX2,AES,BMI1,BMI2,FMA,LZCNT,PCLMUL,POPCNT,AvxVnni,SERIALIZE VectorSize=256
// Job: ShortRun(IterationCount=3, LaunchCount=1, WarmupCount=3)

OverheadJitting  1: 1 op, 230805.00 ns, 230.8050 us/op
WorkloadJitting  1: 1 op, 5953113.00 ns, 5.9531 ms/op

OverheadJitting  2: 16 op, 263680.00 ns, 16.4800 us/op
WorkloadJitting  2: 16 op, 584499.00 ns, 36.5312 us/op

WorkloadPilot    1: 16 op, 308553.00 ns, 19.2846 us/op
WorkloadPilot    2: 32 op, 560468.00 ns, 17.5146 us/op
WorkloadPilot    3: 64 op, 1153280.00 ns, 18.0200 us/op
WorkloadPilot    4: 128 op, 2312895.00 ns, 18.0695 us/op
WorkloadPilot    5: 256 op, 4614234.00 ns, 18.0244 us/op
WorkloadPilot    6: 512 op, 9421347.00 ns, 18.4011 us/op
WorkloadPilot    7: 1024 op, 18515361.00 ns, 18.0814 us/op
WorkloadPilot    8: 2048 op, 36328658.00 ns, 17.7386 us/op
WorkloadPilot    9: 4096 op, 75497619.00 ns, 18.4320 us/op
WorkloadPilot   10: 8192 op, 41009234.00 ns, 5.0060 us/op
WorkloadPilot   11: 16384 op, 53793633.00 ns, 3.2833 us/op
WorkloadPilot   12: 32768 op, 108904032.00 ns, 3.3235 us/op
WorkloadPilot   13: 65536 op, 222880989.00 ns, 3.4009 us/op
WorkloadPilot   14: 131072 op, 423899808.00 ns, 3.2341 us/op
WorkloadPilot   15: 262144 op, 847644255.00 ns, 3.2335 us/op

OverheadWarmup   1: 262144 op, 631930.00 ns, 2.4106 ns/op
OverheadWarmup   2: 262144 op, 622644.00 ns, 2.3752 ns/op
OverheadWarmup   3: 262144 op, 622357.00 ns, 2.3741 ns/op
OverheadWarmup   4: 262144 op, 623563.00 ns, 2.3787 ns/op
OverheadWarmup   5: 262144 op, 628848.00 ns, 2.3989 ns/op
OverheadWarmup   6: 262144 op, 626721.00 ns, 2.3908 ns/op
OverheadWarmup   7: 262144 op, 631004.00 ns, 2.4071 ns/op
OverheadWarmup   8: 262144 op, 625800.00 ns, 2.3872 ns/op

OverheadActual   1: 262144 op, 622551.00 ns, 2.3748 ns/op
OverheadActual   2: 262144 op, 639247.00 ns, 2.4385 ns/op
OverheadActual   3: 262144 op, 645256.00 ns, 2.4615 ns/op
OverheadActual   4: 262144 op, 638730.00 ns, 2.4366 ns/op
OverheadActual   5: 262144 op, 646206.00 ns, 2.4651 ns/op
OverheadActual   6: 262144 op, 623050.00 ns, 2.3767 ns/op
OverheadActual   7: 262144 op, 630409.00 ns, 2.4048 ns/op
OverheadActual   8: 262144 op, 626511.00 ns, 2.3899 ns/op
OverheadActual   9: 262144 op, 644298.00 ns, 2.4578 ns/op
OverheadActual  10: 262144 op, 629672.00 ns, 2.4020 ns/op
OverheadActual  11: 262144 op, 633854.00 ns, 2.4180 ns/op
OverheadActual  12: 262144 op, 625314.00 ns, 2.3854 ns/op
OverheadActual  13: 262144 op, 620456.00 ns, 2.3669 ns/op
OverheadActual  14: 262144 op, 626155.00 ns, 2.3886 ns/op
OverheadActual  15: 262144 op, 627366.00 ns, 2.3932 ns/op

WorkloadWarmup   1: 262144 op, 843153490.00 ns, 3.2164 us/op
WorkloadWarmup   2: 262144 op, 836716227.00 ns, 3.1918 us/op
WorkloadWarmup   3: 262144 op, 835005496.00 ns, 3.1853 us/op

// BeforeActualRun
WorkloadActual   1: 262144 op, 834033851.00 ns, 3.1816 us/op
WorkloadActual   2: 262144 op, 827105736.00 ns, 3.1552 us/op
WorkloadActual   3: 262144 op, 825641715.00 ns, 3.1496 us/op

// AfterActualRun
WorkloadResult   1: 262144 op, 833404179.00 ns, 3.1792 us/op
WorkloadResult   2: 262144 op, 826476064.00 ns, 3.1528 us/op
WorkloadResult   3: 262144 op, 825012043.00 ns, 3.1472 us/op
// GC:  10 0 0 125829184 262144
// Threading:  0 0 262144

// AfterAll
// Benchmark Process 39176 has exited with code 0.

Mean = 3.160 μs, StdErr = 0.010 μs (0.31%), N = 3, StdDev = 0.017 μs
Min = 3.147 μs, Q1 = 3.150 μs, Median = 3.153 μs, Q3 = 3.166 μs, Max = 3.179 μs
IQR = 0.016 μs, LowerFence = 3.126 μs, UpperFence = 3.190 μs
ConfidenceInterval = [2.848 μs; 3.472 μs] (CI 99.9%), Margin = 0.312 μs (9.87% of Mean)
Skewness = 0.34, Kurtosis = 0.67, MValue = 2

// ** Remained 3 (30.0 %) benchmark(s) to run. Estimated finish 2026-08-28 19:46 (0h 0m from now) **
// **************************
// Benchmark: VmExecutionBenchmarks.CfdToHost: ShortRun(IterationCount=3, LaunchCount=1, WarmupCount=3)
// *** Execute ***
// Launch: 1 / 1
// Execute: dotnet 1ee3e259-346b-4d3c-87bb-c6c266a9b0eb.dll --anonymousPipes 118 119 --benchmarkName VmExecutionBenchmarks.CfdToHost --job ShortRun --benchmarkId 7 in /mnt/Shared/Projects/coflow/runtimes/csharp/Coflow.Cfd.Runtime.Benchmarks/bin/Release/net8.0/1ee3e259-346b-4d3c-87bb-c6c266a9b0eb/bin/Release/net10.0
// Failed to set up high priority (Permission denied). In order to run benchmarks with high priority, make sure you have the right permissions.
// BeforeAnythingElse

// Benchmark Process Environment Information:
// BenchmarkDotNet v0.14.0
// Runtime=.NET 10.0.2 (10.0.225.61305), X64 RyuJIT AVX2
// GC=Concurrent Workstation
// HardwareIntrinsics=AVX2,AES,BMI1,BMI2,FMA,LZCNT,PCLMUL,POPCNT,AvxVnni,SERIALIZE VectorSize=256
// Job: ShortRun(IterationCount=3, LaunchCount=1, WarmupCount=3)

OverheadJitting  1: 1 op, 224939.00 ns, 224.9390 us/op
WorkloadJitting  1: 1 op, 3068746.00 ns, 3.0687 ms/op

OverheadJitting  2: 16 op, 267635.00 ns, 16.7272 us/op
WorkloadJitting  2: 16 op, 283835.00 ns, 17.7397 us/op

WorkloadPilot    1: 16 op, 12496.00 ns, 781.0000 ns/op
WorkloadPilot    2: 32 op, 18405.00 ns, 575.1563 ns/op
WorkloadPilot    3: 64 op, 27360.00 ns, 427.5000 ns/op
WorkloadPilot    4: 128 op, 51781.00 ns, 404.5391 ns/op
WorkloadPilot    5: 256 op, 98368.00 ns, 384.2500 ns/op
WorkloadPilot    6: 512 op, 192872.00 ns, 376.7031 ns/op
WorkloadPilot    7: 1024 op, 390081.00 ns, 380.9385 ns/op
WorkloadPilot    8: 2048 op, 764264.00 ns, 373.1758 ns/op
WorkloadPilot    9: 4096 op, 1524584.00 ns, 372.2129 ns/op
WorkloadPilot   10: 8192 op, 3594861.00 ns, 438.8258 ns/op
WorkloadPilot   11: 16384 op, 6728864.00 ns, 410.6973 ns/op
WorkloadPilot   12: 32768 op, 12923026.00 ns, 394.3795 ns/op
WorkloadPilot   13: 65536 op, 25314246.00 ns, 386.2647 ns/op
WorkloadPilot   14: 131072 op, 49953300.00 ns, 381.1134 ns/op
WorkloadPilot   15: 262144 op, 65311792.00 ns, 249.1447 ns/op
WorkloadPilot   16: 524288 op, 39870984.00 ns, 76.0479 ns/op
WorkloadPilot   17: 1048576 op, 79861510.00 ns, 76.1619 ns/op
WorkloadPilot   18: 2097152 op, 159749271.00 ns, 76.1744 ns/op
WorkloadPilot   19: 4194304 op, 319148174.00 ns, 76.0909 ns/op
WorkloadPilot   20: 8388608 op, 638821065.00 ns, 76.1534 ns/op

OverheadWarmup   1: 8388608 op, 19927857.00 ns, 2.3756 ns/op
OverheadWarmup   2: 8388608 op, 19901475.00 ns, 2.3724 ns/op
OverheadWarmup   3: 8388608 op, 19917189.00 ns, 2.3743 ns/op
OverheadWarmup   4: 8388608 op, 19892827.00 ns, 2.3714 ns/op
OverheadWarmup   5: 8388608 op, 19941249.00 ns, 2.3772 ns/op
OverheadWarmup   6: 8388608 op, 19898556.00 ns, 2.3721 ns/op

OverheadActual   1: 8388608 op, 19916888.00 ns, 2.3743 ns/op
OverheadActual   2: 8388608 op, 19955560.00 ns, 2.3789 ns/op
OverheadActual   3: 8388608 op, 19925346.00 ns, 2.3753 ns/op
OverheadActual   4: 8388608 op, 19940401.00 ns, 2.3771 ns/op
OverheadActual   5: 8388608 op, 19905582.00 ns, 2.3729 ns/op
OverheadActual   6: 8388608 op, 19941647.00 ns, 2.3772 ns/op
OverheadActual   7: 8388608 op, 20084176.00 ns, 2.3942 ns/op
OverheadActual   8: 8388608 op, 19996355.00 ns, 2.3838 ns/op
OverheadActual   9: 8388608 op, 19918938.00 ns, 2.3745 ns/op
OverheadActual  10: 8388608 op, 19920352.00 ns, 2.3747 ns/op
OverheadActual  11: 8388608 op, 19956281.00 ns, 2.3790 ns/op
OverheadActual  12: 8388608 op, 19920708.00 ns, 2.3747 ns/op
OverheadActual  13: 8388608 op, 17075543.00 ns, 2.0356 ns/op
OverheadActual  14: 8388608 op, 15673307.00 ns, 1.8684 ns/op
OverheadActual  15: 8388608 op, 15780090.00 ns, 1.8811 ns/op
OverheadActual  16: 8388608 op, 15669017.00 ns, 1.8679 ns/op
OverheadActual  17: 8388608 op, 15717653.00 ns, 1.8737 ns/op
OverheadActual  18: 8388608 op, 15671177.00 ns, 1.8681 ns/op
OverheadActual  19: 8388608 op, 15754686.00 ns, 1.8781 ns/op
OverheadActual  20: 8388608 op, 15677825.00 ns, 1.8689 ns/op

WorkloadWarmup   1: 8388608 op, 640162927.00 ns, 76.3134 ns/op
WorkloadWarmup   2: 8388608 op, 642936082.00 ns, 76.6440 ns/op
WorkloadWarmup   3: 8388608 op, 645548246.00 ns, 76.9553 ns/op

// BeforeActualRun
WorkloadActual   1: 8388608 op, 642172360.00 ns, 76.5529 ns/op
WorkloadActual   2: 8388608 op, 642166626.00 ns, 76.5522 ns/op
WorkloadActual   3: 8388608 op, 656489680.00 ns, 78.2597 ns/op

// AfterActualRun
WorkloadResult   1: 8388608 op, 622254447.00 ns, 74.1785 ns/op
WorkloadResult   2: 8388608 op, 622248713.00 ns, 74.1778 ns/op
WorkloadResult   3: 8388608 op, 636571767.00 ns, 75.8853 ns/op
// GC:  0 0 0 736 8388608
// Threading:  0 0 8388608

// AfterAll
// Benchmark Process 39222 has exited with code 0.

Mean = 74.747 ns, StdErr = 0.569 ns (0.76%), N = 3, StdDev = 0.986 ns
Min = 74.178 ns, Q1 = 74.178 ns, Median = 74.179 ns, Q3 = 75.032 ns, Max = 75.885 ns
IQR = 0.854 ns, LowerFence = 72.898 ns, UpperFence = 76.312 ns
ConfidenceInterval = [56.766 ns; 92.728 ns] (CI 99.9%), Margin = 17.981 ns (24.06% of Mean)
Skewness = 0.38, Kurtosis = 0.67, MValue = 2

// ** Remained 2 (20.0 %) benchmark(s) to run. Estimated finish 2026-08-28 19:46 (0h 0m from now) **
// **************************
// Benchmark: VmExecutionBenchmarks.VmHostVmClosure: ShortRun(IterationCount=3, LaunchCount=1, WarmupCount=3)
// *** Execute ***
// Launch: 1 / 1
// Execute: dotnet 1ee3e259-346b-4d3c-87bb-c6c266a9b0eb.dll --anonymousPipes 118 119 --benchmarkName VmExecutionBenchmarks.VmHostVmClosure --job ShortRun --benchmarkId 8 in /mnt/Shared/Projects/coflow/runtimes/csharp/Coflow.Cfd.Runtime.Benchmarks/bin/Release/net8.0/1ee3e259-346b-4d3c-87bb-c6c266a9b0eb/bin/Release/net10.0
// Failed to set up high priority (Permission denied). In order to run benchmarks with high priority, make sure you have the right permissions.
// BeforeAnythingElse

// Benchmark Process Environment Information:
// BenchmarkDotNet v0.14.0
// Runtime=.NET 10.0.2 (10.0.225.61305), X64 RyuJIT AVX2
// GC=Concurrent Workstation
// HardwareIntrinsics=AVX2,AES,BMI1,BMI2,FMA,LZCNT,PCLMUL,POPCNT,AvxVnni,SERIALIZE VectorSize=256
// Job: ShortRun(IterationCount=3, LaunchCount=1, WarmupCount=3)

OverheadJitting  1: 1 op, 251163.00 ns, 251.1630 us/op
WorkloadJitting  1: 1 op, 6801507.00 ns, 6.8015 ms/op

OverheadJitting  2: 16 op, 325373.00 ns, 20.3358 us/op
WorkloadJitting  2: 16 op, 428157.00 ns, 26.7598 us/op

WorkloadPilot    1: 16 op, 77951.00 ns, 4.8719 us/op
WorkloadPilot    2: 32 op, 116363.00 ns, 3.6363 us/op
WorkloadPilot    3: 64 op, 198975.00 ns, 3.1090 us/op
WorkloadPilot    4: 128 op, 383381.00 ns, 2.9952 us/op
WorkloadPilot    5: 256 op, 747734.00 ns, 2.9208 us/op
WorkloadPilot    6: 512 op, 1460330.00 ns, 2.8522 us/op
WorkloadPilot    7: 1024 op, 2843670.00 ns, 2.7770 us/op
WorkloadPilot    8: 2048 op, 5660805.00 ns, 2.7641 us/op
WorkloadPilot    9: 4096 op, 11562818.00 ns, 2.8230 us/op
WorkloadPilot   10: 8192 op, 24801825.00 ns, 3.0276 us/op
WorkloadPilot   11: 16384 op, 46682780.00 ns, 2.8493 us/op
WorkloadPilot   12: 32768 op, 80028146.00 ns, 2.4423 us/op
WorkloadPilot   13: 65536 op, 63540853.00 ns, 969.5565 ns/op
WorkloadPilot   14: 131072 op, 120346222.00 ns, 918.1688 ns/op
WorkloadPilot   15: 262144 op, 240402920.00 ns, 917.0644 ns/op
WorkloadPilot   16: 524288 op, 485633623.00 ns, 926.2726 ns/op
WorkloadPilot   17: 1048576 op, 1026790979.00 ns, 979.2242 ns/op

OverheadWarmup   1: 1048576 op, 2807839.00 ns, 2.6778 ns/op
OverheadWarmup   2: 1048576 op, 2700466.00 ns, 2.5754 ns/op
OverheadWarmup   3: 1048576 op, 2713161.00 ns, 2.5875 ns/op
OverheadWarmup   4: 1048576 op, 2576281.00 ns, 2.4569 ns/op
OverheadWarmup   5: 1048576 op, 2569668.00 ns, 2.4506 ns/op
OverheadWarmup   6: 1048576 op, 2585761.00 ns, 2.4660 ns/op
OverheadWarmup   7: 1048576 op, 2570823.00 ns, 2.4517 ns/op

OverheadActual   1: 1048576 op, 2510543.00 ns, 2.3942 ns/op
OverheadActual   2: 1048576 op, 2561883.00 ns, 2.4432 ns/op
OverheadActual   3: 1048576 op, 2635840.00 ns, 2.5137 ns/op
OverheadActual   4: 1048576 op, 2511276.00 ns, 2.3949 ns/op
OverheadActual   5: 1048576 op, 2508907.00 ns, 2.3927 ns/op
OverheadActual   6: 1048576 op, 2503541.00 ns, 2.3876 ns/op
OverheadActual   7: 1048576 op, 2503796.00 ns, 2.3878 ns/op
OverheadActual   8: 1048576 op, 2514325.00 ns, 2.3978 ns/op
OverheadActual   9: 1048576 op, 2505923.00 ns, 2.3898 ns/op
OverheadActual  10: 1048576 op, 2503000.00 ns, 2.3870 ns/op
OverheadActual  11: 1048576 op, 2507675.00 ns, 2.3915 ns/op
OverheadActual  12: 1048576 op, 2510240.00 ns, 2.3940 ns/op
OverheadActual  13: 1048576 op, 2504163.00 ns, 2.3882 ns/op
OverheadActual  14: 1048576 op, 2543615.00 ns, 2.4258 ns/op
OverheadActual  15: 1048576 op, 2504222.00 ns, 2.3882 ns/op

WorkloadWarmup   1: 1048576 op, 1013258559.00 ns, 966.3187 ns/op
WorkloadWarmup   2: 1048576 op, 1015255055.00 ns, 968.2227 ns/op
WorkloadWarmup   3: 1048576 op, 1008660317.00 ns, 961.9334 ns/op

// BeforeActualRun
WorkloadActual   1: 1048576 op, 1016796988.00 ns, 969.6932 ns/op
WorkloadActual   2: 1048576 op, 1011599456.00 ns, 964.7364 ns/op
WorkloadActual   3: 1048576 op, 1011388979.00 ns, 964.5357 ns/op

// AfterActualRun
WorkloadResult   1: 1048576 op, 1014288081.00 ns, 967.3005 ns/op
WorkloadResult   2: 1048576 op, 1009090549.00 ns, 962.3437 ns/op
WorkloadResult   3: 1048576 op, 1008880072.00 ns, 962.1430 ns/op
// GC:  20 1 1 269489664 1048576
// Threading:  0 0 1048576

// AfterAll
// Benchmark Process 39446 has exited with code 0.

Mean = 963.929 ns, StdErr = 1.687 ns (0.17%), N = 3, StdDev = 2.921 ns
Min = 962.143 ns, Q1 = 962.243 ns, Median = 962.344 ns, Q3 = 964.822 ns, Max = 967.300 ns
IQR = 2.579 ns, LowerFence = 958.375 ns, UpperFence = 968.690 ns
ConfidenceInterval = [910.631 ns; 1,017.227 ns] (CI 99.9%), Margin = 53.298 ns (5.53% of Mean)
Skewness = 0.38, Kurtosis = 0.67, MValue = 2

// ** Remained 1 (10.0 %) benchmark(s) to run. Estimated finish 2026-08-28 19:46 (0h 0m from now) **
// **************************
// Benchmark: VmExecutionBenchmarks.ReturnedVmClosure: ShortRun(IterationCount=3, LaunchCount=1, WarmupCount=3)
// *** Execute ***
// Launch: 1 / 1
// Execute: dotnet 1ee3e259-346b-4d3c-87bb-c6c266a9b0eb.dll --anonymousPipes 118 119 --benchmarkName VmExecutionBenchmarks.ReturnedVmClosure --job ShortRun --benchmarkId 9 in /mnt/Shared/Projects/coflow/runtimes/csharp/Coflow.Cfd.Runtime.Benchmarks/bin/Release/net8.0/1ee3e259-346b-4d3c-87bb-c6c266a9b0eb/bin/Release/net10.0
// Failed to set up high priority (Permission denied). In order to run benchmarks with high priority, make sure you have the right permissions.
// BeforeAnythingElse

// Benchmark Process Environment Information:
// BenchmarkDotNet v0.14.0
// Runtime=.NET 10.0.2 (10.0.225.61305), X64 RyuJIT AVX2
// GC=Concurrent Workstation
// HardwareIntrinsics=AVX2,AES,BMI1,BMI2,FMA,LZCNT,PCLMUL,POPCNT,AvxVnni,SERIALIZE VectorSize=256
// Job: ShortRun(IterationCount=3, LaunchCount=1, WarmupCount=3)

OverheadJitting  1: 1 op, 270990.00 ns, 270.9900 us/op
WorkloadJitting  1: 1 op, 2415371.00 ns, 2.4154 ms/op

OverheadJitting  2: 16 op, 274224.00 ns, 17.1390 us/op
WorkloadJitting  2: 16 op, 331978.00 ns, 20.7486 us/op

WorkloadPilot    1: 16 op, 19587.00 ns, 1.2242 us/op
WorkloadPilot    2: 32 op, 29624.00 ns, 925.7500 ns/op
WorkloadPilot    3: 64 op, 50837.00 ns, 794.3281 ns/op
WorkloadPilot    4: 128 op, 95107.00 ns, 743.0234 ns/op
WorkloadPilot    5: 256 op, 180763.00 ns, 706.1055 ns/op
WorkloadPilot    6: 512 op, 363986.00 ns, 710.9102 ns/op
WorkloadPilot    7: 1024 op, 717031.00 ns, 700.2256 ns/op
WorkloadPilot    8: 2048 op, 1426514.00 ns, 696.5400 ns/op
WorkloadPilot    9: 4096 op, 3081318.00 ns, 752.2749 ns/op
WorkloadPilot   10: 8192 op, 6446490.00 ns, 786.9250 ns/op
WorkloadPilot   11: 16384 op, 12277420.00 ns, 749.3542 ns/op
WorkloadPilot   12: 32768 op, 23685076.00 ns, 722.8112 ns/op
WorkloadPilot   13: 65536 op, 46831456.00 ns, 714.5913 ns/op
WorkloadPilot   14: 131072 op, 92918944.00 ns, 708.9153 ns/op
WorkloadPilot   15: 262144 op, 88468462.00 ns, 337.4804 ns/op
WorkloadPilot   16: 524288 op, 55362672.00 ns, 105.5959 ns/op
WorkloadPilot   17: 1048576 op, 108656429.00 ns, 103.6228 ns/op
WorkloadPilot   18: 2097152 op, 218112336.00 ns, 104.0041 ns/op
WorkloadPilot   19: 4194304 op, 436378980.00 ns, 104.0409 ns/op
WorkloadPilot   20: 8388608 op, 872003327.00 ns, 103.9509 ns/op

OverheadWarmup   1: 8388608 op, 20039363.00 ns, 2.3889 ns/op
OverheadWarmup   2: 8388608 op, 20043231.00 ns, 2.3893 ns/op
OverheadWarmup   3: 8388608 op, 20044643.00 ns, 2.3895 ns/op
OverheadWarmup   4: 8388608 op, 20048324.00 ns, 2.3899 ns/op
OverheadWarmup   5: 8388608 op, 20041034.00 ns, 2.3891 ns/op
OverheadWarmup   6: 8388608 op, 20031508.00 ns, 2.3879 ns/op
OverheadWarmup   7: 8388608 op, 20039957.00 ns, 2.3889 ns/op
OverheadWarmup   8: 8388608 op, 20039366.00 ns, 2.3889 ns/op

OverheadActual   1: 8388608 op, 20051604.00 ns, 2.3903 ns/op
OverheadActual   2: 8388608 op, 20039469.00 ns, 2.3889 ns/op
OverheadActual   3: 8388608 op, 20039891.00 ns, 2.3889 ns/op
OverheadActual   4: 8388608 op, 20044339.00 ns, 2.3895 ns/op
OverheadActual   5: 8388608 op, 20040463.00 ns, 2.3890 ns/op
OverheadActual   6: 8388608 op, 20039897.00 ns, 2.3889 ns/op
OverheadActual   7: 8388608 op, 20042029.00 ns, 2.3892 ns/op
OverheadActual   8: 8388608 op, 20031365.00 ns, 2.3879 ns/op
OverheadActual   9: 8388608 op, 20037236.00 ns, 2.3886 ns/op
OverheadActual  10: 8388608 op, 20039522.00 ns, 2.3889 ns/op
OverheadActual  11: 8388608 op, 16735115.00 ns, 1.9950 ns/op
OverheadActual  12: 8388608 op, 15973029.00 ns, 1.9041 ns/op
OverheadActual  13: 8388608 op, 15849860.00 ns, 1.8895 ns/op
OverheadActual  14: 8388608 op, 15833004.00 ns, 1.8874 ns/op
OverheadActual  15: 8388608 op, 15794694.00 ns, 1.8829 ns/op
OverheadActual  16: 8388608 op, 15829053.00 ns, 1.8870 ns/op
OverheadActual  17: 8388608 op, 15796419.00 ns, 1.8831 ns/op
OverheadActual  18: 8388608 op, 15863240.00 ns, 1.8910 ns/op
OverheadActual  19: 8388608 op, 15808688.00 ns, 1.8845 ns/op
OverheadActual  20: 8388608 op, 15848883.00 ns, 1.8893 ns/op

WorkloadWarmup   1: 8388608 op, 870289604.00 ns, 103.7466 ns/op
WorkloadWarmup   2: 8388608 op, 871335595.00 ns, 103.8713 ns/op
WorkloadWarmup   3: 8388608 op, 869742361.00 ns, 103.6814 ns/op

// BeforeActualRun
WorkloadActual   1: 8388608 op, 869129919.00 ns, 103.6084 ns/op
WorkloadActual   2: 8388608 op, 870582132.00 ns, 103.7815 ns/op
WorkloadActual   3: 8388608 op, 871805372.00 ns, 103.9273 ns/op

// AfterActualRun
WorkloadResult   1: 8388608 op, 850746679.00 ns, 101.4169 ns/op
WorkloadResult   2: 8388608 op, 852198892.00 ns, 101.5900 ns/op
WorkloadResult   3: 8388608 op, 853422132.00 ns, 101.7358 ns/op
// GC:  0 0 0 64 8388608
// Threading:  0 0 8388608

// AfterAll
// Benchmark Process 39569 has exited with code 0.

Mean = 101.581 ns, StdErr = 0.092 ns (0.09%), N = 3, StdDev = 0.160 ns
Min = 101.417 ns, Q1 = 101.503 ns, Median = 101.590 ns, Q3 = 101.663 ns, Max = 101.736 ns
IQR = 0.159 ns, LowerFence = 101.264 ns, UpperFence = 101.902 ns
ConfidenceInterval = [98.668 ns; 104.494 ns] (CI 99.9%), Margin = 2.913 ns (2.87% of Mean)
Skewness = -0.06, Kurtosis = 0.67, MValue = 2

// ** Remained 0 (0.0 %) benchmark(s) to run. Estimated finish 2026-08-28 19:46 (0h 0m from now) **
// ***** BenchmarkRunner: Finish  *****

// * Export *
  BenchmarkDotNet.Artifacts/results/VmExecutionBenchmarks-report.csv
  BenchmarkDotNet.Artifacts/results/VmExecutionBenchmarks-report-github.md
  BenchmarkDotNet.Artifacts/results/VmExecutionBenchmarks-report.html

// * Detailed results *
VmExecutionBenchmarks.IntegerLoop: ShortRun(IterationCount=3, LaunchCount=1, WarmupCount=3)
Runtime = .NET 10.0.2 (10.0.225.61305), X64 RyuJIT AVX2; GC = Concurrent Workstation
Mean = 87.142 μs, StdErr = 0.083 μs (0.10%), N = 3, StdDev = 0.144 μs
Min = 87.050 μs, Q1 = 87.059 μs, Median = 87.068 μs, Q3 = 87.188 μs, Max = 87.308 μs
IQR = 0.129 μs, LowerFence = 86.866 μs, UpperFence = 87.381 μs
ConfidenceInterval = [84.517 μs; 89.766 μs] (CI 99.9%), Margin = 2.625 μs (3.01% of Mean)
Skewness = 0.38, Kurtosis = 0.67, MValue = 2
-------------------- Histogram --------------------
[87.048 μs ; 87.310 μs) | @@@
---------------------------------------------------

VmExecutionBenchmarks.FloatLoop: ShortRun(IterationCount=3, LaunchCount=1, WarmupCount=3)
Runtime = .NET 10.0.2 (10.0.225.61305), X64 RyuJIT AVX2; GC = Concurrent Workstation
Mean = 85.850 μs, StdErr = 0.133 μs (0.16%), N = 3, StdDev = 0.231 μs
Min = 85.656 μs, Q1 = 85.722 μs, Median = 85.789 μs, Q3 = 85.947 μs, Max = 86.105 μs
IQR = 0.225 μs, LowerFence = 85.386 μs, UpperFence = 86.284 μs
ConfidenceInterval = [81.643 μs; 90.057 μs] (CI 99.9%), Margin = 4.207 μs (4.90% of Mean)
Skewness = 0.24, Kurtosis = 0.67, MValue = 2
-------------------- Histogram --------------------
[85.446 μs ; 86.315 μs) | @@@
---------------------------------------------------

VmExecutionBenchmarks.DirectCfdCallChain: ShortRun(IterationCount=3, LaunchCount=1, WarmupCount=3)
Runtime = .NET 10.0.2 (10.0.225.61305), X64 RyuJIT AVX2; GC = Concurrent Workstation
Mean = 257.506 ns, StdErr = 0.670 ns (0.26%), N = 3, StdDev = 1.160 ns
Min = 256.768 ns, Q1 = 256.837 ns, Median = 256.906 ns, Q3 = 257.874 ns, Max = 258.843 ns
IQR = 1.037 ns, LowerFence = 255.281 ns, UpperFence = 259.430 ns
ConfidenceInterval = [236.342 ns; 278.670 ns] (CI 99.9%), Margin = 21.164 ns (8.22% of Mean)
Skewness = 0.38, Kurtosis = 0.67, MValue = 2
-------------------- Histogram --------------------
[256.750 ns ; 258.861 ns) | @@@
---------------------------------------------------

VmExecutionBenchmarks.TailRecursion: ShortRun(IterationCount=3, LaunchCount=1, WarmupCount=3)
Runtime = .NET 10.0.2 (10.0.225.61305), X64 RyuJIT AVX2; GC = Concurrent Workstation
Mean = 43.103 μs, StdErr = 0.036 μs (0.08%), N = 3, StdDev = 0.062 μs
Min = 43.056 μs, Q1 = 43.069 μs, Median = 43.082 μs, Q3 = 43.127 μs, Max = 43.173 μs
IQR = 0.059 μs, LowerFence = 42.981 μs, UpperFence = 43.215 μs
ConfidenceInterval = [41.980 μs; 44.227 μs] (CI 99.9%), Margin = 1.124 μs (2.61% of Mean)
Skewness = 0.31, Kurtosis = 0.67, MValue = 2
-------------------- Histogram --------------------
[43.000 μs ; 43.229 μs) | @@@
---------------------------------------------------

VmExecutionBenchmarks.TailAccumulator: ShortRun(IterationCount=3, LaunchCount=1, WarmupCount=3)
Runtime = .NET 10.0.2 (10.0.225.61305), X64 RyuJIT AVX2; GC = Concurrent Workstation
Mean = 67.785 μs, StdErr = 0.037 μs (0.05%), N = 3, StdDev = 0.064 μs
Min = 67.735 μs, Q1 = 67.749 μs, Median = 67.763 μs, Q3 = 67.811 μs, Max = 67.858 μs
IQR = 0.062 μs, LowerFence = 67.657 μs, UpperFence = 67.903 μs
ConfidenceInterval = [66.611 μs; 68.960 μs] (CI 99.9%), Margin = 1.174 μs (1.73% of Mean)
Skewness = 0.3, Kurtosis = 0.67, MValue = 2
-------------------- Histogram --------------------
[67.676 μs ; 67.916 μs) | @@@
---------------------------------------------------

VmExecutionBenchmarks.GeneratedFieldRead: ShortRun(IterationCount=3, LaunchCount=1, WarmupCount=3)
Runtime = .NET 10.0.2 (10.0.225.61305), X64 RyuJIT AVX2; GC = Concurrent Workstation
Mean = 110.782 μs, StdErr = 0.136 μs (0.12%), N = 3, StdDev = 0.235 μs
Min = 110.596 μs, Q1 = 110.649 μs, Median = 110.703 μs, Q3 = 110.874 μs, Max = 111.046 μs
IQR = 0.225 μs, LowerFence = 110.312 μs, UpperFence = 111.212 μs
ConfidenceInterval = [106.493 μs; 115.070 μs] (CI 99.9%), Margin = 4.289 μs (3.87% of Mean)
Skewness = 0.3, Kurtosis = 0.67, MValue = 2
-------------------- Histogram --------------------
[110.382 μs ; 111.260 μs) | @@@
---------------------------------------------------

VmExecutionBenchmarks.MapFilterFold: ShortRun(IterationCount=3, LaunchCount=1, WarmupCount=3)
Runtime = .NET 10.0.2 (10.0.225.61305), X64 RyuJIT AVX2; GC = Concurrent Workstation
Mean = 3.160 μs, StdErr = 0.010 μs (0.31%), N = 3, StdDev = 0.017 μs
Min = 3.147 μs, Q1 = 3.150 μs, Median = 3.153 μs, Q3 = 3.166 μs, Max = 3.179 μs
IQR = 0.016 μs, LowerFence = 3.126 μs, UpperFence = 3.190 μs
ConfidenceInterval = [2.848 μs; 3.472 μs] (CI 99.9%), Margin = 0.312 μs (9.87% of Mean)
Skewness = 0.34, Kurtosis = 0.67, MValue = 2
-------------------- Histogram --------------------
[3.132 μs ; 3.195 μs) | @@@
---------------------------------------------------

VmExecutionBenchmarks.CfdToHost: ShortRun(IterationCount=3, LaunchCount=1, WarmupCount=3)
Runtime = .NET 10.0.2 (10.0.225.61305), X64 RyuJIT AVX2; GC = Concurrent Workstation
Mean = 74.747 ns, StdErr = 0.569 ns (0.76%), N = 3, StdDev = 0.986 ns
Min = 74.178 ns, Q1 = 74.178 ns, Median = 74.179 ns, Q3 = 75.032 ns, Max = 75.885 ns
IQR = 0.854 ns, LowerFence = 72.898 ns, UpperFence = 76.312 ns
ConfidenceInterval = [56.766 ns; 92.728 ns] (CI 99.9%), Margin = 17.981 ns (24.06% of Mean)
Skewness = 0.38, Kurtosis = 0.67, MValue = 2
-------------------- Histogram --------------------
[74.135 ns ; 75.928 ns) | @@@
---------------------------------------------------

VmExecutionBenchmarks.VmHostVmClosure: ShortRun(IterationCount=3, LaunchCount=1, WarmupCount=3)
Runtime = .NET 10.0.2 (10.0.225.61305), X64 RyuJIT AVX2; GC = Concurrent Workstation
Mean = 963.929 ns, StdErr = 1.687 ns (0.17%), N = 3, StdDev = 2.921 ns
Min = 962.143 ns, Q1 = 962.243 ns, Median = 962.344 ns, Q3 = 964.822 ns, Max = 967.300 ns
IQR = 2.579 ns, LowerFence = 958.375 ns, UpperFence = 968.690 ns
ConfidenceInterval = [910.631 ns; 1,017.227 ns] (CI 99.9%), Margin = 53.298 ns (5.53% of Mean)
Skewness = 0.38, Kurtosis = 0.67, MValue = 2
-------------------- Histogram --------------------
[962.063 ns ; 967.380 ns) | @@@
---------------------------------------------------

VmExecutionBenchmarks.ReturnedVmClosure: ShortRun(IterationCount=3, LaunchCount=1, WarmupCount=3)
Runtime = .NET 10.0.2 (10.0.225.61305), X64 RyuJIT AVX2; GC = Concurrent Workstation
Mean = 101.581 ns, StdErr = 0.092 ns (0.09%), N = 3, StdDev = 0.160 ns
Min = 101.417 ns, Q1 = 101.503 ns, Median = 101.590 ns, Q3 = 101.663 ns, Max = 101.736 ns
IQR = 0.159 ns, LowerFence = 101.264 ns, UpperFence = 101.902 ns
ConfidenceInterval = [98.668 ns; 104.494 ns] (CI 99.9%), Margin = 2.913 ns (2.87% of Mean)
Skewness = -0.06, Kurtosis = 0.67, MValue = 2
-------------------- Histogram --------------------
[101.272 ns ; 101.881 ns) | @@@
---------------------------------------------------

// * Summary *

BenchmarkDotNet v0.14.0, Linux Mint 22.3 (Zena)
13th Gen Intel Core i5-13600KF, 1 CPU, 20 logical and 14 physical cores
.NET SDK 10.0.102
  [Host]   : .NET 10.0.2 (10.0.225.61305), X64 RyuJIT AVX2
  ShortRun : .NET 10.0.2 (10.0.225.61305), X64 RyuJIT AVX2

Job=ShortRun  IterationCount=3  LaunchCount=1  
WarmupCount=3  

| Method             | Mean          | Error        | StdDev     | Min           | Max           | Median        | Gen0   | Gen1   | Gen2   | Allocated |
|------------------- |--------------:|-------------:|-----------:|--------------:|--------------:|--------------:|-------:|-------:|-------:|----------:|
| IntegerLoop        |  87,141.78 ns | 2,624.618 ns | 143.864 ns |  87,050.17 ns |  87,307.59 ns |  87,067.57 ns |      - |      - |      - |         - |
| FloatLoop          |  85,849.85 ns | 4,207.224 ns | 230.612 ns |  85,655.50 ns |  86,104.68 ns |  85,789.38 ns |      - |      - |      - |         - |
| DirectCfdCallChain |     257.51 ns |    21.164 ns |   1.160 ns |     256.77 ns |     258.84 ns |     256.91 ns |      - |      - |      - |         - |
| TailRecursion      |  43,103.44 ns | 1,123.793 ns |  61.599 ns |  43,055.65 ns |  43,172.96 ns |  43,081.70 ns |      - |      - |      - |         - |
| TailAccumulator    |  67,785.35 ns | 1,174.178 ns |  64.361 ns |  67,734.77 ns |  67,857.79 ns |  67,763.47 ns |      - |      - |      - |         - |
| GeneratedFieldRead | 110,781.62 ns | 4,288.753 ns | 235.081 ns | 110,596.08 ns | 111,045.98 ns | 110,702.78 ns |      - |      - |      - |         - |
| MapFilterFold      |   3,159.70 ns |   311.973 ns |  17.100 ns |   3,147.17 ns |   3,179.18 ns |   3,152.76 ns | 0.0381 |      - |      - |     480 B |
| CfdToHost          |      74.75 ns |    17.981 ns |   0.986 ns |      74.18 ns |      75.89 ns |      74.18 ns |      - |      - |      - |         - |
| VmHostVmClosure    |     963.93 ns |    53.298 ns |   2.921 ns |     962.14 ns |     967.30 ns |     962.34 ns | 0.0191 | 0.0010 | 0.0010 |     257 B |
| ReturnedVmClosure  |     101.58 ns |     2.913 ns |   0.160 ns |     101.42 ns |     101.74 ns |     101.59 ns |      - |      - |      - |         - |

// * Legends *
  Mean      : Arithmetic mean of all measurements
  Error     : Half of 99.9% confidence interval
  StdDev    : Standard deviation of all measurements
  Min       : Minimum
  Max       : Maximum
  Median    : Value separating the higher half of all measurements (50th percentile)
  Gen0      : GC Generation 0 collects per 1000 operations
  Gen1      : GC Generation 1 collects per 1000 operations
  Gen2      : GC Generation 2 collects per 1000 operations
  Allocated : Allocated memory per single operation (managed only, inclusive, 1KB = 1024B)
  1 ns      : 1 Nanosecond (0.000000001 sec)

// * Diagnostic Output - MemoryDiagnoser *


// ***** BenchmarkRunner: End *****
Run time: 00:01:15 (75.47 sec), executed benchmarks: 10

Global total time: 00:01:38 (98.8 sec), executed benchmarks: 10
// * Artifacts cleanup *
Artifacts cleanup is finished
