// Validating benchmarks:
// ***** BenchmarkRunner: Start   *****
// ***** Found 10 benchmark(s) in total *****
// ***** Building 1 exe(s) in Parallel: Start   *****
Unable to find .sln or .csproj file. Will use current directory /mnt/Shared/Projects/coflow to search for project file. If you don't use .sln file on purpose it should not be a problem.
// start dotnet  restore /p:UseSharedCompilation=false /p:BuildInParallel=false /m:1 /p:Deterministic=true /p:Optimize=true /p:IntermediateOutputPath="/mnt/Shared/Projects/coflow/runtimes/csharp/Coflow.Cfd.Runtime.Benchmarks/bin/Release/net8.0/63cb3961-dbad-4be5-8742-74b21620a3e2/obj/Release/net10.0/" /p:OutDir="/mnt/Shared/Projects/coflow/runtimes/csharp/Coflow.Cfd.Runtime.Benchmarks/bin/Release/net8.0/63cb3961-dbad-4be5-8742-74b21620a3e2/bin/Release/net10.0/" /p:OutputPath="/mnt/Shared/Projects/coflow/runtimes/csharp/Coflow.Cfd.Runtime.Benchmarks/bin/Release/net8.0/63cb3961-dbad-4be5-8742-74b21620a3e2/bin/Release/net10.0/" in /mnt/Shared/Projects/coflow/runtimes/csharp/Coflow.Cfd.Runtime.Benchmarks/bin/Release/net8.0/63cb3961-dbad-4be5-8742-74b21620a3e2
// command took 3.08 sec and exited with 0
// start dotnet  build -c Release --no-restore /p:UseSharedCompilation=false /p:BuildInParallel=false /m:1 /p:Deterministic=true /p:Optimize=true /p:IntermediateOutputPath="/mnt/Shared/Projects/coflow/runtimes/csharp/Coflow.Cfd.Runtime.Benchmarks/bin/Release/net8.0/63cb3961-dbad-4be5-8742-74b21620a3e2/obj/Release/net10.0/" /p:OutDir="/mnt/Shared/Projects/coflow/runtimes/csharp/Coflow.Cfd.Runtime.Benchmarks/bin/Release/net8.0/63cb3961-dbad-4be5-8742-74b21620a3e2/bin/Release/net10.0/" /p:OutputPath="/mnt/Shared/Projects/coflow/runtimes/csharp/Coflow.Cfd.Runtime.Benchmarks/bin/Release/net8.0/63cb3961-dbad-4be5-8742-74b21620a3e2/bin/Release/net10.0/" --output "/mnt/Shared/Projects/coflow/runtimes/csharp/Coflow.Cfd.Runtime.Benchmarks/bin/Release/net8.0/63cb3961-dbad-4be5-8742-74b21620a3e2/bin/Release/net10.0/" in /mnt/Shared/Projects/coflow/runtimes/csharp/Coflow.Cfd.Runtime.Benchmarks/bin/Release/net8.0/63cb3961-dbad-4be5-8742-74b21620a3e2
// command took 16.65 sec and exited with 0
// ***** Done, took 00:00:24 (24.52 sec)   *****
// Found 10 benchmarks:
//   VmExecutionBenchmarks.IntegerLoop: ShortRun(IterationCount=3, LaunchCount=1, WarmupCount=3)
//   VmExecutionBenchmarks.FloatLoop: ShortRun(IterationCount=3, LaunchCount=1, WarmupCount=3)
//   VmExecutionBenchmarks.DirectCfdCallChain: ShortRun(IterationCount=3, LaunchCount=1, WarmupCount=3)
//   VmExecutionBenchmarks.TailRecursion: ShortRun(IterationCount=3, LaunchCount=1, WarmupCount=3)
//   VmExecutionBenchmarks.TailAccumulator: ShortRun(IterationCount=3, LaunchCount=1, WarmupCount=3)
//   VmExecutionBenchmarks.GeneratedFieldRead: ShortRun(IterationCount=3, LaunchCount=1, WarmupCount=3)
//   VmExecutionBenchmarks.MapFilterFold: ShortRun(IterationCount=3, LaunchCount=1, WarmupCount=3)
//   VmExecutionBenchmarks.CfdToHost: ShortRun(IterationCount=3, LaunchCount=1, WarmupCount=3)
//   VmExecutionBenchmarks.VmHostVmClosure: ShortRun(IterationCount=3, LaunchCount=1, WarmupCount=3)
//   VmExecutionBenchmarks.ReturnedVmClosure: ShortRun(IterationCount=3, LaunchCount=1, WarmupCount=3)

// **************************
// Benchmark: VmExecutionBenchmarks.IntegerLoop: ShortRun(IterationCount=3, LaunchCount=1, WarmupCount=3)
// *** Execute ***
// Launch: 1 / 1
// Execute: dotnet 63cb3961-dbad-4be5-8742-74b21620a3e2.dll --anonymousPipes 118 119 --benchmarkName VmExecutionBenchmarks.IntegerLoop --job ShortRun --benchmarkId 0 in /mnt/Shared/Projects/coflow/runtimes/csharp/Coflow.Cfd.Runtime.Benchmarks/bin/Release/net8.0/63cb3961-dbad-4be5-8742-74b21620a3e2/bin/Release/net10.0
// Failed to set up high priority (Permission denied). In order to run benchmarks with high priority, make sure you have the right permissions.
// BeforeAnythingElse

// Benchmark Process Environment Information:
// BenchmarkDotNet v0.14.0
// Runtime=.NET 10.0.2 (10.0.225.61305), X64 RyuJIT AVX2
// GC=Concurrent Workstation
// HardwareIntrinsics=AVX2,AES,BMI1,BMI2,FMA,LZCNT,PCLMUL,POPCNT,AvxVnni,SERIALIZE VectorSize=256
// Job: ShortRun(IterationCount=3, LaunchCount=1, WarmupCount=3)

OverheadJitting  1: 1 op, 229426.00 ns, 229.4260 us/op
WorkloadJitting  1: 1 op, 11316278.00 ns, 11.3163 ms/op

OverheadJitting  2: 16 op, 270495.00 ns, 16.9059 us/op
WorkloadJitting  2: 16 op, 4213980.00 ns, 263.3738 us/op

WorkloadPilot    1: 16 op, 3941394.00 ns, 246.3371 us/op
WorkloadPilot    2: 32 op, 7988224.00 ns, 249.6320 us/op
WorkloadPilot    3: 64 op, 15951107.00 ns, 249.2360 us/op
WorkloadPilot    4: 128 op, 31891272.00 ns, 249.1506 us/op
WorkloadPilot    5: 256 op, 63634182.00 ns, 248.5710 us/op
WorkloadPilot    6: 512 op, 95906190.00 ns, 187.3168 us/op
WorkloadPilot    7: 1024 op, 89423702.00 ns, 87.3278 us/op
WorkloadPilot    8: 2048 op, 184293085.00 ns, 89.9869 us/op
WorkloadPilot    9: 4096 op, 357614417.00 ns, 87.3082 us/op
WorkloadPilot   10: 8192 op, 713944961.00 ns, 87.1515 us/op

OverheadWarmup   1: 8192 op, 21320.00 ns, 2.6025 ns/op
OverheadWarmup   2: 8192 op, 24666.00 ns, 3.0110 ns/op
OverheadWarmup   3: 8192 op, 20541.00 ns, 2.5074 ns/op
OverheadWarmup   4: 8192 op, 19835.00 ns, 2.4213 ns/op
OverheadWarmup   5: 8192 op, 19992.00 ns, 2.4404 ns/op
OverheadWarmup   6: 8192 op, 19847.00 ns, 2.4227 ns/op

OverheadActual   1: 8192 op, 19977.00 ns, 2.4386 ns/op
OverheadActual   2: 8192 op, 20124.00 ns, 2.4565 ns/op
OverheadActual   3: 8192 op, 21259.00 ns, 2.5951 ns/op
OverheadActual   4: 8192 op, 20637.00 ns, 2.5192 ns/op
OverheadActual   5: 8192 op, 20485.00 ns, 2.5006 ns/op
OverheadActual   6: 8192 op, 20380.00 ns, 2.4878 ns/op
OverheadActual   7: 8192 op, 20363.00 ns, 2.4857 ns/op
OverheadActual   8: 8192 op, 20364.00 ns, 2.4858 ns/op
OverheadActual   9: 8192 op, 20324.00 ns, 2.4810 ns/op
OverheadActual  10: 8192 op, 21166.00 ns, 2.5837 ns/op
OverheadActual  11: 8192 op, 21051.00 ns, 2.5697 ns/op
OverheadActual  12: 8192 op, 20409.00 ns, 2.4913 ns/op
OverheadActual  13: 8192 op, 24536.00 ns, 2.9951 ns/op
OverheadActual  14: 8192 op, 20358.00 ns, 2.4851 ns/op
OverheadActual  15: 8192 op, 20360.00 ns, 2.4854 ns/op

WorkloadWarmup   1: 8192 op, 715824567.00 ns, 87.3809 us/op
WorkloadWarmup   2: 8192 op, 713748216.00 ns, 87.1275 us/op
WorkloadWarmup   3: 8192 op, 713863579.00 ns, 87.1416 us/op

// BeforeActualRun
WorkloadActual   1: 8192 op, 714742653.00 ns, 87.2489 us/op
WorkloadActual   2: 8192 op, 714046263.00 ns, 87.1639 us/op
WorkloadActual   3: 8192 op, 715444952.00 ns, 87.3346 us/op

// AfterActualRun
WorkloadResult   1: 8192 op, 714722273.00 ns, 87.2464 us/op
WorkloadResult   2: 8192 op, 714025883.00 ns, 87.1614 us/op
WorkloadResult   3: 8192 op, 715424572.00 ns, 87.3321 us/op
// GC:  0 0 0 1072 8192
// Threading:  0 0 8192

// AfterAll
// Benchmark Process 36251 has exited with code 0.

Mean = 87.247 μs, StdErr = 0.049 μs (0.06%), N = 3, StdDev = 0.085 μs
Min = 87.161 μs, Q1 = 87.204 μs, Median = 87.246 μs, Q3 = 87.289 μs, Max = 87.332 μs
IQR = 0.085 μs, LowerFence = 87.076 μs, UpperFence = 87.417 μs
ConfidenceInterval = [85.689 μs; 88.804 μs] (CI 99.9%), Margin = 1.557 μs (1.79% of Mean)
Skewness = 0, Kurtosis = 0.67, MValue = 2

// ** Remained 9 (90.0 %) benchmark(s) to run. Estimated finish 2026-08-28 19:44 (0h 1m from now) **
// **************************
// Benchmark: VmExecutionBenchmarks.FloatLoop: ShortRun(IterationCount=3, LaunchCount=1, WarmupCount=3)
// *** Execute ***
// Launch: 1 / 1
// Execute: dotnet 63cb3961-dbad-4be5-8742-74b21620a3e2.dll --anonymousPipes 118 119 --benchmarkName VmExecutionBenchmarks.FloatLoop --job ShortRun --benchmarkId 1 in /mnt/Shared/Projects/coflow/runtimes/csharp/Coflow.Cfd.Runtime.Benchmarks/bin/Release/net8.0/63cb3961-dbad-4be5-8742-74b21620a3e2/bin/Release/net10.0
// Failed to set up high priority (Permission denied). In order to run benchmarks with high priority, make sure you have the right permissions.
// BeforeAnythingElse

// Benchmark Process Environment Information:
// BenchmarkDotNet v0.14.0
// Runtime=.NET 10.0.2 (10.0.225.61305), X64 RyuJIT AVX2
// GC=Concurrent Workstation
// HardwareIntrinsics=AVX2,AES,BMI1,BMI2,FMA,LZCNT,PCLMUL,POPCNT,AvxVnni,SERIALIZE VectorSize=256
// Job: ShortRun(IterationCount=3, LaunchCount=1, WarmupCount=3)

OverheadJitting  1: 1 op, 236518.00 ns, 236.5180 us/op
WorkloadJitting  1: 1 op, 12915834.00 ns, 12.9158 ms/op

OverheadJitting  2: 16 op, 281296.00 ns, 17.5810 us/op
WorkloadJitting  2: 16 op, 4455441.00 ns, 278.4651 us/op

WorkloadPilot    1: 16 op, 4152639.00 ns, 259.5399 us/op
WorkloadPilot    2: 32 op, 8254301.00 ns, 257.9469 us/op
WorkloadPilot    3: 64 op, 16445399.00 ns, 256.9594 us/op
WorkloadPilot    4: 128 op, 32961665.00 ns, 257.5130 us/op
WorkloadPilot    5: 256 op, 65369202.00 ns, 255.3484 us/op
WorkloadPilot    6: 512 op, 70268225.00 ns, 137.2426 us/op
WorkloadPilot    7: 1024 op, 87524802.00 ns, 85.4734 us/op
WorkloadPilot    8: 2048 op, 174436905.00 ns, 85.1743 us/op
WorkloadPilot    9: 4096 op, 348948969.00 ns, 85.1926 us/op
WorkloadPilot   10: 8192 op, 698508844.00 ns, 85.2672 us/op

OverheadWarmup   1: 8192 op, 21222.00 ns, 2.5906 ns/op
OverheadWarmup   2: 8192 op, 19766.00 ns, 2.4128 ns/op
OverheadWarmup   3: 8192 op, 19900.00 ns, 2.4292 ns/op
OverheadWarmup   4: 8192 op, 19686.00 ns, 2.4031 ns/op
OverheadWarmup   5: 8192 op, 19965.00 ns, 2.4371 ns/op
OverheadWarmup   6: 8192 op, 19755.00 ns, 2.4115 ns/op

OverheadActual   1: 8192 op, 19937.00 ns, 2.4337 ns/op
OverheadActual   2: 8192 op, 20015.00 ns, 2.4432 ns/op
OverheadActual   3: 8192 op, 24538.00 ns, 2.9954 ns/op
OverheadActual   4: 8192 op, 19727.00 ns, 2.4081 ns/op
OverheadActual   5: 8192 op, 19873.00 ns, 2.4259 ns/op
OverheadActual   6: 8192 op, 19713.00 ns, 2.4064 ns/op
OverheadActual   7: 8192 op, 19688.00 ns, 2.4033 ns/op
OverheadActual   8: 8192 op, 20051.00 ns, 2.4476 ns/op
OverheadActual   9: 8192 op, 19686.00 ns, 2.4031 ns/op
OverheadActual  10: 8192 op, 19663.00 ns, 2.4003 ns/op
OverheadActual  11: 8192 op, 19979.00 ns, 2.4388 ns/op
OverheadActual  12: 8192 op, 19704.00 ns, 2.4053 ns/op
OverheadActual  13: 8192 op, 19642.00 ns, 2.3977 ns/op
OverheadActual  14: 8192 op, 23259.00 ns, 2.8392 ns/op
OverheadActual  15: 8192 op, 19633.00 ns, 2.3966 ns/op

WorkloadWarmup   1: 8192 op, 699162532.00 ns, 85.3470 us/op
WorkloadWarmup   2: 8192 op, 698040072.00 ns, 85.2100 us/op
WorkloadWarmup   3: 8192 op, 698596514.00 ns, 85.2779 us/op

// BeforeActualRun
WorkloadActual   1: 8192 op, 698724210.00 ns, 85.2935 us/op
WorkloadActual   2: 8192 op, 698198542.00 ns, 85.2293 us/op
WorkloadActual   3: 8192 op, 700980700.00 ns, 85.5689 us/op

// AfterActualRun
WorkloadResult   1: 8192 op, 698704483.00 ns, 85.2911 us/op
WorkloadResult   2: 8192 op, 698178815.00 ns, 85.2269 us/op
WorkloadResult   3: 8192 op, 700960973.00 ns, 85.5665 us/op
// GC:  0 0 0 64 8192
// Threading:  0 0 8192

// AfterAll
// Benchmark Process 36295 has exited with code 0.

Mean = 85.362 μs, StdErr = 0.104 μs (0.12%), N = 3, StdDev = 0.180 μs
Min = 85.227 μs, Q1 = 85.259 μs, Median = 85.291 μs, Q3 = 85.429 μs, Max = 85.567 μs
IQR = 0.170 μs, LowerFence = 85.004 μs, UpperFence = 85.684 μs
ConfidenceInterval = [82.070 μs; 88.653 μs] (CI 99.9%), Margin = 3.292 μs (3.86% of Mean)
Skewness = 0.33, Kurtosis = 0.67, MValue = 2

// ** Remained 8 (80.0 %) benchmark(s) to run. Estimated finish 2026-08-28 19:44 (0h 0m from now) **
// **************************
// Benchmark: VmExecutionBenchmarks.DirectCfdCallChain: ShortRun(IterationCount=3, LaunchCount=1, WarmupCount=3)
// *** Execute ***
// Launch: 1 / 1
// Execute: dotnet 63cb3961-dbad-4be5-8742-74b21620a3e2.dll --anonymousPipes 118 119 --benchmarkName VmExecutionBenchmarks.DirectCfdCallChain --job ShortRun --benchmarkId 2 in /mnt/Shared/Projects/coflow/runtimes/csharp/Coflow.Cfd.Runtime.Benchmarks/bin/Release/net8.0/63cb3961-dbad-4be5-8742-74b21620a3e2/bin/Release/net10.0
// Failed to set up high priority (Permission denied). In order to run benchmarks with high priority, make sure you have the right permissions.
// BeforeAnythingElse

// Benchmark Process Environment Information:
// BenchmarkDotNet v0.14.0
// Runtime=.NET 10.0.2 (10.0.225.61305), X64 RyuJIT AVX2
// GC=Concurrent Workstation
// HardwareIntrinsics=AVX2,AES,BMI1,BMI2,FMA,LZCNT,PCLMUL,POPCNT,AvxVnni,SERIALIZE VectorSize=256
// Job: ShortRun(IterationCount=3, LaunchCount=1, WarmupCount=3)

OverheadJitting  1: 1 op, 235016.00 ns, 235.0160 us/op
WorkloadJitting  1: 1 op, 2476990.00 ns, 2.4770 ms/op

OverheadJitting  2: 16 op, 268505.00 ns, 16.7816 us/op
WorkloadJitting  2: 16 op, 294922.00 ns, 18.4326 us/op

WorkloadPilot    1: 16 op, 37896.00 ns, 2.3685 us/op
WorkloadPilot    2: 32 op, 65297.00 ns, 2.0405 us/op
WorkloadPilot    3: 64 op, 121415.00 ns, 1.8971 us/op
WorkloadPilot    4: 128 op, 236455.00 ns, 1.8473 us/op
WorkloadPilot    5: 256 op, 471889.00 ns, 1.8433 us/op
WorkloadPilot    6: 512 op, 967794.00 ns, 1.8902 us/op
WorkloadPilot    7: 1024 op, 1895431.00 ns, 1.8510 us/op
WorkloadPilot    8: 2048 op, 4130715.00 ns, 2.0170 us/op
WorkloadPilot    9: 4096 op, 7942779.00 ns, 1.9392 us/op
WorkloadPilot   10: 8192 op, 15851926.00 ns, 1.9350 us/op
WorkloadPilot   11: 16384 op, 30783223.00 ns, 1.8789 us/op
WorkloadPilot   12: 32768 op, 60587260.00 ns, 1.8490 us/op
WorkloadPilot   13: 65536 op, 120103216.00 ns, 1.8326 us/op
WorkloadPilot   14: 131072 op, 63248805.00 ns, 482.5501 ns/op
WorkloadPilot   15: 262144 op, 68664420.00 ns, 261.9340 ns/op
WorkloadPilot   16: 524288 op, 137321065.00 ns, 261.9191 ns/op
WorkloadPilot   17: 1048576 op, 273617450.00 ns, 260.9419 ns/op
WorkloadPilot   18: 2097152 op, 552335305.00 ns, 263.3740 ns/op

OverheadWarmup   1: 2097152 op, 5047278.00 ns, 2.4067 ns/op
OverheadWarmup   2: 2097152 op, 5025755.00 ns, 2.3965 ns/op
OverheadWarmup   3: 2097152 op, 5028670.00 ns, 2.3979 ns/op
OverheadWarmup   4: 2097152 op, 5027941.00 ns, 2.3975 ns/op
OverheadWarmup   5: 2097152 op, 5024920.00 ns, 2.3961 ns/op
OverheadWarmup   6: 2097152 op, 5017432.00 ns, 2.3925 ns/op
OverheadWarmup   7: 2097152 op, 5013537.00 ns, 2.3906 ns/op
OverheadWarmup   8: 2097152 op, 5036514.00 ns, 2.4016 ns/op
OverheadWarmup   9: 2097152 op, 5013519.00 ns, 2.3906 ns/op

OverheadActual   1: 2097152 op, 5030336.00 ns, 2.3987 ns/op
OverheadActual   2: 2097152 op, 5012548.00 ns, 2.3902 ns/op
OverheadActual   3: 2097152 op, 5013474.00 ns, 2.3906 ns/op
OverheadActual   4: 2097152 op, 5013053.00 ns, 2.3904 ns/op
OverheadActual   5: 2097152 op, 5028556.00 ns, 2.3978 ns/op
OverheadActual   6: 2097152 op, 5012550.00 ns, 2.3902 ns/op
OverheadActual   7: 2097152 op, 5010516.00 ns, 2.3892 ns/op
OverheadActual   8: 2097152 op, 5014811.00 ns, 2.3912 ns/op
OverheadActual   9: 2097152 op, 5012187.00 ns, 2.3900 ns/op
OverheadActual  10: 2097152 op, 5015381.00 ns, 2.3915 ns/op
OverheadActual  11: 2097152 op, 5034041.00 ns, 2.4004 ns/op
OverheadActual  12: 2097152 op, 5010734.00 ns, 2.3893 ns/op
OverheadActual  13: 2097152 op, 5012761.00 ns, 2.3903 ns/op
OverheadActual  14: 2097152 op, 5012200.00 ns, 2.3900 ns/op
OverheadActual  15: 2097152 op, 5010630.00 ns, 2.3893 ns/op

WorkloadWarmup   1: 2097152 op, 547364270.00 ns, 261.0036 ns/op
WorkloadWarmup   2: 2097152 op, 549042564.00 ns, 261.8039 ns/op
WorkloadWarmup   3: 2097152 op, 547678746.00 ns, 261.1536 ns/op

// BeforeActualRun
WorkloadActual   1: 2097152 op, 549782812.00 ns, 262.1569 ns/op
WorkloadActual   2: 2097152 op, 551626417.00 ns, 263.0360 ns/op
WorkloadActual   3: 2097152 op, 550329435.00 ns, 262.4175 ns/op

// AfterActualRun
WorkloadResult   1: 2097152 op, 544770051.00 ns, 259.7666 ns/op
WorkloadResult   2: 2097152 op, 546613656.00 ns, 260.6457 ns/op
WorkloadResult   3: 2097152 op, 545316674.00 ns, 260.0273 ns/op
// GC:  0 0 0 1072 2097152
// Threading:  0 0 2097152

// AfterAll
// Benchmark Process 36354 has exited with code 0.

Mean = 260.147 ns, StdErr = 0.261 ns (0.10%), N = 3, StdDev = 0.452 ns
Min = 259.767 ns, Q1 = 259.897 ns, Median = 260.027 ns, Q3 = 260.336 ns, Max = 260.646 ns
IQR = 0.440 ns, LowerFence = 259.238 ns, UpperFence = 260.996 ns
ConfidenceInterval = [251.909 ns; 268.384 ns] (CI 99.9%), Margin = 8.237 ns (3.17% of Mean)
Skewness = 0.25, Kurtosis = 0.67, MValue = 2

// ** Remained 7 (70.0 %) benchmark(s) to run. Estimated finish 2026-08-28 19:43 (0h 0m from now) **
// **************************
// Benchmark: VmExecutionBenchmarks.TailRecursion: ShortRun(IterationCount=3, LaunchCount=1, WarmupCount=3)
// *** Execute ***
// Launch: 1 / 1
// Execute: dotnet 63cb3961-dbad-4be5-8742-74b21620a3e2.dll --anonymousPipes 118 119 --benchmarkName VmExecutionBenchmarks.TailRecursion --job ShortRun --benchmarkId 3 in /mnt/Shared/Projects/coflow/runtimes/csharp/Coflow.Cfd.Runtime.Benchmarks/bin/Release/net8.0/63cb3961-dbad-4be5-8742-74b21620a3e2/bin/Release/net10.0
// Failed to set up high priority (Permission denied). In order to run benchmarks with high priority, make sure you have the right permissions.
// BeforeAnythingElse

// Benchmark Process Environment Information:
// BenchmarkDotNet v0.14.0
// Runtime=.NET 10.0.2 (10.0.225.61305), X64 RyuJIT AVX2
// GC=Concurrent Workstation
// HardwareIntrinsics=AVX2,AES,BMI1,BMI2,FMA,LZCNT,PCLMUL,POPCNT,AvxVnni,SERIALIZE VectorSize=256
// Job: ShortRun(IterationCount=3, LaunchCount=1, WarmupCount=3)

OverheadJitting  1: 1 op, 227789.00 ns, 227.7890 us/op
WorkloadJitting  1: 1 op, 2270824.00 ns, 2.2708 ms/op

OverheadJitting  2: 16 op, 281575.00 ns, 17.5984 us/op
WorkloadJitting  2: 16 op, 10828178.00 ns, 676.7611 us/op

WorkloadPilot    1: 16 op, 2263249.00 ns, 141.4531 us/op
WorkloadPilot    2: 32 op, 4498368.00 ns, 140.5740 us/op
WorkloadPilot    3: 64 op, 9159068.00 ns, 143.1104 us/op
WorkloadPilot    4: 128 op, 18007589.00 ns, 140.6843 us/op
WorkloadPilot    5: 256 op, 35462023.00 ns, 138.5235 us/op
WorkloadPilot    6: 512 op, 70632500.00 ns, 137.9541 us/op
WorkloadPilot    7: 1024 op, 68295827.00 ns, 66.6951 us/op
WorkloadPilot    8: 2048 op, 89636807.00 ns, 43.7680 us/op
WorkloadPilot    9: 4096 op, 179146507.00 ns, 43.7369 us/op
WorkloadPilot   10: 8192 op, 358547136.00 ns, 43.7680 us/op
WorkloadPilot   11: 16384 op, 725811587.00 ns, 44.3000 us/op

OverheadWarmup   1: 16384 op, 41846.00 ns, 2.5541 ns/op
OverheadWarmup   2: 16384 op, 39483.00 ns, 2.4099 ns/op
OverheadWarmup   3: 16384 op, 39372.00 ns, 2.4031 ns/op
OverheadWarmup   4: 16384 op, 39437.00 ns, 2.4070 ns/op
OverheadWarmup   5: 16384 op, 39944.00 ns, 2.4380 ns/op
OverheadWarmup   6: 16384 op, 43858.00 ns, 2.6769 ns/op
OverheadWarmup   7: 16384 op, 40113.00 ns, 2.4483 ns/op
OverheadWarmup   8: 16384 op, 39453.00 ns, 2.4080 ns/op
OverheadWarmup   9: 16384 op, 39817.00 ns, 2.4302 ns/op
OverheadWarmup  10: 16384 op, 39396.00 ns, 2.4045 ns/op

OverheadActual   1: 16384 op, 39553.00 ns, 2.4141 ns/op
OverheadActual   2: 16384 op, 39565.00 ns, 2.4149 ns/op
OverheadActual   3: 16384 op, 40029.00 ns, 2.4432 ns/op
OverheadActual   4: 16384 op, 39432.00 ns, 2.4067 ns/op
OverheadActual   5: 16384 op, 39617.00 ns, 2.4180 ns/op
OverheadActual   6: 16384 op, 39354.00 ns, 2.4020 ns/op
OverheadActual   7: 16384 op, 39808.00 ns, 2.4297 ns/op
OverheadActual   8: 16384 op, 39434.00 ns, 2.4069 ns/op
OverheadActual   9: 16384 op, 39379.00 ns, 2.4035 ns/op
OverheadActual  10: 16384 op, 39788.00 ns, 2.4285 ns/op
OverheadActual  11: 16384 op, 40820.00 ns, 2.4915 ns/op
OverheadActual  12: 16384 op, 39325.00 ns, 2.4002 ns/op
OverheadActual  13: 16384 op, 39439.00 ns, 2.4072 ns/op
OverheadActual  14: 16384 op, 39397.00 ns, 2.4046 ns/op
OverheadActual  15: 16384 op, 40652.00 ns, 2.4812 ns/op

WorkloadWarmup   1: 16384 op, 719020431.00 ns, 43.8855 us/op
WorkloadWarmup   2: 16384 op, 717496260.00 ns, 43.7925 us/op
WorkloadWarmup   3: 16384 op, 721694280.00 ns, 44.0487 us/op

// BeforeActualRun
WorkloadActual   1: 16384 op, 713210636.00 ns, 43.5309 us/op
WorkloadActual   2: 16384 op, 715906774.00 ns, 43.6955 us/op
WorkloadActual   3: 16384 op, 715634469.00 ns, 43.6789 us/op

// AfterActualRun
WorkloadResult   1: 16384 op, 713171083.00 ns, 43.5285 us/op
WorkloadResult   2: 16384 op, 715867221.00 ns, 43.6931 us/op
WorkloadResult   3: 16384 op, 715594916.00 ns, 43.6764 us/op
// GC:  0 0 0 1072 16384
// Threading:  0 0 16384

// AfterAll
// Benchmark Process 36381 has exited with code 0.

Mean = 43.633 μs, StdErr = 0.052 μs (0.12%), N = 3, StdDev = 0.091 μs
Min = 43.529 μs, Q1 = 43.602 μs, Median = 43.676 μs, Q3 = 43.685 μs, Max = 43.693 μs
IQR = 0.082 μs, LowerFence = 43.479 μs, UpperFence = 43.808 μs
ConfidenceInterval = [41.980 μs; 45.285 μs] (CI 99.9%), Margin = 1.653 μs (3.79% of Mean)
Skewness = -0.37, Kurtosis = 0.67, MValue = 2

// ** Remained 6 (60.0 %) benchmark(s) to run. Estimated finish 2026-08-28 19:43 (0h 0m from now) **
// **************************
// Benchmark: VmExecutionBenchmarks.TailAccumulator: ShortRun(IterationCount=3, LaunchCount=1, WarmupCount=3)
// *** Execute ***
// Launch: 1 / 1
// Execute: dotnet 63cb3961-dbad-4be5-8742-74b21620a3e2.dll --anonymousPipes 118 119 --benchmarkName VmExecutionBenchmarks.TailAccumulator --job ShortRun --benchmarkId 4 in /mnt/Shared/Projects/coflow/runtimes/csharp/Coflow.Cfd.Runtime.Benchmarks/bin/Release/net8.0/63cb3961-dbad-4be5-8742-74b21620a3e2/bin/Release/net10.0
// Failed to set up high priority (Permission denied). In order to run benchmarks with high priority, make sure you have the right permissions.
// BeforeAnythingElse

// Benchmark Process Environment Information:
// BenchmarkDotNet v0.14.0
// Runtime=.NET 10.0.2 (10.0.225.61305), X64 RyuJIT AVX2
// GC=Concurrent Workstation
// HardwareIntrinsics=AVX2,AES,BMI1,BMI2,FMA,LZCNT,PCLMUL,POPCNT,AvxVnni,SERIALIZE VectorSize=256
// Job: ShortRun(IterationCount=3, LaunchCount=1, WarmupCount=3)

OverheadJitting  1: 1 op, 280727.00 ns, 280.7270 us/op
WorkloadJitting  1: 1 op, 12959288.00 ns, 12.9593 ms/op

OverheadJitting  2: 16 op, 282558.00 ns, 17.6599 us/op
WorkloadJitting  2: 16 op, 4221000.00 ns, 263.8125 us/op

WorkloadPilot    1: 16 op, 3906507.00 ns, 244.1567 us/op
WorkloadPilot    2: 32 op, 7572811.00 ns, 236.6503 us/op
WorkloadPilot    3: 64 op, 15788931.00 ns, 246.7020 us/op
WorkloadPilot    4: 128 op, 29782893.00 ns, 232.6789 us/op
WorkloadPilot    5: 256 op, 59434851.00 ns, 232.1674 us/op
WorkloadPilot    6: 512 op, 61295051.00 ns, 119.7169 us/op
WorkloadPilot    7: 1024 op, 69733219.00 ns, 68.0988 us/op
WorkloadPilot    8: 2048 op, 140436840.00 ns, 68.5727 us/op
WorkloadPilot    9: 4096 op, 282845508.00 ns, 69.0541 us/op
WorkloadPilot   10: 8192 op, 562969308.00 ns, 68.7218 us/op

OverheadWarmup   1: 8192 op, 22020.00 ns, 2.6880 ns/op
OverheadWarmup   2: 8192 op, 20394.00 ns, 2.4895 ns/op
OverheadWarmup   3: 8192 op, 20316.00 ns, 2.4800 ns/op
OverheadWarmup   4: 8192 op, 20231.00 ns, 2.4696 ns/op
OverheadWarmup   5: 8192 op, 26032.00 ns, 3.1777 ns/op
OverheadWarmup   6: 8192 op, 20318.00 ns, 2.4802 ns/op
OverheadWarmup   7: 8192 op, 19768.00 ns, 2.4131 ns/op
OverheadWarmup   8: 8192 op, 19758.00 ns, 2.4119 ns/op
OverheadWarmup   9: 8192 op, 20507.00 ns, 2.5033 ns/op
OverheadWarmup  10: 8192 op, 19697.00 ns, 2.4044 ns/op

OverheadActual   1: 8192 op, 20276.00 ns, 2.4751 ns/op
OverheadActual   2: 8192 op, 20038.00 ns, 2.4460 ns/op
OverheadActual   3: 8192 op, 20082.00 ns, 2.4514 ns/op
OverheadActual   4: 8192 op, 19717.00 ns, 2.4069 ns/op
OverheadActual   5: 8192 op, 20039.00 ns, 2.4462 ns/op
OverheadActual   6: 8192 op, 19716.00 ns, 2.4067 ns/op
OverheadActual   7: 8192 op, 20603.00 ns, 2.5150 ns/op
OverheadActual   8: 8192 op, 19735.00 ns, 2.4091 ns/op
OverheadActual   9: 8192 op, 19883.00 ns, 2.4271 ns/op
OverheadActual  10: 8192 op, 19774.00 ns, 2.4138 ns/op
OverheadActual  11: 8192 op, 19742.00 ns, 2.4099 ns/op
OverheadActual  12: 8192 op, 19708.00 ns, 2.4058 ns/op
OverheadActual  13: 8192 op, 19767.00 ns, 2.4130 ns/op
OverheadActual  14: 8192 op, 19794.00 ns, 2.4163 ns/op
OverheadActual  15: 8192 op, 20788.00 ns, 2.5376 ns/op

WorkloadWarmup   1: 8192 op, 556601113.00 ns, 67.9445 us/op
WorkloadWarmup   2: 8192 op, 556576153.00 ns, 67.9414 us/op
WorkloadWarmup   3: 8192 op, 555840790.00 ns, 67.8517 us/op

// BeforeActualRun
WorkloadActual   1: 8192 op, 561022042.00 ns, 68.4841 us/op
WorkloadActual   2: 8192 op, 556598219.00 ns, 67.9441 us/op
WorkloadActual   3: 8192 op, 555890938.00 ns, 67.8578 us/op

// AfterActualRun
WorkloadResult   1: 8192 op, 561002248.00 ns, 68.4817 us/op
WorkloadResult   2: 8192 op, 556578425.00 ns, 67.9417 us/op
WorkloadResult   3: 8192 op, 555871144.00 ns, 67.8554 us/op
// GC:  0 0 0 64 8192
// Threading:  0 0 8192

// AfterAll
// Benchmark Process 36422 has exited with code 0.

Mean = 68.093 μs, StdErr = 0.196 μs (0.29%), N = 3, StdDev = 0.339 μs
Min = 67.855 μs, Q1 = 67.899 μs, Median = 67.942 μs, Q3 = 68.212 μs, Max = 68.482 μs
IQR = 0.313 μs, LowerFence = 67.429 μs, UpperFence = 68.681 μs
ConfidenceInterval = [61.900 μs; 74.286 μs] (CI 99.9%), Margin = 6.193 μs (9.09% of Mean)
Skewness = 0.36, Kurtosis = 0.67, MValue = 2

// ** Remained 5 (50.0 %) benchmark(s) to run. Estimated finish 2026-08-28 19:43 (0h 0m from now) **
// **************************
// Benchmark: VmExecutionBenchmarks.GeneratedFieldRead: ShortRun(IterationCount=3, LaunchCount=1, WarmupCount=3)
// *** Execute ***
// Launch: 1 / 1
// Execute: dotnet 63cb3961-dbad-4be5-8742-74b21620a3e2.dll --anonymousPipes 118 119 --benchmarkName VmExecutionBenchmarks.GeneratedFieldRead --job ShortRun --benchmarkId 5 in /mnt/Shared/Projects/coflow/runtimes/csharp/Coflow.Cfd.Runtime.Benchmarks/bin/Release/net8.0/63cb3961-dbad-4be5-8742-74b21620a3e2/bin/Release/net10.0
// Failed to set up high priority (Permission denied). In order to run benchmarks with high priority, make sure you have the right permissions.
// BeforeAnythingElse

// Benchmark Process Environment Information:
// BenchmarkDotNet v0.14.0
// Runtime=.NET 10.0.2 (10.0.225.61305), X64 RyuJIT AVX2
// GC=Concurrent Workstation
// HardwareIntrinsics=AVX2,AES,BMI1,BMI2,FMA,LZCNT,PCLMUL,POPCNT,AvxVnni,SERIALIZE VectorSize=256
// Job: ShortRun(IterationCount=3, LaunchCount=1, WarmupCount=3)

OverheadJitting  1: 1 op, 231856.00 ns, 231.8560 us/op
WorkloadJitting  1: 1 op, 12217350.00 ns, 12.2174 ms/op

OverheadJitting  2: 16 op, 295797.00 ns, 18.4873 us/op
WorkloadJitting  2: 16 op, 4979326.00 ns, 311.2079 us/op

WorkloadPilot    1: 16 op, 4624030.00 ns, 289.0019 us/op
WorkloadPilot    2: 32 op, 9258556.00 ns, 289.3299 us/op
WorkloadPilot    3: 64 op, 18599381.00 ns, 290.6153 us/op
WorkloadPilot    4: 128 op, 37115051.00 ns, 289.9613 us/op
WorkloadPilot    5: 256 op, 74018723.00 ns, 289.1356 us/op
WorkloadPilot    6: 512 op, 80113642.00 ns, 156.4720 us/op
WorkloadPilot    7: 1024 op, 114028616.00 ns, 111.3561 us/op
WorkloadPilot    8: 2048 op, 230425433.00 ns, 112.5124 us/op
WorkloadPilot    9: 4096 op, 466328361.00 ns, 113.8497 us/op
WorkloadPilot   10: 8192 op, 920875523.00 ns, 112.4116 us/op

OverheadWarmup   1: 8192 op, 21954.00 ns, 2.6799 ns/op
OverheadWarmup   2: 8192 op, 20168.00 ns, 2.4619 ns/op
OverheadWarmup   3: 8192 op, 20106.00 ns, 2.4543 ns/op
OverheadWarmup   4: 8192 op, 19577.00 ns, 2.3898 ns/op
OverheadWarmup   5: 8192 op, 19712.00 ns, 2.4063 ns/op
OverheadWarmup   6: 8192 op, 19575.00 ns, 2.3895 ns/op
OverheadWarmup   7: 8192 op, 19607.00 ns, 2.3934 ns/op
OverheadWarmup   8: 8192 op, 19576.00 ns, 2.3896 ns/op

OverheadActual   1: 8192 op, 20906.00 ns, 2.5520 ns/op
OverheadActual   2: 8192 op, 19811.00 ns, 2.4183 ns/op
OverheadActual   3: 8192 op, 19910.00 ns, 2.4304 ns/op
OverheadActual   4: 8192 op, 19646.00 ns, 2.3982 ns/op
OverheadActual   5: 8192 op, 19789.00 ns, 2.4156 ns/op
OverheadActual   6: 8192 op, 19662.00 ns, 2.4001 ns/op
OverheadActual   7: 8192 op, 19575.00 ns, 2.3895 ns/op
OverheadActual   8: 8192 op, 19551.00 ns, 2.3866 ns/op
OverheadActual   9: 8192 op, 19841.00 ns, 2.4220 ns/op
OverheadActual  10: 8192 op, 19544.00 ns, 2.3857 ns/op
OverheadActual  11: 8192 op, 19558.00 ns, 2.3875 ns/op
OverheadActual  12: 8192 op, 19559.00 ns, 2.3876 ns/op
OverheadActual  13: 8192 op, 19612.00 ns, 2.3940 ns/op
OverheadActual  14: 8192 op, 19521.00 ns, 2.3829 ns/op
OverheadActual  15: 8192 op, 19570.00 ns, 2.3889 ns/op

WorkloadWarmup   1: 8192 op, 915682100.00 ns, 111.7776 us/op
WorkloadWarmup   2: 8192 op, 927008520.00 ns, 113.1602 us/op
WorkloadWarmup   3: 8192 op, 919536742.00 ns, 112.2481 us/op

// BeforeActualRun
WorkloadActual   1: 8192 op, 915335933.00 ns, 111.7353 us/op
WorkloadActual   2: 8192 op, 917026332.00 ns, 111.9417 us/op
WorkloadActual   3: 8192 op, 917101859.00 ns, 111.9509 us/op

// AfterActualRun
WorkloadResult   1: 8192 op, 915316321.00 ns, 111.7329 us/op
WorkloadResult   2: 8192 op, 917006720.00 ns, 111.9393 us/op
WorkloadResult   3: 8192 op, 917082247.00 ns, 111.9485 us/op
// GC:  0 0 0 784 8192
// Threading:  0 0 8192

// AfterAll
// Benchmark Process 36476 has exited with code 0.

Mean = 111.874 μs, StdErr = 0.070 μs (0.06%), N = 3, StdDev = 0.122 μs
Min = 111.733 μs, Q1 = 111.836 μs, Median = 111.939 μs, Q3 = 111.944 μs, Max = 111.949 μs
IQR = 0.108 μs, LowerFence = 111.674 μs, UpperFence = 112.106 μs
ConfidenceInterval = [109.650 μs; 114.097 μs] (CI 99.9%), Margin = 2.224 μs (1.99% of Mean)
Skewness = -0.38, Kurtosis = 0.67, MValue = 2

// ** Remained 4 (40.0 %) benchmark(s) to run. Estimated finish 2026-08-28 19:44 (0h 0m from now) **
// **************************
// Benchmark: VmExecutionBenchmarks.MapFilterFold: ShortRun(IterationCount=3, LaunchCount=1, WarmupCount=3)
// *** Execute ***
// Launch: 1 / 1
// Execute: dotnet 63cb3961-dbad-4be5-8742-74b21620a3e2.dll --anonymousPipes 118 119 --benchmarkName VmExecutionBenchmarks.MapFilterFold --job ShortRun --benchmarkId 6 in /mnt/Shared/Projects/coflow/runtimes/csharp/Coflow.Cfd.Runtime.Benchmarks/bin/Release/net8.0/63cb3961-dbad-4be5-8742-74b21620a3e2/bin/Release/net10.0
// Failed to set up high priority (Permission denied). In order to run benchmarks with high priority, make sure you have the right permissions.
// BeforeAnythingElse

// Benchmark Process Environment Information:
// BenchmarkDotNet v0.14.0
// Runtime=.NET 10.0.2 (10.0.225.61305), X64 RyuJIT AVX2
// GC=Concurrent Workstation
// HardwareIntrinsics=AVX2,AES,BMI1,BMI2,FMA,LZCNT,PCLMUL,POPCNT,AvxVnni,SERIALIZE VectorSize=256
// Job: ShortRun(IterationCount=3, LaunchCount=1, WarmupCount=3)

OverheadJitting  1: 1 op, 230447.00 ns, 230.4470 us/op
WorkloadJitting  1: 1 op, 6383188.00 ns, 6.3832 ms/op

OverheadJitting  2: 16 op, 281772.00 ns, 17.6108 us/op
WorkloadJitting  2: 16 op, 615738.00 ns, 38.4836 us/op

WorkloadPilot    1: 16 op, 314176.00 ns, 19.6360 us/op
WorkloadPilot    2: 32 op, 632094.00 ns, 19.7529 us/op
WorkloadPilot    3: 64 op, 1199555.00 ns, 18.7430 us/op
WorkloadPilot    4: 128 op, 2358135.00 ns, 18.4229 us/op
WorkloadPilot    5: 256 op, 4640496.00 ns, 18.1269 us/op
WorkloadPilot    6: 512 op, 9465121.00 ns, 18.4866 us/op
WorkloadPilot    7: 1024 op, 19792409.00 ns, 19.3285 us/op
WorkloadPilot    8: 2048 op, 37262599.00 ns, 18.1946 us/op
WorkloadPilot    9: 4096 op, 77433520.00 ns, 18.9047 us/op
WorkloadPilot   10: 8192 op, 44351201.00 ns, 5.4140 us/op
WorkloadPilot   11: 16384 op, 55386191.00 ns, 3.3805 us/op
WorkloadPilot   12: 32768 op, 111395297.00 ns, 3.3995 us/op
WorkloadPilot   13: 65536 op, 218852415.00 ns, 3.3394 us/op
WorkloadPilot   14: 131072 op, 434380179.00 ns, 3.3141 us/op
WorkloadPilot   15: 262144 op, 869083426.00 ns, 3.3153 us/op

OverheadWarmup   1: 262144 op, 634231.00 ns, 2.4194 ns/op
OverheadWarmup   2: 262144 op, 632942.00 ns, 2.4145 ns/op
OverheadWarmup   3: 262144 op, 631043.00 ns, 2.4072 ns/op
OverheadWarmup   4: 262144 op, 631486.00 ns, 2.4089 ns/op
OverheadWarmup   5: 262144 op, 631497.00 ns, 2.4090 ns/op
OverheadWarmup   6: 262144 op, 630483.00 ns, 2.4051 ns/op
OverheadWarmup   7: 262144 op, 630123.00 ns, 2.4037 ns/op
OverheadWarmup   8: 262144 op, 631185.00 ns, 2.4078 ns/op
OverheadWarmup   9: 262144 op, 631568.00 ns, 2.4092 ns/op
OverheadWarmup  10: 262144 op, 631249.00 ns, 2.4080 ns/op

OverheadActual   1: 262144 op, 628254.00 ns, 2.3966 ns/op
OverheadActual   2: 262144 op, 643950.00 ns, 2.4565 ns/op
OverheadActual   3: 262144 op, 649479.00 ns, 2.4776 ns/op
OverheadActual   4: 262144 op, 648781.00 ns, 2.4749 ns/op
OverheadActual   5: 262144 op, 643408.00 ns, 2.4544 ns/op
OverheadActual   6: 262144 op, 647174.00 ns, 2.4688 ns/op
OverheadActual   7: 262144 op, 631188.00 ns, 2.4078 ns/op
OverheadActual   8: 262144 op, 626793.00 ns, 2.3910 ns/op
OverheadActual   9: 262144 op, 626609.00 ns, 2.3903 ns/op
OverheadActual  10: 262144 op, 630240.00 ns, 2.4042 ns/op
OverheadActual  11: 262144 op, 632039.00 ns, 2.4110 ns/op
OverheadActual  12: 262144 op, 631667.00 ns, 2.4096 ns/op
OverheadActual  13: 262144 op, 630523.00 ns, 2.4053 ns/op
OverheadActual  14: 262144 op, 631064.00 ns, 2.4073 ns/op
OverheadActual  15: 262144 op, 631212.00 ns, 2.4079 ns/op

WorkloadWarmup   1: 262144 op, 994259195.00 ns, 3.7928 us/op
WorkloadWarmup   2: 262144 op, 840365842.00 ns, 3.2057 us/op
WorkloadWarmup   3: 262144 op, 843587378.00 ns, 3.2180 us/op

// BeforeActualRun
WorkloadActual   1: 262144 op, 864293374.00 ns, 3.2970 us/op
WorkloadActual   2: 262144 op, 862068217.00 ns, 3.2885 us/op
WorkloadActual   3: 262144 op, 857368644.00 ns, 3.2706 us/op

// AfterActualRun
WorkloadResult   1: 262144 op, 863662162.00 ns, 3.2946 us/op
WorkloadResult   2: 262144 op, 861437005.00 ns, 3.2861 us/op
WorkloadResult   3: 262144 op, 856737432.00 ns, 3.2682 us/op
// GC:  8 0 0 106955824 262144
// Threading:  0 0 262144

// AfterAll
// Benchmark Process 36538 has exited with code 0.

Mean = 3.283 μs, StdErr = 0.008 μs (0.24%), N = 3, StdDev = 0.013 μs
Min = 3.268 μs, Q1 = 3.277 μs, Median = 3.286 μs, Q3 = 3.290 μs, Max = 3.295 μs
IQR = 0.013 μs, LowerFence = 3.257 μs, UpperFence = 3.310 μs
ConfidenceInterval = [3.037 μs; 3.529 μs] (CI 99.9%), Margin = 0.246 μs (7.49% of Mean)
Skewness = -0.22, Kurtosis = 0.67, MValue = 2

// ** Remained 3 (30.0 %) benchmark(s) to run. Estimated finish 2026-08-28 19:44 (0h 0m from now) **
// **************************
// Benchmark: VmExecutionBenchmarks.CfdToHost: ShortRun(IterationCount=3, LaunchCount=1, WarmupCount=3)
// *** Execute ***
// Launch: 1 / 1
// Execute: dotnet 63cb3961-dbad-4be5-8742-74b21620a3e2.dll --anonymousPipes 118 119 --benchmarkName VmExecutionBenchmarks.CfdToHost --job ShortRun --benchmarkId 7 in /mnt/Shared/Projects/coflow/runtimes/csharp/Coflow.Cfd.Runtime.Benchmarks/bin/Release/net8.0/63cb3961-dbad-4be5-8742-74b21620a3e2/bin/Release/net10.0
// Failed to set up high priority (Permission denied). In order to run benchmarks with high priority, make sure you have the right permissions.
// BeforeAnythingElse

// Benchmark Process Environment Information:
// BenchmarkDotNet v0.14.0
// Runtime=.NET 10.0.2 (10.0.225.61305), X64 RyuJIT AVX2
// GC=Concurrent Workstation
// HardwareIntrinsics=AVX2,AES,BMI1,BMI2,FMA,LZCNT,PCLMUL,POPCNT,AvxVnni,SERIALIZE VectorSize=256
// Job: ShortRun(IterationCount=3, LaunchCount=1, WarmupCount=3)

OverheadJitting  1: 1 op, 262486.00 ns, 262.4860 us/op
WorkloadJitting  1: 1 op, 3087210.00 ns, 3.0872 ms/op

OverheadJitting  2: 16 op, 293756.00 ns, 18.3598 us/op
WorkloadJitting  2: 16 op, 315403.00 ns, 19.7127 us/op

WorkloadPilot    1: 16 op, 12896.00 ns, 806.0000 ns/op
WorkloadPilot    2: 32 op, 18664.00 ns, 583.2500 ns/op
WorkloadPilot    3: 64 op, 28266.00 ns, 441.6563 ns/op
WorkloadPilot    4: 128 op, 50134.00 ns, 391.6719 ns/op
WorkloadPilot    5: 256 op, 97993.00 ns, 382.7852 ns/op
WorkloadPilot    6: 512 op, 197045.00 ns, 384.8535 ns/op
WorkloadPilot    7: 1024 op, 382887.00 ns, 373.9131 ns/op
WorkloadPilot    8: 2048 op, 767128.00 ns, 374.5742 ns/op
WorkloadPilot    9: 4096 op, 1526619.00 ns, 372.7097 ns/op
WorkloadPilot   10: 8192 op, 3609835.00 ns, 440.6537 ns/op
WorkloadPilot   11: 16384 op, 6759719.00 ns, 412.5805 ns/op
WorkloadPilot   12: 32768 op, 13029156.00 ns, 397.6183 ns/op
WorkloadPilot   13: 65536 op, 25517670.00 ns, 389.3687 ns/op
WorkloadPilot   14: 131072 op, 50666692.00 ns, 386.5562 ns/op
WorkloadPilot   15: 262144 op, 100450298.00 ns, 383.1875 ns/op
WorkloadPilot   16: 524288 op, 80367337.00 ns, 153.2885 ns/op
WorkloadPilot   17: 1048576 op, 84370545.00 ns, 80.4620 ns/op
WorkloadPilot   18: 2097152 op, 166122114.00 ns, 79.2132 ns/op
WorkloadPilot   19: 4194304 op, 332110582.00 ns, 79.1813 ns/op
WorkloadPilot   20: 8388608 op, 667357672.00 ns, 79.5552 ns/op

OverheadWarmup   1: 8388608 op, 20463734.00 ns, 2.4395 ns/op
OverheadWarmup   2: 8388608 op, 20191494.00 ns, 2.4070 ns/op
OverheadWarmup   3: 8388608 op, 20109946.00 ns, 2.3973 ns/op
OverheadWarmup   4: 8388608 op, 20394042.00 ns, 2.4312 ns/op
OverheadWarmup   5: 8388608 op, 20111120.00 ns, 2.3974 ns/op
OverheadWarmup   6: 8388608 op, 20110808.00 ns, 2.3974 ns/op
OverheadWarmup   7: 8388608 op, 20106781.00 ns, 2.3969 ns/op
OverheadWarmup   8: 8388608 op, 20114042.00 ns, 2.3978 ns/op
OverheadWarmup   9: 8388608 op, 20097286.00 ns, 2.3958 ns/op

OverheadActual   1: 8388608 op, 20146877.00 ns, 2.4017 ns/op
OverheadActual   2: 8388608 op, 20111779.00 ns, 2.3975 ns/op
OverheadActual   3: 8388608 op, 20267896.00 ns, 2.4161 ns/op
OverheadActual   4: 8388608 op, 20134063.00 ns, 2.4002 ns/op
OverheadActual   5: 8388608 op, 20217790.00 ns, 2.4101 ns/op
OverheadActual   6: 8388608 op, 20113328.00 ns, 2.3977 ns/op
OverheadActual   7: 8388608 op, 20096708.00 ns, 2.3957 ns/op
OverheadActual   8: 8388608 op, 20144243.00 ns, 2.4014 ns/op
OverheadActual   9: 8388608 op, 20134187.00 ns, 2.4002 ns/op
OverheadActual  10: 8388608 op, 16119432.00 ns, 1.9216 ns/op
OverheadActual  11: 8388608 op, 15919036.00 ns, 1.8977 ns/op
OverheadActual  12: 8388608 op, 15861161.00 ns, 1.8908 ns/op
OverheadActual  13: 8388608 op, 15853360.00 ns, 1.8899 ns/op
OverheadActual  14: 8388608 op, 16037240.00 ns, 1.9118 ns/op
OverheadActual  15: 8388608 op, 15942519.00 ns, 1.9005 ns/op
OverheadActual  16: 8388608 op, 15940566.00 ns, 1.9003 ns/op
OverheadActual  17: 8388608 op, 16052695.00 ns, 1.9136 ns/op
OverheadActual  18: 8388608 op, 16265008.00 ns, 1.9389 ns/op
OverheadActual  19: 8388608 op, 16541829.00 ns, 1.9719 ns/op
OverheadActual  20: 8388608 op, 16388355.00 ns, 1.9536 ns/op

WorkloadWarmup   1: 8388608 op, 676578031.00 ns, 80.6544 ns/op
WorkloadWarmup   2: 8388608 op, 665441041.00 ns, 79.3268 ns/op
WorkloadWarmup   3: 8388608 op, 664870060.00 ns, 79.2587 ns/op

// BeforeActualRun
WorkloadActual   1: 8388608 op, 669626072.00 ns, 79.8256 ns/op
WorkloadActual   2: 8388608 op, 663125949.00 ns, 79.0508 ns/op
WorkloadActual   3: 8388608 op, 662271172.00 ns, 78.9489 ns/op

// AfterActualRun
WorkloadResult   1: 8388608 op, 653160980.00 ns, 77.8629 ns/op
WorkloadResult   2: 8388608 op, 646660857.00 ns, 77.0880 ns/op
WorkloadResult   3: 8388608 op, 645806080.00 ns, 76.9861 ns/op
// GC:  0 0 0 784 8388608
// Threading:  0 0 8388608

// AfterAll
// Benchmark Process 36626 has exited with code 0.

Mean = 77.312 ns, StdErr = 0.277 ns (0.36%), N = 3, StdDev = 0.480 ns
Min = 76.986 ns, Q1 = 77.037 ns, Median = 77.088 ns, Q3 = 77.475 ns, Max = 77.863 ns
IQR = 0.438 ns, LowerFence = 76.379 ns, UpperFence = 78.133 ns
ConfidenceInterval = [68.564 ns; 86.060 ns] (CI 99.9%), Margin = 8.748 ns (11.32% of Mean)
Skewness = 0.37, Kurtosis = 0.67, MValue = 2

// ** Remained 2 (20.0 %) benchmark(s) to run. Estimated finish 2026-08-28 19:44 (0h 0m from now) **
// **************************
// Benchmark: VmExecutionBenchmarks.VmHostVmClosure: ShortRun(IterationCount=3, LaunchCount=1, WarmupCount=3)
// *** Execute ***
// Launch: 1 / 1
// Execute: dotnet 63cb3961-dbad-4be5-8742-74b21620a3e2.dll --anonymousPipes 118 119 --benchmarkName VmExecutionBenchmarks.VmHostVmClosure --job ShortRun --benchmarkId 8 in /mnt/Shared/Projects/coflow/runtimes/csharp/Coflow.Cfd.Runtime.Benchmarks/bin/Release/net8.0/63cb3961-dbad-4be5-8742-74b21620a3e2/bin/Release/net10.0
// Failed to set up high priority (Permission denied). In order to run benchmarks with high priority, make sure you have the right permissions.
// BeforeAnythingElse

// Benchmark Process Environment Information:
// BenchmarkDotNet v0.14.0
// Runtime=.NET 10.0.2 (10.0.225.61305), X64 RyuJIT AVX2
// GC=Concurrent Workstation
// HardwareIntrinsics=AVX2,AES,BMI1,BMI2,FMA,LZCNT,PCLMUL,POPCNT,AvxVnni,SERIALIZE VectorSize=256
// Job: ShortRun(IterationCount=3, LaunchCount=1, WarmupCount=3)

OverheadJitting  1: 1 op, 230806.00 ns, 230.8060 us/op
WorkloadJitting  1: 1 op, 6615084.00 ns, 6.6151 ms/op

OverheadJitting  2: 16 op, 285200.00 ns, 17.8250 us/op
WorkloadJitting  2: 16 op, 379557.00 ns, 23.7223 us/op

WorkloadPilot    1: 16 op, 73799.00 ns, 4.6124 us/op
WorkloadPilot    2: 32 op, 114379.00 ns, 3.5743 us/op
WorkloadPilot    3: 64 op, 193263.00 ns, 3.0197 us/op
WorkloadPilot    4: 128 op, 369031.00 ns, 2.8831 us/op
WorkloadPilot    5: 256 op, 709112.00 ns, 2.7700 us/op
WorkloadPilot    6: 512 op, 1443443.00 ns, 2.8192 us/op
WorkloadPilot    7: 1024 op, 2825430.00 ns, 2.7592 us/op
WorkloadPilot    8: 2048 op, 5649544.00 ns, 2.7586 us/op
WorkloadPilot    9: 4096 op, 11478348.00 ns, 2.8023 us/op
WorkloadPilot   10: 8192 op, 24443216.00 ns, 2.9838 us/op
WorkloadPilot   11: 16384 op, 46558292.00 ns, 2.8417 us/op
WorkloadPilot   12: 32768 op, 88552460.00 ns, 2.7024 us/op
WorkloadPilot   13: 65536 op, 61917373.00 ns, 944.7841 ns/op
WorkloadPilot   14: 131072 op, 109734954.00 ns, 837.2113 ns/op
WorkloadPilot   15: 262144 op, 215844292.00 ns, 823.3806 ns/op
WorkloadPilot   16: 524288 op, 436583390.00 ns, 832.7167 ns/op
WorkloadPilot   17: 1048576 op, 931643351.00 ns, 888.4843 ns/op

OverheadWarmup   1: 1048576 op, 2696963.00 ns, 2.5720 ns/op
OverheadWarmup   2: 1048576 op, 2627562.00 ns, 2.5058 ns/op
OverheadWarmup   3: 1048576 op, 2555598.00 ns, 2.4372 ns/op
OverheadWarmup   4: 1048576 op, 2557217.00 ns, 2.4388 ns/op
OverheadWarmup   5: 1048576 op, 2494489.00 ns, 2.3789 ns/op
OverheadWarmup   6: 1048576 op, 2498488.00 ns, 2.3827 ns/op
OverheadWarmup   7: 1048576 op, 2490126.00 ns, 2.3748 ns/op

OverheadActual   1: 1048576 op, 2500928.00 ns, 2.3851 ns/op
OverheadActual   2: 1048576 op, 2526908.00 ns, 2.4098 ns/op
OverheadActual   3: 1048576 op, 2495080.00 ns, 2.3795 ns/op
OverheadActual   4: 1048576 op, 2489996.00 ns, 2.3746 ns/op
OverheadActual   5: 1048576 op, 2504546.00 ns, 2.3885 ns/op
OverheadActual   6: 1048576 op, 2485191.00 ns, 2.3701 ns/op
OverheadActual   7: 1048576 op, 2485138.00 ns, 2.3700 ns/op
OverheadActual   8: 1048576 op, 2489942.00 ns, 2.3746 ns/op
OverheadActual   9: 1048576 op, 2489760.00 ns, 2.3744 ns/op
OverheadActual  10: 1048576 op, 2633462.00 ns, 2.5115 ns/op
OverheadActual  11: 1048576 op, 2586892.00 ns, 2.4671 ns/op
OverheadActual  12: 1048576 op, 2572895.00 ns, 2.4537 ns/op
OverheadActual  13: 1048576 op, 2486577.00 ns, 2.3714 ns/op
OverheadActual  14: 1048576 op, 2491279.00 ns, 2.3759 ns/op
OverheadActual  15: 1048576 op, 2529082.00 ns, 2.4119 ns/op

WorkloadWarmup   1: 1048576 op, 911088459.00 ns, 868.8817 ns/op
WorkloadWarmup   2: 1048576 op, 923762853.00 ns, 880.9689 ns/op
WorkloadWarmup   3: 1048576 op, 927748473.00 ns, 884.7699 ns/op

// BeforeActualRun
WorkloadActual   1: 1048576 op, 940622714.00 ns, 897.0477 ns/op
WorkloadActual   2: 1048576 op, 921194946.00 ns, 878.5200 ns/op
WorkloadActual   3: 1048576 op, 908511377.00 ns, 866.4240 ns/op

// AfterActualRun
WorkloadResult   1: 1048576 op, 938127634.00 ns, 894.6682 ns/op
WorkloadResult   2: 1048576 op, 918699866.00 ns, 876.1405 ns/op
WorkloadResult   3: 1048576 op, 906016297.00 ns, 864.0445 ns/op
// GC:  19 2 2 241713088 1048576
// Threading:  0 0 1048576

// AfterAll
// Benchmark Process 36654 has exited with code 0.

Mean = 878.284 ns, StdErr = 8.905 ns (1.01%), N = 3, StdDev = 15.424 ns
Min = 864.044 ns, Q1 = 870.092 ns, Median = 876.140 ns, Q3 = 885.404 ns, Max = 894.668 ns
IQR = 15.312 ns, LowerFence = 847.125 ns, UpperFence = 908.372 ns
ConfidenceInterval = [596.893 ns; 1,159.676 ns] (CI 99.9%), Margin = 281.392 ns (32.04% of Mean)
Skewness = 0.14, Kurtosis = 0.67, MValue = 2

// ** Remained 1 (10.0 %) benchmark(s) to run. Estimated finish 2026-08-28 19:44 (0h 0m from now) **
// **************************
// Benchmark: VmExecutionBenchmarks.ReturnedVmClosure: ShortRun(IterationCount=3, LaunchCount=1, WarmupCount=3)
// *** Execute ***
// Launch: 1 / 1
// Execute: dotnet 63cb3961-dbad-4be5-8742-74b21620a3e2.dll --anonymousPipes 118 119 --benchmarkName VmExecutionBenchmarks.ReturnedVmClosure --job ShortRun --benchmarkId 9 in /mnt/Shared/Projects/coflow/runtimes/csharp/Coflow.Cfd.Runtime.Benchmarks/bin/Release/net8.0/63cb3961-dbad-4be5-8742-74b21620a3e2/bin/Release/net10.0
// Failed to set up high priority (Permission denied). In order to run benchmarks with high priority, make sure you have the right permissions.
// BeforeAnythingElse

// Benchmark Process Environment Information:
// BenchmarkDotNet v0.14.0
// Runtime=.NET 10.0.2 (10.0.225.61305), X64 RyuJIT AVX2
// GC=Concurrent Workstation
// HardwareIntrinsics=AVX2,AES,BMI1,BMI2,FMA,LZCNT,PCLMUL,POPCNT,AvxVnni,SERIALIZE VectorSize=256
// Job: ShortRun(IterationCount=3, LaunchCount=1, WarmupCount=3)

OverheadJitting  1: 1 op, 243735.00 ns, 243.7350 us/op
WorkloadJitting  1: 1 op, 2304770.00 ns, 2.3048 ms/op

OverheadJitting  2: 16 op, 271200.00 ns, 16.9500 us/op
WorkloadJitting  2: 16 op, 318126.00 ns, 19.8829 us/op

WorkloadPilot    1: 16 op, 18718.00 ns, 1.1699 us/op
WorkloadPilot    2: 32 op, 28404.00 ns, 887.6250 ns/op
WorkloadPilot    3: 64 op, 49688.00 ns, 776.3750 ns/op
WorkloadPilot    4: 128 op, 97406.00 ns, 760.9844 ns/op
WorkloadPilot    5: 256 op, 185878.00 ns, 726.0859 ns/op
WorkloadPilot    6: 512 op, 356017.00 ns, 695.3457 ns/op
WorkloadPilot    7: 1024 op, 707619.00 ns, 691.0342 ns/op
WorkloadPilot    8: 2048 op, 1433070.00 ns, 699.7412 ns/op
WorkloadPilot    9: 4096 op, 3027544.00 ns, 739.1465 ns/op
WorkloadPilot   10: 8192 op, 6432138.00 ns, 785.1731 ns/op
WorkloadPilot   11: 16384 op, 12160504.00 ns, 742.2183 ns/op
WorkloadPilot   12: 32768 op, 23449204.00 ns, 715.6129 ns/op
WorkloadPilot   13: 65536 op, 46493940.00 ns, 709.4412 ns/op
WorkloadPilot   14: 131072 op, 92076351.00 ns, 702.4868 ns/op
WorkloadPilot   15: 262144 op, 93821436.00 ns, 357.9004 ns/op
WorkloadPilot   16: 524288 op, 53336186.00 ns, 101.7307 ns/op
WorkloadPilot   17: 1048576 op, 106957470.00 ns, 102.0026 ns/op
WorkloadPilot   18: 2097152 op, 213846757.00 ns, 101.9701 ns/op
WorkloadPilot   19: 4194304 op, 428526127.00 ns, 102.1686 ns/op
WorkloadPilot   20: 8388608 op, 856453252.00 ns, 102.0972 ns/op

OverheadWarmup   1: 8388608 op, 19939295.00 ns, 2.3769 ns/op
OverheadWarmup   2: 8388608 op, 19961748.00 ns, 2.3796 ns/op
OverheadWarmup   3: 8388608 op, 19915499.00 ns, 2.3741 ns/op
OverheadWarmup   4: 8388608 op, 19941136.00 ns, 2.3772 ns/op
OverheadWarmup   5: 8388608 op, 19965466.00 ns, 2.3801 ns/op
OverheadWarmup   6: 8388608 op, 19916896.00 ns, 2.3743 ns/op

OverheadActual   1: 8388608 op, 19930168.00 ns, 2.3759 ns/op
OverheadActual   2: 8388608 op, 19917285.00 ns, 2.3743 ns/op
OverheadActual   3: 8388608 op, 19916697.00 ns, 2.3743 ns/op
OverheadActual   4: 8388608 op, 19925522.00 ns, 2.3753 ns/op
OverheadActual   5: 8388608 op, 19943276.00 ns, 2.3774 ns/op
OverheadActual   6: 8388608 op, 19909091.00 ns, 2.3733 ns/op
OverheadActual   7: 8388608 op, 19914221.00 ns, 2.3740 ns/op
OverheadActual   8: 8388608 op, 19903823.00 ns, 2.3727 ns/op
OverheadActual   9: 8388608 op, 19917156.00 ns, 2.3743 ns/op
OverheadActual  10: 8388608 op, 19909467.00 ns, 2.3734 ns/op
OverheadActual  11: 8388608 op, 19939793.00 ns, 2.3770 ns/op
OverheadActual  12: 8388608 op, 19916435.00 ns, 2.3742 ns/op
OverheadActual  13: 8388608 op, 18299460.00 ns, 2.1815 ns/op
OverheadActual  14: 8388608 op, 17847234.00 ns, 2.1276 ns/op
OverheadActual  15: 8388608 op, 17936525.00 ns, 2.1382 ns/op

WorkloadWarmup   1: 8388608 op, 856810953.00 ns, 102.1398 ns/op
WorkloadWarmup   2: 8388608 op, 855663979.00 ns, 102.0031 ns/op
WorkloadWarmup   3: 8388608 op, 863038342.00 ns, 102.8822 ns/op

// BeforeActualRun
WorkloadActual   1: 8388608 op, 854951467.00 ns, 101.9182 ns/op
WorkloadActual   2: 8388608 op, 854538331.00 ns, 101.8689 ns/op
WorkloadActual   3: 8388608 op, 854707558.00 ns, 101.8891 ns/op

// AfterActualRun
WorkloadResult   1: 8388608 op, 835035032.00 ns, 99.5439 ns/op
WorkloadResult   2: 8388608 op, 834621896.00 ns, 99.4947 ns/op
WorkloadResult   3: 8388608 op, 834791123.00 ns, 99.5149 ns/op
// GC:  0 0 0 1072 8388608
// Threading:  0 0 8388608

// AfterAll
// Benchmark Process 36705 has exited with code 0.

Mean = 99.518 ns, StdErr = 0.014 ns (0.01%), N = 3, StdDev = 0.025 ns
Min = 99.495 ns, Q1 = 99.505 ns, Median = 99.515 ns, Q3 = 99.529 ns, Max = 99.544 ns
IQR = 0.025 ns, LowerFence = 99.468 ns, UpperFence = 99.566 ns
ConfidenceInterval = [99.066 ns; 99.970 ns] (CI 99.9%), Margin = 0.452 ns (0.45% of Mean)
Skewness = 0.12, Kurtosis = 0.67, MValue = 2

// ** Remained 0 (0.0 %) benchmark(s) to run. Estimated finish 2026-08-28 19:44 (0h 0m from now) **
// ***** BenchmarkRunner: Finish  *****

// * Export *
  BenchmarkDotNet.Artifacts/results/VmExecutionBenchmarks-report.csv
  BenchmarkDotNet.Artifacts/results/VmExecutionBenchmarks-report-github.md
  BenchmarkDotNet.Artifacts/results/VmExecutionBenchmarks-report.html

// * Detailed results *
VmExecutionBenchmarks.IntegerLoop: ShortRun(IterationCount=3, LaunchCount=1, WarmupCount=3)
Runtime = .NET 10.0.2 (10.0.225.61305), X64 RyuJIT AVX2; GC = Concurrent Workstation
Mean = 87.247 μs, StdErr = 0.049 μs (0.06%), N = 3, StdDev = 0.085 μs
Min = 87.161 μs, Q1 = 87.204 μs, Median = 87.246 μs, Q3 = 87.289 μs, Max = 87.332 μs
IQR = 0.085 μs, LowerFence = 87.076 μs, UpperFence = 87.417 μs
ConfidenceInterval = [85.689 μs; 88.804 μs] (CI 99.9%), Margin = 1.557 μs (1.79% of Mean)
Skewness = 0, Kurtosis = 0.67, MValue = 2
-------------------- Histogram --------------------
[87.084 μs ; 87.410 μs) | @@@
---------------------------------------------------

VmExecutionBenchmarks.FloatLoop: ShortRun(IterationCount=3, LaunchCount=1, WarmupCount=3)
Runtime = .NET 10.0.2 (10.0.225.61305), X64 RyuJIT AVX2; GC = Concurrent Workstation
Mean = 85.362 μs, StdErr = 0.104 μs (0.12%), N = 3, StdDev = 0.180 μs
Min = 85.227 μs, Q1 = 85.259 μs, Median = 85.291 μs, Q3 = 85.429 μs, Max = 85.567 μs
IQR = 0.170 μs, LowerFence = 85.004 μs, UpperFence = 85.684 μs
ConfidenceInterval = [82.070 μs; 88.653 μs] (CI 99.9%), Margin = 3.292 μs (3.86% of Mean)
Skewness = 0.33, Kurtosis = 0.67, MValue = 2
-------------------- Histogram --------------------
[85.063 μs ; 85.731 μs) | @@@
---------------------------------------------------

VmExecutionBenchmarks.DirectCfdCallChain: ShortRun(IterationCount=3, LaunchCount=1, WarmupCount=3)
Runtime = .NET 10.0.2 (10.0.225.61305), X64 RyuJIT AVX2; GC = Concurrent Workstation
Mean = 260.147 ns, StdErr = 0.261 ns (0.10%), N = 3, StdDev = 0.452 ns
Min = 259.767 ns, Q1 = 259.897 ns, Median = 260.027 ns, Q3 = 260.336 ns, Max = 260.646 ns
IQR = 0.440 ns, LowerFence = 259.238 ns, UpperFence = 260.996 ns
ConfidenceInterval = [251.909 ns; 268.384 ns] (CI 99.9%), Margin = 8.237 ns (3.17% of Mean)
Skewness = 0.25, Kurtosis = 0.67, MValue = 2
-------------------- Histogram --------------------
[259.356 ns ; 261.057 ns) | @@@
---------------------------------------------------

VmExecutionBenchmarks.TailRecursion: ShortRun(IterationCount=3, LaunchCount=1, WarmupCount=3)
Runtime = .NET 10.0.2 (10.0.225.61305), X64 RyuJIT AVX2; GC = Concurrent Workstation
Mean = 43.633 μs, StdErr = 0.052 μs (0.12%), N = 3, StdDev = 0.091 μs
Min = 43.529 μs, Q1 = 43.602 μs, Median = 43.676 μs, Q3 = 43.685 μs, Max = 43.693 μs
IQR = 0.082 μs, LowerFence = 43.479 μs, UpperFence = 43.808 μs
ConfidenceInterval = [41.980 μs; 45.285 μs] (CI 99.9%), Margin = 1.653 μs (3.79% of Mean)
Skewness = -0.37, Kurtosis = 0.67, MValue = 2
-------------------- Histogram --------------------
[43.528 μs ; 43.693 μs) | @@@
---------------------------------------------------

VmExecutionBenchmarks.TailAccumulator: ShortRun(IterationCount=3, LaunchCount=1, WarmupCount=3)
Runtime = .NET 10.0.2 (10.0.225.61305), X64 RyuJIT AVX2; GC = Concurrent Workstation
Mean = 68.093 μs, StdErr = 0.196 μs (0.29%), N = 3, StdDev = 0.339 μs
Min = 67.855 μs, Q1 = 67.899 μs, Median = 67.942 μs, Q3 = 68.212 μs, Max = 68.482 μs
IQR = 0.313 μs, LowerFence = 67.429 μs, UpperFence = 68.681 μs
ConfidenceInterval = [61.900 μs; 74.286 μs] (CI 99.9%), Margin = 6.193 μs (9.09% of Mean)
Skewness = 0.36, Kurtosis = 0.67, MValue = 2
-------------------- Histogram --------------------
[67.546 μs ; 68.791 μs) | @@@
---------------------------------------------------

VmExecutionBenchmarks.GeneratedFieldRead: ShortRun(IterationCount=3, LaunchCount=1, WarmupCount=3)
Runtime = .NET 10.0.2 (10.0.225.61305), X64 RyuJIT AVX2; GC = Concurrent Workstation
Mean = 111.874 μs, StdErr = 0.070 μs (0.06%), N = 3, StdDev = 0.122 μs
Min = 111.733 μs, Q1 = 111.836 μs, Median = 111.939 μs, Q3 = 111.944 μs, Max = 111.949 μs
IQR = 0.108 μs, LowerFence = 111.674 μs, UpperFence = 112.106 μs
ConfidenceInterval = [109.650 μs; 114.097 μs] (CI 99.9%), Margin = 2.224 μs (1.99% of Mean)
Skewness = -0.38, Kurtosis = 0.67, MValue = 2
-------------------- Histogram --------------------
[111.730 μs ; 111.952 μs) | @@@
---------------------------------------------------

VmExecutionBenchmarks.MapFilterFold: ShortRun(IterationCount=3, LaunchCount=1, WarmupCount=3)
Runtime = .NET 10.0.2 (10.0.225.61305), X64 RyuJIT AVX2; GC = Concurrent Workstation
Mean = 3.283 μs, StdErr = 0.008 μs (0.24%), N = 3, StdDev = 0.013 μs
Min = 3.268 μs, Q1 = 3.277 μs, Median = 3.286 μs, Q3 = 3.290 μs, Max = 3.295 μs
IQR = 0.013 μs, LowerFence = 3.257 μs, UpperFence = 3.310 μs
ConfidenceInterval = [3.037 μs; 3.529 μs] (CI 99.9%), Margin = 0.246 μs (7.49% of Mean)
Skewness = -0.22, Kurtosis = 0.67, MValue = 2
-------------------- Histogram --------------------
[3.256 μs ; 3.307 μs) | @@@
---------------------------------------------------

VmExecutionBenchmarks.CfdToHost: ShortRun(IterationCount=3, LaunchCount=1, WarmupCount=3)
Runtime = .NET 10.0.2 (10.0.225.61305), X64 RyuJIT AVX2; GC = Concurrent Workstation
Mean = 77.312 ns, StdErr = 0.277 ns (0.36%), N = 3, StdDev = 0.480 ns
Min = 76.986 ns, Q1 = 77.037 ns, Median = 77.088 ns, Q3 = 77.475 ns, Max = 77.863 ns
IQR = 0.438 ns, LowerFence = 76.379 ns, UpperFence = 78.133 ns
ConfidenceInterval = [68.564 ns; 86.060 ns] (CI 99.9%), Margin = 8.748 ns (11.32% of Mean)
Skewness = 0.37, Kurtosis = 0.67, MValue = 2
-------------------- Histogram --------------------
[76.550 ns ; 78.299 ns) | @@@
---------------------------------------------------

VmExecutionBenchmarks.VmHostVmClosure: ShortRun(IterationCount=3, LaunchCount=1, WarmupCount=3)
Runtime = .NET 10.0.2 (10.0.225.61305), X64 RyuJIT AVX2; GC = Concurrent Workstation
Mean = 878.284 ns, StdErr = 8.905 ns (1.01%), N = 3, StdDev = 15.424 ns
Min = 864.044 ns, Q1 = 870.092 ns, Median = 876.140 ns, Q3 = 885.404 ns, Max = 894.668 ns
IQR = 15.312 ns, LowerFence = 847.125 ns, UpperFence = 908.372 ns
ConfidenceInterval = [596.893 ns; 1,159.676 ns] (CI 99.9%), Margin = 281.392 ns (32.04% of Mean)
Skewness = 0.14, Kurtosis = 0.67, MValue = 2
-------------------- Histogram --------------------
[856.056 ns ; 884.129 ns) | @@
[884.129 ns ; 908.705 ns) | @
---------------------------------------------------

VmExecutionBenchmarks.ReturnedVmClosure: ShortRun(IterationCount=3, LaunchCount=1, WarmupCount=3)
Runtime = .NET 10.0.2 (10.0.225.61305), X64 RyuJIT AVX2; GC = Concurrent Workstation
Mean = 99.518 ns, StdErr = 0.014 ns (0.01%), N = 3, StdDev = 0.025 ns
Min = 99.495 ns, Q1 = 99.505 ns, Median = 99.515 ns, Q3 = 99.529 ns, Max = 99.544 ns
IQR = 0.025 ns, LowerFence = 99.468 ns, UpperFence = 99.566 ns
ConfidenceInterval = [99.066 ns; 99.970 ns] (CI 99.9%), Margin = 0.452 ns (0.45% of Mean)
Skewness = 0.12, Kurtosis = 0.67, MValue = 2
-------------------- Histogram --------------------
[99.472 ns ; 99.567 ns) | @@@
---------------------------------------------------

// * Summary *

BenchmarkDotNet v0.14.0, Linux Mint 22.3 (Zena)
13th Gen Intel Core i5-13600KF, 1 CPU, 20 logical and 14 physical cores
.NET SDK 10.0.102
  [Host]   : .NET 10.0.2 (10.0.225.61305), X64 RyuJIT AVX2
  ShortRun : .NET 10.0.2 (10.0.225.61305), X64 RyuJIT AVX2

Job=ShortRun  IterationCount=3  LaunchCount=1  
WarmupCount=3  

| Method             | Mean          | Error        | StdDev     | Min           | Max           | Median        | Gen0   | Gen1   | Gen2   | Allocated |
|------------------- |--------------:|-------------:|-----------:|--------------:|--------------:|--------------:|-------:|-------:|-------:|----------:|
| IntegerLoop        |  87,246.61 ns | 1,557.457 ns |  85.369 ns |  87,161.36 ns |  87,332.10 ns |  87,246.37 ns |      - |      - |      - |         - |
| FloatLoop          |  85,361.50 ns | 3,291.729 ns | 180.431 ns |  85,226.91 ns |  85,566.53 ns |  85,291.07 ns |      - |      - |      - |         - |
| DirectCfdCallChain |     260.15 ns |     8.237 ns |   0.452 ns |     259.77 ns |     260.65 ns |     260.03 ns |      - |      - |      - |         - |
| TailRecursion      |  43,632.67 ns | 1,652.743 ns |  90.592 ns |  43,528.51 ns |  43,693.07 ns |  43,676.45 ns |      - |      - |      - |         - |
| TailAccumulator    |  68,092.93 ns | 6,192.995 ns | 339.459 ns |  67,855.36 ns |  68,481.72 ns |  67,941.70 ns |      - |      - |      - |         - |
| GeneratedFieldRead | 111,873.59 ns | 2,223.608 ns | 121.883 ns | 111,732.95 ns | 111,948.52 ns | 111,939.30 ns |      - |      - |      - |         - |
| MapFilterFold      |   3,282.98 ns |   246.035 ns |  13.486 ns |   3,268.19 ns |   3,294.61 ns |   3,286.12 ns | 0.0305 |      - |      - |     408 B |
| CfdToHost          |      77.31 ns |     8.748 ns |   0.480 ns |      76.99 ns |      77.86 ns |      77.09 ns |      - |      - |      - |         - |
| VmHostVmClosure    |     878.28 ns |   281.392 ns |  15.424 ns |     864.04 ns |     894.67 ns |     876.14 ns | 0.0181 | 0.0019 | 0.0019 |     231 B |
| ReturnedVmClosure  |      99.52 ns |     0.452 ns |   0.025 ns |      99.49 ns |      99.54 ns |      99.51 ns |      - |      - |      - |         - |

// * Legends *
  Mean      : Arithmetic mean of all measurements
  Error     : Half of 99.9% confidence interval
  StdDev    : Standard deviation of all measurements
  Min       : Minimum
  Max       : Maximum
  Median    : Value separating the higher half of all measurements (50th percentile)
  Gen0      : GC Generation 0 collects per 1000 operations
  Gen1      : GC Generation 1 collects per 1000 operations
  Gen2      : GC Generation 2 collects per 1000 operations
  Allocated : Allocated memory per single operation (managed only, inclusive, 1KB = 1024B)
  1 ns      : 1 Nanosecond (0.000000001 sec)

// * Diagnostic Output - MemoryDiagnoser *


// ***** BenchmarkRunner: End *****
Run time: 00:01:15 (75.24 sec), executed benchmarks: 10

Global total time: 00:01:40 (100.09 sec), executed benchmarks: 10
// * Artifacts cleanup *
Artifacts cleanup is finished
