// Validating benchmarks:
// ***** BenchmarkRunner: Start   *****
// ***** Found 10 benchmark(s) in total *****
// ***** Building 1 exe(s) in Parallel: Start   *****
Unable to find .sln or .csproj file. Will use current directory /mnt/Shared/Projects/coflow to search for project file. If you don't use .sln file on purpose it should not be a problem.
// start dotnet  restore /p:UseSharedCompilation=false /p:BuildInParallel=false /m:1 /p:Deterministic=true /p:Optimize=true /p:IntermediateOutputPath="/mnt/Shared/Projects/coflow/runtimes/csharp/Coflow.Cfd.Runtime.Benchmarks/bin/Release/net8.0/7d23f67b-716b-4f19-bd57-68fa1cce7168/obj/Release/net10.0/" /p:OutDir="/mnt/Shared/Projects/coflow/runtimes/csharp/Coflow.Cfd.Runtime.Benchmarks/bin/Release/net8.0/7d23f67b-716b-4f19-bd57-68fa1cce7168/bin/Release/net10.0/" /p:OutputPath="/mnt/Shared/Projects/coflow/runtimes/csharp/Coflow.Cfd.Runtime.Benchmarks/bin/Release/net8.0/7d23f67b-716b-4f19-bd57-68fa1cce7168/bin/Release/net10.0/" in /mnt/Shared/Projects/coflow/runtimes/csharp/Coflow.Cfd.Runtime.Benchmarks/bin/Release/net8.0/7d23f67b-716b-4f19-bd57-68fa1cce7168
// command took 1.66 sec and exited with 0
// start dotnet  build -c Release --no-restore /p:UseSharedCompilation=false /p:BuildInParallel=false /m:1 /p:Deterministic=true /p:Optimize=true /p:IntermediateOutputPath="/mnt/Shared/Projects/coflow/runtimes/csharp/Coflow.Cfd.Runtime.Benchmarks/bin/Release/net8.0/7d23f67b-716b-4f19-bd57-68fa1cce7168/obj/Release/net10.0/" /p:OutDir="/mnt/Shared/Projects/coflow/runtimes/csharp/Coflow.Cfd.Runtime.Benchmarks/bin/Release/net8.0/7d23f67b-716b-4f19-bd57-68fa1cce7168/bin/Release/net10.0/" /p:OutputPath="/mnt/Shared/Projects/coflow/runtimes/csharp/Coflow.Cfd.Runtime.Benchmarks/bin/Release/net8.0/7d23f67b-716b-4f19-bd57-68fa1cce7168/bin/Release/net10.0/" --output "/mnt/Shared/Projects/coflow/runtimes/csharp/Coflow.Cfd.Runtime.Benchmarks/bin/Release/net8.0/7d23f67b-716b-4f19-bd57-68fa1cce7168/bin/Release/net10.0/" in /mnt/Shared/Projects/coflow/runtimes/csharp/Coflow.Cfd.Runtime.Benchmarks/bin/Release/net8.0/7d23f67b-716b-4f19-bd57-68fa1cce7168
// command took 14.69 sec and exited with 0
// ***** Done, took 00:00:21 (21.76 sec)   *****
// Found 10 benchmarks:
//   VmExecutionBenchmarks.IntegerLoop: ShortRun(IterationCount=3, LaunchCount=1, WarmupCount=3)
//   VmExecutionBenchmarks.FloatLoop: ShortRun(IterationCount=3, LaunchCount=1, WarmupCount=3)
//   VmExecutionBenchmarks.DirectCfdCallChain: ShortRun(IterationCount=3, LaunchCount=1, WarmupCount=3)
//   VmExecutionBenchmarks.TailRecursion: ShortRun(IterationCount=3, LaunchCount=1, WarmupCount=3)
//   VmExecutionBenchmarks.TailAccumulator: ShortRun(IterationCount=3, LaunchCount=1, WarmupCount=3)
//   VmExecutionBenchmarks.GeneratedFieldRead: ShortRun(IterationCount=3, LaunchCount=1, WarmupCount=3)
//   VmExecutionBenchmarks.MapFilterFold: ShortRun(IterationCount=3, LaunchCount=1, WarmupCount=3)
//   VmExecutionBenchmarks.CfdToHost: ShortRun(IterationCount=3, LaunchCount=1, WarmupCount=3)
//   VmExecutionBenchmarks.VmHostVmClosure: ShortRun(IterationCount=3, LaunchCount=1, WarmupCount=3)
//   VmExecutionBenchmarks.ReturnedVmClosure: ShortRun(IterationCount=3, LaunchCount=1, WarmupCount=3)

// **************************
// Benchmark: VmExecutionBenchmarks.IntegerLoop: ShortRun(IterationCount=3, LaunchCount=1, WarmupCount=3)
// *** Execute ***
// Launch: 1 / 1
// Execute: dotnet 7d23f67b-716b-4f19-bd57-68fa1cce7168.dll --anonymousPipes 118 119 --benchmarkName VmExecutionBenchmarks.IntegerLoop --job ShortRun --benchmarkId 0 in /mnt/Shared/Projects/coflow/runtimes/csharp/Coflow.Cfd.Runtime.Benchmarks/bin/Release/net8.0/7d23f67b-716b-4f19-bd57-68fa1cce7168/bin/Release/net10.0
// Failed to set up high priority (Permission denied). In order to run benchmarks with high priority, make sure you have the right permissions.
// BeforeAnythingElse

// Benchmark Process Environment Information:
// BenchmarkDotNet v0.14.0
// Runtime=.NET 10.0.2 (10.0.225.61305), X64 RyuJIT AVX2
// GC=Concurrent Workstation
// HardwareIntrinsics=AVX2,AES,BMI1,BMI2,FMA,LZCNT,PCLMUL,POPCNT,AvxVnni,SERIALIZE VectorSize=256
// Job: ShortRun(IterationCount=3, LaunchCount=1, WarmupCount=3)

OverheadJitting  1: 1 op, 228978.00 ns, 228.9780 us/op
WorkloadJitting  1: 1 op, 11658963.00 ns, 11.6590 ms/op

OverheadJitting  2: 16 op, 267008.00 ns, 16.6880 us/op
WorkloadJitting  2: 16 op, 4231314.00 ns, 264.4571 us/op

WorkloadPilot    1: 16 op, 3956110.00 ns, 247.2569 us/op
WorkloadPilot    2: 32 op, 7940999.00 ns, 248.1562 us/op
WorkloadPilot    3: 64 op, 15940062.00 ns, 249.0635 us/op
WorkloadPilot    4: 128 op, 31934521.00 ns, 249.4884 us/op
WorkloadPilot    5: 256 op, 63442288.00 ns, 247.8214 us/op
WorkloadPilot    6: 512 op, 47142886.00 ns, 92.0759 us/op
WorkloadPilot    7: 1024 op, 91219198.00 ns, 89.0812 us/op
WorkloadPilot    8: 2048 op, 182536635.00 ns, 89.1292 us/op
WorkloadPilot    9: 4096 op, 364567693.00 ns, 89.0058 us/op
WorkloadPilot   10: 8192 op, 728853650.00 ns, 88.9714 us/op

OverheadWarmup   1: 8192 op, 21673.00 ns, 2.6456 ns/op
OverheadWarmup   2: 8192 op, 19864.00 ns, 2.4248 ns/op
OverheadWarmup   3: 8192 op, 19832.00 ns, 2.4209 ns/op
OverheadWarmup   4: 8192 op, 19934.00 ns, 2.4333 ns/op
OverheadWarmup   5: 8192 op, 19960.00 ns, 2.4365 ns/op
OverheadWarmup   6: 8192 op, 19881.00 ns, 2.4269 ns/op
OverheadWarmup   7: 8192 op, 19840.00 ns, 2.4219 ns/op
OverheadWarmup   8: 8192 op, 19810.00 ns, 2.4182 ns/op
OverheadWarmup   9: 8192 op, 20305.00 ns, 2.4786 ns/op
OverheadWarmup  10: 8192 op, 19828.00 ns, 2.4204 ns/op

OverheadActual   1: 8192 op, 20278.00 ns, 2.4753 ns/op
OverheadActual   2: 8192 op, 20043.00 ns, 2.4467 ns/op
OverheadActual   3: 8192 op, 20001.00 ns, 2.4415 ns/op
OverheadActual   4: 8192 op, 19880.00 ns, 2.4268 ns/op
OverheadActual   5: 8192 op, 19957.00 ns, 2.4362 ns/op
OverheadActual   6: 8192 op, 19822.00 ns, 2.4197 ns/op
OverheadActual   7: 8192 op, 20355.00 ns, 2.4847 ns/op
OverheadActual   8: 8192 op, 19787.00 ns, 2.4154 ns/op
OverheadActual   9: 8192 op, 19844.00 ns, 2.4224 ns/op
OverheadActual  10: 8192 op, 19888.00 ns, 2.4277 ns/op
OverheadActual  11: 8192 op, 19814.00 ns, 2.4187 ns/op
OverheadActual  12: 8192 op, 19821.00 ns, 2.4196 ns/op
OverheadActual  13: 8192 op, 19776.00 ns, 2.4141 ns/op
OverheadActual  14: 8192 op, 20371.00 ns, 2.4867 ns/op
OverheadActual  15: 8192 op, 20671.00 ns, 2.5233 ns/op

WorkloadWarmup   1: 8192 op, 730864041.00 ns, 89.2168 us/op
WorkloadWarmup   2: 8192 op, 729935791.00 ns, 89.1035 us/op
WorkloadWarmup   3: 8192 op, 729169261.00 ns, 89.0099 us/op

// BeforeActualRun
WorkloadActual   1: 8192 op, 729396538.00 ns, 89.0377 us/op
WorkloadActual   2: 8192 op, 729694104.00 ns, 89.0740 us/op
WorkloadActual   3: 8192 op, 729458541.00 ns, 89.0452 us/op

// AfterActualRun
WorkloadResult   1: 8192 op, 729376650.00 ns, 89.0352 us/op
WorkloadResult   2: 8192 op, 729674216.00 ns, 89.0716 us/op
WorkloadResult   3: 8192 op, 729438653.00 ns, 89.0428 us/op
// GC:  0 0 0 1072 8192
// Threading:  0 0 8192

// AfterAll
// Benchmark Process 42535 has exited with code 0.

Mean = 89.050 μs, StdErr = 0.011 μs (0.01%), N = 3, StdDev = 0.019 μs
Min = 89.035 μs, Q1 = 89.039 μs, Median = 89.043 μs, Q3 = 89.057 μs, Max = 89.072 μs
IQR = 0.018 μs, LowerFence = 89.012 μs, UpperFence = 89.084 μs
ConfidenceInterval = [88.700 μs; 89.399 μs] (CI 99.9%), Margin = 0.350 μs (0.39% of Mean)
Skewness = 0.32, Kurtosis = 0.67, MValue = 2

// ** Remained 9 (90.0 %) benchmark(s) to run. Estimated finish 2026-08-28 19:52 (0h 1m from now) **
// **************************
// Benchmark: VmExecutionBenchmarks.FloatLoop: ShortRun(IterationCount=3, LaunchCount=1, WarmupCount=3)
// *** Execute ***
// Launch: 1 / 1
// Execute: dotnet 7d23f67b-716b-4f19-bd57-68fa1cce7168.dll --anonymousPipes 118 119 --benchmarkName VmExecutionBenchmarks.FloatLoop --job ShortRun --benchmarkId 1 in /mnt/Shared/Projects/coflow/runtimes/csharp/Coflow.Cfd.Runtime.Benchmarks/bin/Release/net8.0/7d23f67b-716b-4f19-bd57-68fa1cce7168/bin/Release/net10.0
// Failed to set up high priority (Permission denied). In order to run benchmarks with high priority, make sure you have the right permissions.
// BeforeAnythingElse

// Benchmark Process Environment Information:
// BenchmarkDotNet v0.14.0
// Runtime=.NET 10.0.2 (10.0.225.61305), X64 RyuJIT AVX2
// GC=Concurrent Workstation
// HardwareIntrinsics=AVX2,AES,BMI1,BMI2,FMA,LZCNT,PCLMUL,POPCNT,AvxVnni,SERIALIZE VectorSize=256
// Job: ShortRun(IterationCount=3, LaunchCount=1, WarmupCount=3)

OverheadJitting  1: 1 op, 224375.00 ns, 224.3750 us/op
WorkloadJitting  1: 1 op, 11992312.00 ns, 11.9923 ms/op

OverheadJitting  2: 16 op, 267489.00 ns, 16.7181 us/op
WorkloadJitting  2: 16 op, 4358906.00 ns, 272.4316 us/op

WorkloadPilot    1: 16 op, 4069644.00 ns, 254.3528 us/op
WorkloadPilot    2: 32 op, 8189981.00 ns, 255.9369 us/op
WorkloadPilot    3: 64 op, 16451311.00 ns, 257.0517 us/op
WorkloadPilot    4: 128 op, 32817018.00 ns, 256.3830 us/op
WorkloadPilot    5: 256 op, 65260796.00 ns, 254.9250 us/op
WorkloadPilot    6: 512 op, 77603810.00 ns, 151.5699 us/op
WorkloadPilot    7: 1024 op, 88441291.00 ns, 86.3684 us/op
WorkloadPilot    8: 2048 op, 176285768.00 ns, 86.0770 us/op
WorkloadPilot    9: 4096 op, 352950355.00 ns, 86.1695 us/op
WorkloadPilot   10: 8192 op, 706119491.00 ns, 86.1962 us/op

OverheadWarmup   1: 8192 op, 20908.00 ns, 2.5522 ns/op
OverheadWarmup   2: 8192 op, 19992.00 ns, 2.4404 ns/op
OverheadWarmup   3: 8192 op, 19800.00 ns, 2.4170 ns/op
OverheadWarmup   4: 8192 op, 19809.00 ns, 2.4181 ns/op
OverheadWarmup   5: 8192 op, 20342.00 ns, 2.4832 ns/op
OverheadWarmup   6: 8192 op, 19789.00 ns, 2.4156 ns/op
OverheadWarmup   7: 8192 op, 19801.00 ns, 2.4171 ns/op
OverheadWarmup   8: 8192 op, 19779.00 ns, 2.4144 ns/op

OverheadActual   1: 8192 op, 20552.00 ns, 2.5088 ns/op
OverheadActual   2: 8192 op, 20034.00 ns, 2.4456 ns/op
OverheadActual   3: 8192 op, 20019.00 ns, 2.4437 ns/op
OverheadActual   4: 8192 op, 19772.00 ns, 2.4136 ns/op
OverheadActual   5: 8192 op, 19991.00 ns, 2.4403 ns/op
OverheadActual   6: 8192 op, 19747.00 ns, 2.4105 ns/op
OverheadActual   7: 8192 op, 19713.00 ns, 2.4064 ns/op
OverheadActual   8: 8192 op, 19724.00 ns, 2.4077 ns/op
OverheadActual   9: 8192 op, 20047.00 ns, 2.4471 ns/op
OverheadActual  10: 8192 op, 19696.00 ns, 2.4043 ns/op
OverheadActual  11: 8192 op, 20438.00 ns, 2.4949 ns/op
OverheadActual  12: 8192 op, 19725.00 ns, 2.4078 ns/op
OverheadActual  13: 8192 op, 19730.00 ns, 2.4084 ns/op
OverheadActual  14: 8192 op, 23414.00 ns, 2.8582 ns/op
OverheadActual  15: 8192 op, 19803.00 ns, 2.4174 ns/op

WorkloadWarmup   1: 8192 op, 705776712.00 ns, 86.1544 us/op
WorkloadWarmup   2: 8192 op, 705766769.00 ns, 86.1532 us/op
WorkloadWarmup   3: 8192 op, 705878884.00 ns, 86.1669 us/op

// BeforeActualRun
WorkloadActual   1: 8192 op, 704467673.00 ns, 85.9946 us/op
WorkloadActual   2: 8192 op, 704345387.00 ns, 85.9797 us/op
WorkloadActual   3: 8192 op, 704136820.00 ns, 85.9542 us/op

// AfterActualRun
WorkloadResult   1: 8192 op, 704447870.00 ns, 85.9922 us/op
WorkloadResult   2: 8192 op, 704325584.00 ns, 85.9772 us/op
WorkloadResult   3: 8192 op, 704117017.00 ns, 85.9518 us/op
// GC:  0 0 0 784 8192
// Threading:  0 0 8192

// AfterAll
// Benchmark Process 42555 has exited with code 0.

Mean = 85.974 μs, StdErr = 0.012 μs (0.01%), N = 3, StdDev = 0.020 μs
Min = 85.952 μs, Q1 = 85.965 μs, Median = 85.977 μs, Q3 = 85.985 μs, Max = 85.992 μs
IQR = 0.020 μs, LowerFence = 85.934 μs, UpperFence = 86.015 μs
ConfidenceInterval = [85.601 μs; 86.346 μs] (CI 99.9%), Margin = 0.373 μs (0.43% of Mean)
Skewness = -0.17, Kurtosis = 0.67, MValue = 2

// ** Remained 8 (80.0 %) benchmark(s) to run. Estimated finish 2026-08-28 19:52 (0h 0m from now) **
// **************************
// Benchmark: VmExecutionBenchmarks.DirectCfdCallChain: ShortRun(IterationCount=3, LaunchCount=1, WarmupCount=3)
// *** Execute ***
// Launch: 1 / 1
// Execute: dotnet 7d23f67b-716b-4f19-bd57-68fa1cce7168.dll --anonymousPipes 118 119 --benchmarkName VmExecutionBenchmarks.DirectCfdCallChain --job ShortRun --benchmarkId 2 in /mnt/Shared/Projects/coflow/runtimes/csharp/Coflow.Cfd.Runtime.Benchmarks/bin/Release/net8.0/7d23f67b-716b-4f19-bd57-68fa1cce7168/bin/Release/net10.0
// Failed to set up high priority (Permission denied). In order to run benchmarks with high priority, make sure you have the right permissions.
// BeforeAnythingElse

// Benchmark Process Environment Information:
// BenchmarkDotNet v0.14.0
// Runtime=.NET 10.0.2 (10.0.225.61305), X64 RyuJIT AVX2
// GC=Concurrent Workstation
// HardwareIntrinsics=AVX2,AES,BMI1,BMI2,FMA,LZCNT,PCLMUL,POPCNT,AvxVnni,SERIALIZE VectorSize=256
// Job: ShortRun(IterationCount=3, LaunchCount=1, WarmupCount=3)

OverheadJitting  1: 1 op, 218172.00 ns, 218.1720 us/op
WorkloadJitting  1: 1 op, 2326320.00 ns, 2.3263 ms/op

OverheadJitting  2: 16 op, 255946.00 ns, 15.9966 us/op
WorkloadJitting  2: 16 op, 299625.00 ns, 18.7266 us/op

WorkloadPilot    1: 16 op, 36527.00 ns, 2.2829 us/op
WorkloadPilot    2: 32 op, 63061.00 ns, 1.9707 us/op
WorkloadPilot    3: 64 op, 118631.00 ns, 1.8536 us/op
WorkloadPilot    4: 128 op, 234614.00 ns, 1.8329 us/op
WorkloadPilot    5: 256 op, 459813.00 ns, 1.7961 us/op
WorkloadPilot    6: 512 op, 913735.00 ns, 1.7846 us/op
WorkloadPilot    7: 1024 op, 1842531.00 ns, 1.7993 us/op
WorkloadPilot    8: 2048 op, 4075100.00 ns, 1.9898 us/op
WorkloadPilot    9: 4096 op, 7855822.00 ns, 1.9179 us/op
WorkloadPilot   10: 8192 op, 15552226.00 ns, 1.8985 us/op
WorkloadPilot   11: 16384 op, 30272681.00 ns, 1.8477 us/op
WorkloadPilot   12: 32768 op, 59577069.00 ns, 1.8181 us/op
WorkloadPilot   13: 65536 op, 71783267.00 ns, 1.0953 us/op
WorkloadPilot   14: 131072 op, 34572850.00 ns, 263.7699 ns/op
WorkloadPilot   15: 262144 op, 69040927.00 ns, 263.3702 ns/op
WorkloadPilot   16: 524288 op, 137931732.00 ns, 263.0839 ns/op
WorkloadPilot   17: 1048576 op, 276324145.00 ns, 263.5232 ns/op
WorkloadPilot   18: 2097152 op, 551785534.00 ns, 263.1118 ns/op

OverheadWarmup   1: 2097152 op, 5024315.00 ns, 2.3958 ns/op
OverheadWarmup   2: 2097152 op, 5025924.00 ns, 2.3965 ns/op
OverheadWarmup   3: 2097152 op, 5012364.00 ns, 2.3901 ns/op
OverheadWarmup   4: 2097152 op, 5009472.00 ns, 2.3887 ns/op
OverheadWarmup   5: 2097152 op, 5025571.00 ns, 2.3964 ns/op
OverheadWarmup   6: 2097152 op, 5024252.00 ns, 2.3958 ns/op

OverheadActual   1: 2097152 op, 5024174.00 ns, 2.3957 ns/op
OverheadActual   2: 2097152 op, 5017190.00 ns, 2.3924 ns/op
OverheadActual   3: 2097152 op, 5020214.00 ns, 2.3938 ns/op
OverheadActual   4: 2097152 op, 5007887.00 ns, 2.3879 ns/op
OverheadActual   5: 2097152 op, 5025824.00 ns, 2.3965 ns/op
OverheadActual   6: 2097152 op, 5030894.00 ns, 2.3989 ns/op
OverheadActual   7: 2097152 op, 5015844.00 ns, 2.3917 ns/op
OverheadActual   8: 2097152 op, 5018614.00 ns, 2.3931 ns/op
OverheadActual   9: 2097152 op, 5007626.00 ns, 2.3878 ns/op
OverheadActual  10: 2097152 op, 5017890.00 ns, 2.3927 ns/op
OverheadActual  11: 2097152 op, 5016591.00 ns, 2.3921 ns/op
OverheadActual  12: 2097152 op, 5028030.00 ns, 2.3976 ns/op
OverheadActual  13: 2097152 op, 5025435.00 ns, 2.3963 ns/op
OverheadActual  14: 2097152 op, 5022115.00 ns, 2.3947 ns/op
OverheadActual  15: 2097152 op, 5025274.00 ns, 2.3962 ns/op

WorkloadWarmup   1: 2097152 op, 557081466.00 ns, 265.6371 ns/op
WorkloadWarmup   2: 2097152 op, 551648617.00 ns, 263.0466 ns/op
WorkloadWarmup   3: 2097152 op, 552888660.00 ns, 263.6379 ns/op

// BeforeActualRun
WorkloadActual   1: 2097152 op, 554075672.00 ns, 264.2039 ns/op
WorkloadActual   2: 2097152 op, 551235084.00 ns, 262.8494 ns/op
WorkloadActual   3: 2097152 op, 551499662.00 ns, 262.9755 ns/op

// AfterActualRun
WorkloadResult   1: 2097152 op, 549055458.00 ns, 261.8100 ns/op
WorkloadResult   2: 2097152 op, 546214870.00 ns, 260.4555 ns/op
WorkloadResult   3: 2097152 op, 546479448.00 ns, 260.5817 ns/op
// GC:  0 0 0 64 2097152
// Threading:  0 0 2097152

// AfterAll
// Benchmark Process 42578 has exited with code 0.

Mean = 260.949 ns, StdErr = 0.432 ns (0.17%), N = 3, StdDev = 0.748 ns
Min = 260.456 ns, Q1 = 260.519 ns, Median = 260.582 ns, Q3 = 261.196 ns, Max = 261.810 ns
IQR = 0.677 ns, LowerFence = 259.503 ns, UpperFence = 262.212 ns
ConfidenceInterval = [247.298 ns; 274.600 ns] (CI 99.9%), Margin = 13.651 ns (5.23% of Mean)
Skewness = 0.37, Kurtosis = 0.67, MValue = 2

// ** Remained 7 (70.0 %) benchmark(s) to run. Estimated finish 2026-08-28 19:52 (0h 0m from now) **
// **************************
// Benchmark: VmExecutionBenchmarks.TailRecursion: ShortRun(IterationCount=3, LaunchCount=1, WarmupCount=3)
// *** Execute ***
// Launch: 1 / 1
// Execute: dotnet 7d23f67b-716b-4f19-bd57-68fa1cce7168.dll --anonymousPipes 118 119 --benchmarkName VmExecutionBenchmarks.TailRecursion --job ShortRun --benchmarkId 3 in /mnt/Shared/Projects/coflow/runtimes/csharp/Coflow.Cfd.Runtime.Benchmarks/bin/Release/net8.0/7d23f67b-716b-4f19-bd57-68fa1cce7168/bin/Release/net10.0
// Failed to set up high priority (Permission denied). In order to run benchmarks with high priority, make sure you have the right permissions.
// BeforeAnythingElse

// Benchmark Process Environment Information:
// BenchmarkDotNet v0.14.0
// Runtime=.NET 10.0.2 (10.0.225.61305), X64 RyuJIT AVX2
// GC=Concurrent Workstation
// HardwareIntrinsics=AVX2,AES,BMI1,BMI2,FMA,LZCNT,PCLMUL,POPCNT,AvxVnni,SERIALIZE VectorSize=256
// Job: ShortRun(IterationCount=3, LaunchCount=1, WarmupCount=3)

OverheadJitting  1: 1 op, 223278.00 ns, 223.2780 us/op
WorkloadJitting  1: 1 op, 2307577.00 ns, 2.3076 ms/op

OverheadJitting  2: 16 op, 287309.00 ns, 17.9568 us/op
WorkloadJitting  2: 16 op, 10994193.00 ns, 687.1371 us/op

WorkloadPilot    1: 16 op, 2207980.00 ns, 137.9988 us/op
WorkloadPilot    2: 32 op, 4939055.00 ns, 154.3455 us/op
WorkloadPilot    3: 64 op, 9456937.00 ns, 147.7646 us/op
WorkloadPilot    4: 128 op, 17931240.00 ns, 140.0878 us/op
WorkloadPilot    5: 256 op, 35458425.00 ns, 138.5095 us/op
WorkloadPilot    6: 512 op, 70436086.00 ns, 137.5705 us/op
WorkloadPilot    7: 1024 op, 62439687.00 ns, 60.9763 us/op
WorkloadPilot    8: 2048 op, 88378018.00 ns, 43.1533 us/op
WorkloadPilot    9: 4096 op, 176838197.00 ns, 43.1734 us/op
WorkloadPilot   10: 8192 op, 352764660.00 ns, 43.0621 us/op
WorkloadPilot   11: 16384 op, 706989805.00 ns, 43.1512 us/op

OverheadWarmup   1: 16384 op, 41274.00 ns, 2.5192 ns/op
OverheadWarmup   2: 16384 op, 39441.00 ns, 2.4073 ns/op
OverheadWarmup   3: 16384 op, 39375.00 ns, 2.4033 ns/op
OverheadWarmup   4: 16384 op, 42775.00 ns, 2.6108 ns/op
OverheadWarmup   5: 16384 op, 40085.00 ns, 2.4466 ns/op
OverheadWarmup   6: 16384 op, 42695.00 ns, 2.6059 ns/op
OverheadWarmup   7: 16384 op, 39327.00 ns, 2.4003 ns/op

OverheadActual   1: 16384 op, 39734.00 ns, 2.4252 ns/op
OverheadActual   2: 16384 op, 40142.00 ns, 2.4501 ns/op
OverheadActual   3: 16384 op, 39724.00 ns, 2.4246 ns/op
OverheadActual   4: 16384 op, 39486.00 ns, 2.4100 ns/op
OverheadActual   5: 16384 op, 39543.00 ns, 2.4135 ns/op
OverheadActual   6: 16384 op, 39833.00 ns, 2.4312 ns/op
OverheadActual   7: 16384 op, 39378.00 ns, 2.4034 ns/op
OverheadActual   8: 16384 op, 39350.00 ns, 2.4017 ns/op
OverheadActual   9: 16384 op, 39343.00 ns, 2.4013 ns/op
OverheadActual  10: 16384 op, 39566.00 ns, 2.4149 ns/op
OverheadActual  11: 16384 op, 39289.00 ns, 2.3980 ns/op
OverheadActual  12: 16384 op, 43350.00 ns, 2.6459 ns/op
OverheadActual  13: 16384 op, 39358.00 ns, 2.4022 ns/op
OverheadActual  14: 16384 op, 39693.00 ns, 2.4227 ns/op
OverheadActual  15: 16384 op, 39418.00 ns, 2.4059 ns/op

WorkloadWarmup   1: 16384 op, 706821179.00 ns, 43.1409 us/op
WorkloadWarmup   2: 16384 op, 705944886.00 ns, 43.0875 us/op
WorkloadWarmup   3: 16384 op, 707083569.00 ns, 43.1570 us/op

// BeforeActualRun
WorkloadActual   1: 16384 op, 706430353.00 ns, 43.1171 us/op
WorkloadActual   2: 16384 op, 707020797.00 ns, 43.1531 us/op
WorkloadActual   3: 16384 op, 707021599.00 ns, 43.1532 us/op

// AfterActualRun
WorkloadResult   1: 16384 op, 706390810.00 ns, 43.1147 us/op
WorkloadResult   2: 16384 op, 706981254.00 ns, 43.1507 us/op
WorkloadResult   3: 16384 op, 706982056.00 ns, 43.1508 us/op
// GC:  0 0 0 64 16384
// Threading:  0 0 16384

// AfterAll
// Benchmark Process 42623 has exited with code 0.

Mean = 43.139 μs, StdErr = 0.012 μs (0.03%), N = 3, StdDev = 0.021 μs
Min = 43.115 μs, Q1 = 43.133 μs, Median = 43.151 μs, Q3 = 43.151 μs, Max = 43.151 μs
IQR = 0.018 μs, LowerFence = 43.106 μs, UpperFence = 43.178 μs
ConfidenceInterval = [42.759 μs; 43.519 μs] (CI 99.9%), Margin = 0.380 μs (0.88% of Mean)
Skewness = -0.38, Kurtosis = 0.67, MValue = 2

// ** Remained 6 (60.0 %) benchmark(s) to run. Estimated finish 2026-08-28 19:52 (0h 0m from now) **
// **************************
// Benchmark: VmExecutionBenchmarks.TailAccumulator: ShortRun(IterationCount=3, LaunchCount=1, WarmupCount=3)
// *** Execute ***
// Launch: 1 / 1
// Execute: dotnet 7d23f67b-716b-4f19-bd57-68fa1cce7168.dll --anonymousPipes 118 119 --benchmarkName VmExecutionBenchmarks.TailAccumulator --job ShortRun --benchmarkId 4 in /mnt/Shared/Projects/coflow/runtimes/csharp/Coflow.Cfd.Runtime.Benchmarks/bin/Release/net8.0/7d23f67b-716b-4f19-bd57-68fa1cce7168/bin/Release/net10.0
// Failed to set up high priority (Permission denied). In order to run benchmarks with high priority, make sure you have the right permissions.
// BeforeAnythingElse

// Benchmark Process Environment Information:
// BenchmarkDotNet v0.14.0
// Runtime=.NET 10.0.2 (10.0.225.61305), X64 RyuJIT AVX2
// GC=Concurrent Workstation
// HardwareIntrinsics=AVX2,AES,BMI1,BMI2,FMA,LZCNT,PCLMUL,POPCNT,AvxVnni,SERIALIZE VectorSize=256
// Job: ShortRun(IterationCount=3, LaunchCount=1, WarmupCount=3)

OverheadJitting  1: 1 op, 216492.00 ns, 216.4920 us/op
WorkloadJitting  1: 1 op, 11795097.00 ns, 11.7951 ms/op

OverheadJitting  2: 16 op, 296326.00 ns, 18.5204 us/op
WorkloadJitting  2: 16 op, 4178444.00 ns, 261.1528 us/op

WorkloadPilot    1: 16 op, 3825626.00 ns, 239.1016 us/op
WorkloadPilot    2: 32 op, 7552347.00 ns, 236.0108 us/op
WorkloadPilot    3: 64 op, 15036162.00 ns, 234.9400 us/op
WorkloadPilot    4: 128 op, 29802185.00 ns, 232.8296 us/op
WorkloadPilot    5: 256 op, 59109206.00 ns, 230.8953 us/op
WorkloadPilot    6: 512 op, 77969158.00 ns, 152.2835 us/op
WorkloadPilot    7: 1024 op, 69100572.00 ns, 67.4810 us/op
WorkloadPilot    8: 2048 op, 137980008.00 ns, 67.3731 us/op
WorkloadPilot    9: 4096 op, 276261835.00 ns, 67.4467 us/op
WorkloadPilot   10: 8192 op, 552063730.00 ns, 67.3906 us/op

OverheadWarmup   1: 8192 op, 21330.00 ns, 2.6038 ns/op
OverheadWarmup   2: 8192 op, 19740.00 ns, 2.4097 ns/op
OverheadWarmup   3: 8192 op, 19701.00 ns, 2.4049 ns/op
OverheadWarmup   4: 8192 op, 19708.00 ns, 2.4058 ns/op
OverheadWarmup   5: 8192 op, 20001.00 ns, 2.4415 ns/op
OverheadWarmup   6: 8192 op, 19724.00 ns, 2.4077 ns/op
OverheadWarmup   7: 8192 op, 19656.00 ns, 2.3994 ns/op
OverheadWarmup   8: 8192 op, 19690.00 ns, 2.4036 ns/op
OverheadWarmup   9: 8192 op, 20117.00 ns, 2.4557 ns/op
OverheadWarmup  10: 8192 op, 19680.00 ns, 2.4023 ns/op

OverheadActual   1: 8192 op, 20457.00 ns, 2.4972 ns/op
OverheadActual   2: 8192 op, 24481.00 ns, 2.9884 ns/op
OverheadActual   3: 8192 op, 19960.00 ns, 2.4365 ns/op
OverheadActual   4: 8192 op, 20126.00 ns, 2.4568 ns/op
OverheadActual   5: 8192 op, 19982.00 ns, 2.4392 ns/op
OverheadActual   6: 8192 op, 19708.00 ns, 2.4058 ns/op
OverheadActual   7: 8192 op, 20027.00 ns, 2.4447 ns/op
OverheadActual   8: 8192 op, 19674.00 ns, 2.4016 ns/op
OverheadActual   9: 8192 op, 19661.00 ns, 2.4000 ns/op
OverheadActual  10: 8192 op, 19709.00 ns, 2.4059 ns/op
OverheadActual  11: 8192 op, 19707.00 ns, 2.4056 ns/op
OverheadActual  12: 8192 op, 19739.00 ns, 2.4095 ns/op
OverheadActual  13: 8192 op, 19688.00 ns, 2.4033 ns/op
OverheadActual  14: 8192 op, 19709.00 ns, 2.4059 ns/op
OverheadActual  15: 8192 op, 20543.00 ns, 2.5077 ns/op

WorkloadWarmup   1: 8192 op, 552289772.00 ns, 67.4182 us/op
WorkloadWarmup   2: 8192 op, 552196841.00 ns, 67.4068 us/op
WorkloadWarmup   3: 8192 op, 551591741.00 ns, 67.3330 us/op

// BeforeActualRun
WorkloadActual   1: 8192 op, 552043934.00 ns, 67.3882 us/op
WorkloadActual   2: 8192 op, 552007296.00 ns, 67.3837 us/op
WorkloadActual   3: 8192 op, 552179629.00 ns, 67.4047 us/op

// AfterActualRun
WorkloadResult   1: 8192 op, 552024195.00 ns, 67.3858 us/op
WorkloadResult   2: 8192 op, 551987557.00 ns, 67.3813 us/op
WorkloadResult   3: 8192 op, 552159890.00 ns, 67.4023 us/op
// GC:  0 0 0 1072 8192
// Threading:  0 0 8192

// AfterAll
// Benchmark Process 42645 has exited with code 0.

Mean = 67.390 μs, StdErr = 0.006 μs (0.01%), N = 3, StdDev = 0.011 μs
Min = 67.381 μs, Q1 = 67.384 μs, Median = 67.386 μs, Q3 = 67.394 μs, Max = 67.402 μs
IQR = 0.011 μs, LowerFence = 67.368 μs, UpperFence = 67.410 μs
ConfidenceInterval = [67.188 μs; 67.592 μs] (CI 99.9%), Margin = 0.202 μs (0.30% of Mean)
Skewness = 0.32, Kurtosis = 0.67, MValue = 2

// ** Remained 5 (50.0 %) benchmark(s) to run. Estimated finish 2026-08-28 19:52 (0h 0m from now) **
// **************************
// Benchmark: VmExecutionBenchmarks.GeneratedFieldRead: ShortRun(IterationCount=3, LaunchCount=1, WarmupCount=3)
// *** Execute ***
// Launch: 1 / 1
// Execute: dotnet 7d23f67b-716b-4f19-bd57-68fa1cce7168.dll --anonymousPipes 118 119 --benchmarkName VmExecutionBenchmarks.GeneratedFieldRead --job ShortRun --benchmarkId 5 in /mnt/Shared/Projects/coflow/runtimes/csharp/Coflow.Cfd.Runtime.Benchmarks/bin/Release/net8.0/7d23f67b-716b-4f19-bd57-68fa1cce7168/bin/Release/net10.0
// Failed to set up high priority (Permission denied). In order to run benchmarks with high priority, make sure you have the right permissions.
// BeforeAnythingElse

// Benchmark Process Environment Information:
// BenchmarkDotNet v0.14.0
// Runtime=.NET 10.0.2 (10.0.225.61305), X64 RyuJIT AVX2
// GC=Concurrent Workstation
// HardwareIntrinsics=AVX2,AES,BMI1,BMI2,FMA,LZCNT,PCLMUL,POPCNT,AvxVnni,SERIALIZE VectorSize=256
// Job: ShortRun(IterationCount=3, LaunchCount=1, WarmupCount=3)

OverheadJitting  1: 1 op, 227857.00 ns, 227.8570 us/op
WorkloadJitting  1: 1 op, 11767571.00 ns, 11.7676 ms/op

OverheadJitting  2: 16 op, 272280.00 ns, 17.0175 us/op
WorkloadJitting  2: 16 op, 4890334.00 ns, 305.6459 us/op

WorkloadPilot    1: 16 op, 4593955.00 ns, 287.1222 us/op
WorkloadPilot    2: 32 op, 9218524.00 ns, 288.0789 us/op
WorkloadPilot    3: 64 op, 18511991.00 ns, 289.2499 us/op
WorkloadPilot    4: 128 op, 37036967.00 ns, 289.3513 us/op
WorkloadPilot    5: 256 op, 73737475.00 ns, 288.0370 us/op
WorkloadPilot    6: 512 op, 80280869.00 ns, 156.7986 us/op
WorkloadPilot    7: 1024 op, 114205136.00 ns, 111.5285 us/op
WorkloadPilot    8: 2048 op, 228739106.00 ns, 111.6890 us/op
WorkloadPilot    9: 4096 op, 456395189.00 ns, 111.4246 us/op
WorkloadPilot   10: 8192 op, 914426313.00 ns, 111.6243 us/op

OverheadWarmup   1: 8192 op, 21780.00 ns, 2.6587 ns/op
OverheadWarmup   2: 8192 op, 20058.00 ns, 2.4485 ns/op
OverheadWarmup   3: 8192 op, 19829.00 ns, 2.4205 ns/op
OverheadWarmup   4: 8192 op, 19637.00 ns, 2.3971 ns/op
OverheadWarmup   5: 8192 op, 19682.00 ns, 2.4026 ns/op
OverheadWarmup   6: 8192 op, 19584.00 ns, 2.3906 ns/op
OverheadWarmup   7: 8192 op, 19613.00 ns, 2.3942 ns/op
OverheadWarmup   8: 8192 op, 19569.00 ns, 2.3888 ns/op

OverheadActual   1: 8192 op, 20462.00 ns, 2.4978 ns/op
OverheadActual   2: 8192 op, 19779.00 ns, 2.4144 ns/op
OverheadActual   3: 8192 op, 19760.00 ns, 2.4121 ns/op
OverheadActual   4: 8192 op, 19656.00 ns, 2.3994 ns/op
OverheadActual   5: 8192 op, 19728.00 ns, 2.4082 ns/op
OverheadActual   6: 8192 op, 19618.00 ns, 2.3948 ns/op
OverheadActual   7: 8192 op, 19578.00 ns, 2.3899 ns/op
OverheadActual   8: 8192 op, 19593.00 ns, 2.3917 ns/op
OverheadActual   9: 8192 op, 19942.00 ns, 2.4343 ns/op
OverheadActual  10: 8192 op, 19565.00 ns, 2.3883 ns/op
OverheadActual  11: 8192 op, 19605.00 ns, 2.3932 ns/op
OverheadActual  12: 8192 op, 19591.00 ns, 2.3915 ns/op
OverheadActual  13: 8192 op, 19571.00 ns, 2.3890 ns/op
OverheadActual  14: 8192 op, 19537.00 ns, 2.3849 ns/op
OverheadActual  15: 8192 op, 19550.00 ns, 2.3865 ns/op

WorkloadWarmup   1: 8192 op, 913079374.00 ns, 111.4599 us/op
WorkloadWarmup   2: 8192 op, 914341356.00 ns, 111.6139 us/op
WorkloadWarmup   3: 8192 op, 912651563.00 ns, 111.4077 us/op

// BeforeActualRun
WorkloadActual   1: 8192 op, 914492757.00 ns, 111.6324 us/op
WorkloadActual   2: 8192 op, 913494871.00 ns, 111.5106 us/op
WorkloadActual   3: 8192 op, 913732648.00 ns, 111.5396 us/op

// AfterActualRun
WorkloadResult   1: 8192 op, 914473152.00 ns, 111.6300 us/op
WorkloadResult   2: 8192 op, 913475266.00 ns, 111.5082 us/op
WorkloadResult   3: 8192 op, 913713043.00 ns, 111.5372 us/op
// GC:  0 0 0 64 8192
// Threading:  0 0 8192

// AfterAll
// Benchmark Process 42660 has exited with code 0.

Mean = 111.558 μs, StdErr = 0.037 μs (0.03%), N = 3, StdDev = 0.064 μs
Min = 111.508 μs, Q1 = 111.523 μs, Median = 111.537 μs, Q3 = 111.584 μs, Max = 111.630 μs
IQR = 0.061 μs, LowerFence = 111.431 μs, UpperFence = 111.675 μs
ConfidenceInterval = [110.398 μs; 112.719 μs] (CI 99.9%), Margin = 1.161 μs (1.04% of Mean)
Skewness = 0.3, Kurtosis = 0.67, MValue = 2

// ** Remained 4 (40.0 %) benchmark(s) to run. Estimated finish 2026-08-28 19:52 (0h 0m from now) **
// **************************
// Benchmark: VmExecutionBenchmarks.MapFilterFold: ShortRun(IterationCount=3, LaunchCount=1, WarmupCount=3)
// *** Execute ***
// Launch: 1 / 1
// Execute: dotnet 7d23f67b-716b-4f19-bd57-68fa1cce7168.dll --anonymousPipes 118 119 --benchmarkName VmExecutionBenchmarks.MapFilterFold --job ShortRun --benchmarkId 6 in /mnt/Shared/Projects/coflow/runtimes/csharp/Coflow.Cfd.Runtime.Benchmarks/bin/Release/net8.0/7d23f67b-716b-4f19-bd57-68fa1cce7168/bin/Release/net10.0
// Failed to set up high priority (Permission denied). In order to run benchmarks with high priority, make sure you have the right permissions.
// BeforeAnythingElse

// Benchmark Process Environment Information:
// BenchmarkDotNet v0.14.0
// Runtime=.NET 10.0.2 (10.0.225.61305), X64 RyuJIT AVX2
// GC=Concurrent Workstation
// HardwareIntrinsics=AVX2,AES,BMI1,BMI2,FMA,LZCNT,PCLMUL,POPCNT,AvxVnni,SERIALIZE VectorSize=256
// Job: ShortRun(IterationCount=3, LaunchCount=1, WarmupCount=3)

OverheadJitting  1: 1 op, 221057.00 ns, 221.0570 us/op
WorkloadJitting  1: 1 op, 5834492.00 ns, 5.8345 ms/op

OverheadJitting  2: 16 op, 265808.00 ns, 16.6130 us/op
WorkloadJitting  2: 16 op, 590740.00 ns, 36.9213 us/op

WorkloadPilot    1: 16 op, 307184.00 ns, 19.1990 us/op
WorkloadPilot    2: 32 op, 576903.00 ns, 18.0282 us/op
WorkloadPilot    3: 64 op, 1153707.00 ns, 18.0267 us/op
WorkloadPilot    4: 128 op, 2302492.00 ns, 17.9882 us/op
WorkloadPilot    5: 256 op, 4601705.00 ns, 17.9754 us/op
WorkloadPilot    6: 512 op, 9448185.00 ns, 18.4535 us/op
WorkloadPilot    7: 1024 op, 18706049.00 ns, 18.2676 us/op
WorkloadPilot    8: 2048 op, 36646930.00 ns, 17.8940 us/op
WorkloadPilot    9: 4096 op, 72669095.00 ns, 17.7415 us/op
WorkloadPilot   10: 8192 op, 53696533.00 ns, 6.5548 us/op
WorkloadPilot   11: 16384 op, 52570967.00 ns, 3.2087 us/op
WorkloadPilot   12: 32768 op, 105733068.00 ns, 3.2267 us/op
WorkloadPilot   13: 65536 op, 208221548.00 ns, 3.1772 us/op
WorkloadPilot   14: 131072 op, 413343397.00 ns, 3.1536 us/op
WorkloadPilot   15: 262144 op, 826376297.00 ns, 3.1524 us/op

OverheadWarmup   1: 262144 op, 634398.00 ns, 2.4200 ns/op
OverheadWarmup   2: 262144 op, 624835.00 ns, 2.3836 ns/op
OverheadWarmup   3: 262144 op, 628852.00 ns, 2.3989 ns/op
OverheadWarmup   4: 262144 op, 629308.00 ns, 2.4006 ns/op
OverheadWarmup   5: 262144 op, 629900.00 ns, 2.4029 ns/op
OverheadWarmup   6: 262144 op, 627759.00 ns, 2.3947 ns/op
OverheadWarmup   7: 262144 op, 631250.00 ns, 2.4080 ns/op
OverheadWarmup   8: 262144 op, 629001.00 ns, 2.3994 ns/op

OverheadActual   1: 262144 op, 627506.00 ns, 2.3937 ns/op
OverheadActual   2: 262144 op, 632821.00 ns, 2.4140 ns/op
OverheadActual   3: 262144 op, 635331.00 ns, 2.4236 ns/op
OverheadActual   4: 262144 op, 630443.00 ns, 2.4049 ns/op
OverheadActual   5: 262144 op, 633702.00 ns, 2.4174 ns/op
OverheadActual   6: 262144 op, 629792.00 ns, 2.4025 ns/op
OverheadActual   7: 262144 op, 628963.00 ns, 2.3993 ns/op
OverheadActual   8: 262144 op, 631831.00 ns, 2.4102 ns/op
OverheadActual   9: 262144 op, 628276.00 ns, 2.3967 ns/op
OverheadActual  10: 262144 op, 631893.00 ns, 2.4105 ns/op
OverheadActual  11: 262144 op, 627748.00 ns, 2.3947 ns/op
OverheadActual  12: 262144 op, 628403.00 ns, 2.3972 ns/op
OverheadActual  13: 262144 op, 626862.00 ns, 2.3913 ns/op
OverheadActual  14: 262144 op, 636621.00 ns, 2.4285 ns/op
OverheadActual  15: 262144 op, 624738.00 ns, 2.3832 ns/op

WorkloadWarmup   1: 262144 op, 830296022.00 ns, 3.1673 us/op
WorkloadWarmup   2: 262144 op, 833004406.00 ns, 3.1777 us/op
WorkloadWarmup   3: 262144 op, 825636441.00 ns, 3.1496 us/op

// BeforeActualRun
WorkloadActual   1: 262144 op, 827042455.00 ns, 3.1549 us/op
WorkloadActual   2: 262144 op, 826135344.00 ns, 3.1515 us/op
WorkloadActual   3: 262144 op, 825520862.00 ns, 3.1491 us/op

// AfterActualRun
WorkloadResult   1: 262144 op, 826412663.00 ns, 3.1525 us/op
WorkloadResult   2: 262144 op, 825505552.00 ns, 3.1491 us/op
WorkloadResult   3: 262144 op, 824891070.00 ns, 3.1467 us/op
// GC:  8 0 0 106955536 262144
// Threading:  0 0 262144

// AfterAll
// Benchmark Process 42704 has exited with code 0.

Mean = 3.149 μs, StdErr = 0.002 μs (0.05%), N = 3, StdDev = 0.003 μs
Min = 3.147 μs, Q1 = 3.148 μs, Median = 3.149 μs, Q3 = 3.151 μs, Max = 3.153 μs
IQR = 0.003 μs, LowerFence = 3.144 μs, UpperFence = 3.155 μs
ConfidenceInterval = [3.096 μs; 3.203 μs] (CI 99.9%), Margin = 0.053 μs (1.69% of Mean)
Skewness = 0.13, Kurtosis = 0.67, MValue = 2

// ** Remained 3 (30.0 %) benchmark(s) to run. Estimated finish 2026-08-28 19:52 (0h 0m from now) **
// **************************
// Benchmark: VmExecutionBenchmarks.CfdToHost: ShortRun(IterationCount=3, LaunchCount=1, WarmupCount=3)
// *** Execute ***
// Launch: 1 / 1
// Execute: dotnet 7d23f67b-716b-4f19-bd57-68fa1cce7168.dll --anonymousPipes 118 119 --benchmarkName VmExecutionBenchmarks.CfdToHost --job ShortRun --benchmarkId 7 in /mnt/Shared/Projects/coflow/runtimes/csharp/Coflow.Cfd.Runtime.Benchmarks/bin/Release/net8.0/7d23f67b-716b-4f19-bd57-68fa1cce7168/bin/Release/net10.0
// Failed to set up high priority (Permission denied). In order to run benchmarks with high priority, make sure you have the right permissions.
// BeforeAnythingElse

// Benchmark Process Environment Information:
// BenchmarkDotNet v0.14.0
// Runtime=.NET 10.0.2 (10.0.225.61305), X64 RyuJIT AVX2
// GC=Concurrent Workstation
// HardwareIntrinsics=AVX2,AES,BMI1,BMI2,FMA,LZCNT,PCLMUL,POPCNT,AvxVnni,SERIALIZE VectorSize=256
// Job: ShortRun(IterationCount=3, LaunchCount=1, WarmupCount=3)

OverheadJitting  1: 1 op, 248383.00 ns, 248.3830 us/op
WorkloadJitting  1: 1 op, 2938577.00 ns, 2.9386 ms/op

OverheadJitting  2: 16 op, 288280.00 ns, 18.0175 us/op
WorkloadJitting  2: 16 op, 285086.00 ns, 17.8179 us/op

WorkloadPilot    1: 16 op, 11915.00 ns, 744.6875 ns/op
WorkloadPilot    2: 32 op, 17013.00 ns, 531.6563 ns/op
WorkloadPilot    3: 64 op, 28347.00 ns, 442.9219 ns/op
WorkloadPilot    4: 128 op, 49829.00 ns, 389.2891 ns/op
WorkloadPilot    5: 256 op, 96268.00 ns, 376.0469 ns/op
WorkloadPilot    6: 512 op, 196612.00 ns, 384.0078 ns/op
WorkloadPilot    7: 1024 op, 378446.00 ns, 369.5762 ns/op
WorkloadPilot    8: 2048 op, 755322.00 ns, 368.8096 ns/op
WorkloadPilot    9: 4096 op, 1500064.00 ns, 366.2266 ns/op
WorkloadPilot   10: 8192 op, 3541393.00 ns, 432.2990 ns/op
WorkloadPilot   11: 16384 op, 6608887.00 ns, 403.3745 ns/op
WorkloadPilot   12: 32768 op, 12700804.00 ns, 387.5978 ns/op
WorkloadPilot   13: 65536 op, 24961985.00 ns, 380.8897 ns/op
WorkloadPilot   14: 131072 op, 50170278.00 ns, 382.7688 ns/op
WorkloadPilot   15: 262144 op, 65445232.00 ns, 249.6537 ns/op
WorkloadPilot   16: 524288 op, 41218864.00 ns, 78.6187 ns/op
WorkloadPilot   17: 1048576 op, 82057921.00 ns, 78.2565 ns/op
WorkloadPilot   18: 2097152 op, 164385760.00 ns, 78.3852 ns/op
WorkloadPilot   19: 4194304 op, 328546615.00 ns, 78.3316 ns/op
WorkloadPilot   20: 8388608 op, 657049111.00 ns, 78.3264 ns/op

OverheadWarmup   1: 8388608 op, 20037118.00 ns, 2.3886 ns/op
OverheadWarmup   2: 8388608 op, 20034474.00 ns, 2.3883 ns/op
OverheadWarmup   3: 8388608 op, 20026796.00 ns, 2.3874 ns/op
OverheadWarmup   4: 8388608 op, 20031866.00 ns, 2.3880 ns/op
OverheadWarmup   5: 8388608 op, 20036492.00 ns, 2.3885 ns/op
OverheadWarmup   6: 8388608 op, 20025915.00 ns, 2.3873 ns/op
OverheadWarmup   7: 8388608 op, 20037711.00 ns, 2.3887 ns/op
OverheadWarmup   8: 8388608 op, 20023231.00 ns, 2.3870 ns/op

OverheadActual   1: 8388608 op, 20099830.00 ns, 2.3961 ns/op
OverheadActual   2: 8388608 op, 20054783.00 ns, 2.3907 ns/op
OverheadActual   3: 8388608 op, 20082395.00 ns, 2.3940 ns/op
OverheadActual   4: 8388608 op, 20046897.00 ns, 2.3898 ns/op
OverheadActual   5: 8388608 op, 20096282.00 ns, 2.3957 ns/op
OverheadActual   6: 8388608 op, 20091877.00 ns, 2.3951 ns/op
OverheadActual   7: 8388608 op, 20094386.00 ns, 2.3954 ns/op
OverheadActual   8: 8388608 op, 20085073.00 ns, 2.3943 ns/op
OverheadActual   9: 8388608 op, 20030940.00 ns, 2.3879 ns/op
OverheadActual  10: 8388608 op, 20027756.00 ns, 2.3875 ns/op
OverheadActual  11: 8388608 op, 16898692.00 ns, 2.0145 ns/op
OverheadActual  12: 8388608 op, 15805080.00 ns, 1.8841 ns/op
OverheadActual  13: 8388608 op, 15822061.00 ns, 1.8861 ns/op
OverheadActual  14: 8388608 op, 15806035.00 ns, 1.8842 ns/op
OverheadActual  15: 8388608 op, 15806265.00 ns, 1.8843 ns/op
OverheadActual  16: 8388608 op, 15806152.00 ns, 1.8842 ns/op
OverheadActual  17: 8388608 op, 15810800.00 ns, 1.8848 ns/op
OverheadActual  18: 8388608 op, 16147540.00 ns, 1.9249 ns/op
OverheadActual  19: 8388608 op, 15934053.00 ns, 1.8995 ns/op
OverheadActual  20: 8388608 op, 15884131.00 ns, 1.8935 ns/op

WorkloadWarmup   1: 8388608 op, 669794961.00 ns, 79.8458 ns/op
WorkloadWarmup   2: 8388608 op, 672621935.00 ns, 80.1828 ns/op
WorkloadWarmup   3: 8388608 op, 669308938.00 ns, 79.7878 ns/op

// BeforeActualRun
WorkloadActual   1: 8388608 op, 662024058.00 ns, 78.9194 ns/op
WorkloadActual   2: 8388608 op, 657964877.00 ns, 78.4355 ns/op
WorkloadActual   3: 8388608 op, 659484169.00 ns, 78.6166 ns/op

// AfterActualRun
WorkloadResult   1: 8388608 op, 643560834.00 ns, 76.7184 ns/op
WorkloadResult   2: 8388608 op, 639501653.00 ns, 76.2345 ns/op
WorkloadResult   3: 8388608 op, 641020945.00 ns, 76.4157 ns/op
// GC:  0 0 0 400 8388608
// Threading:  0 0 8388608

// AfterAll
// Benchmark Process 42729 has exited with code 0.

Mean = 76.456 ns, StdErr = 0.141 ns (0.18%), N = 3, StdDev = 0.244 ns
Min = 76.235 ns, Q1 = 76.325 ns, Median = 76.416 ns, Q3 = 76.567 ns, Max = 76.718 ns
IQR = 0.242 ns, LowerFence = 75.962 ns, UpperFence = 76.930 ns
ConfidenceInterval = [71.996 ns; 80.916 ns] (CI 99.9%), Margin = 4.460 ns (5.83% of Mean)
Skewness = 0.16, Kurtosis = 0.67, MValue = 2

// ** Remained 2 (20.0 %) benchmark(s) to run. Estimated finish 2026-08-28 19:52 (0h 0m from now) **
// **************************
// Benchmark: VmExecutionBenchmarks.VmHostVmClosure: ShortRun(IterationCount=3, LaunchCount=1, WarmupCount=3)
// *** Execute ***
// Launch: 1 / 1
// Execute: dotnet 7d23f67b-716b-4f19-bd57-68fa1cce7168.dll --anonymousPipes 118 119 --benchmarkName VmExecutionBenchmarks.VmHostVmClosure --job ShortRun --benchmarkId 8 in /mnt/Shared/Projects/coflow/runtimes/csharp/Coflow.Cfd.Runtime.Benchmarks/bin/Release/net8.0/7d23f67b-716b-4f19-bd57-68fa1cce7168/bin/Release/net10.0
// Failed to set up high priority (Permission denied). In order to run benchmarks with high priority, make sure you have the right permissions.
// BeforeAnythingElse

// Benchmark Process Environment Information:
// BenchmarkDotNet v0.14.0
// Runtime=.NET 10.0.2 (10.0.225.61305), X64 RyuJIT AVX2
// GC=Concurrent Workstation
// HardwareIntrinsics=AVX2,AES,BMI1,BMI2,FMA,LZCNT,PCLMUL,POPCNT,AvxVnni,SERIALIZE VectorSize=256
// Job: ShortRun(IterationCount=3, LaunchCount=1, WarmupCount=3)

OverheadJitting  1: 1 op, 223803.00 ns, 223.8030 us/op
WorkloadJitting  1: 1 op, 6843940.00 ns, 6.8439 ms/op

OverheadJitting  2: 16 op, 271081.00 ns, 16.9426 us/op
WorkloadJitting  2: 16 op, 420384.00 ns, 26.2740 us/op

WorkloadPilot    1: 16 op, 74552.00 ns, 4.6595 us/op
WorkloadPilot    2: 32 op, 112673.00 ns, 3.5210 us/op
WorkloadPilot    3: 64 op, 189741.00 ns, 2.9647 us/op
WorkloadPilot    4: 128 op, 388146.00 ns, 3.0324 us/op
WorkloadPilot    5: 256 op, 753352.00 ns, 2.9428 us/op
WorkloadPilot    6: 512 op, 1475562.00 ns, 2.8820 us/op
WorkloadPilot    7: 1024 op, 2825236.00 ns, 2.7590 us/op
WorkloadPilot    8: 2048 op, 5832234.00 ns, 2.8478 us/op
WorkloadPilot    9: 4096 op, 11826264.00 ns, 2.8873 us/op
WorkloadPilot   10: 8192 op, 25240742.00 ns, 3.0811 us/op
WorkloadPilot   11: 16384 op, 47974096.00 ns, 2.9281 us/op
WorkloadPilot   12: 32768 op, 87929681.00 ns, 2.6834 us/op
WorkloadPilot   13: 65536 op, 60202815.00 ns, 918.6221 ns/op
WorkloadPilot   14: 131072 op, 111780050.00 ns, 852.8141 ns/op
WorkloadPilot   15: 262144 op, 220007059.00 ns, 839.2603 ns/op
WorkloadPilot   16: 524288 op, 452037128.00 ns, 862.1924 ns/op
WorkloadPilot   17: 1048576 op, 940157833.00 ns, 896.6044 ns/op

OverheadWarmup   1: 1048576 op, 2703664.00 ns, 2.5784 ns/op
OverheadWarmup   2: 1048576 op, 2656526.00 ns, 2.5335 ns/op
OverheadWarmup   3: 1048576 op, 2621544.00 ns, 2.5001 ns/op
OverheadWarmup   4: 1048576 op, 2574150.00 ns, 2.4549 ns/op
OverheadWarmup   5: 1048576 op, 2548690.00 ns, 2.4306 ns/op
OverheadWarmup   6: 1048576 op, 2505829.00 ns, 2.3897 ns/op
OverheadWarmup   7: 1048576 op, 2495643.00 ns, 2.3800 ns/op
OverheadWarmup   8: 1048576 op, 2502390.00 ns, 2.3865 ns/op
OverheadWarmup   9: 1048576 op, 2488017.00 ns, 2.3728 ns/op
OverheadWarmup  10: 1048576 op, 2494207.00 ns, 2.3787 ns/op

OverheadActual   1: 1048576 op, 2501935.00 ns, 2.3860 ns/op
OverheadActual   2: 1048576 op, 2498948.00 ns, 2.3832 ns/op
OverheadActual   3: 1048576 op, 2500363.00 ns, 2.3845 ns/op
OverheadActual   4: 1048576 op, 2498205.00 ns, 2.3825 ns/op
OverheadActual   5: 1048576 op, 2502952.00 ns, 2.3870 ns/op
OverheadActual   6: 1048576 op, 2491820.00 ns, 2.3764 ns/op
OverheadActual   7: 1048576 op, 2492576.00 ns, 2.3771 ns/op
OverheadActual   8: 1048576 op, 2496477.00 ns, 2.3808 ns/op
OverheadActual   9: 1048576 op, 2512014.00 ns, 2.3956 ns/op
OverheadActual  10: 1048576 op, 2494073.00 ns, 2.3785 ns/op
OverheadActual  11: 1048576 op, 2497595.00 ns, 2.3819 ns/op
OverheadActual  12: 1048576 op, 2496265.00 ns, 2.3806 ns/op
OverheadActual  13: 1048576 op, 2495880.00 ns, 2.3803 ns/op
OverheadActual  14: 1048576 op, 2499420.00 ns, 2.3836 ns/op
OverheadActual  15: 1048576 op, 2500419.00 ns, 2.3846 ns/op

WorkloadWarmup   1: 1048576 op, 938940015.00 ns, 895.4430 ns/op
WorkloadWarmup   2: 1048576 op, 946536210.00 ns, 902.6873 ns/op
WorkloadWarmup   3: 1048576 op, 962348441.00 ns, 917.7670 ns/op

// BeforeActualRun
WorkloadActual   1: 1048576 op, 934953218.00 ns, 891.6409 ns/op
WorkloadActual   2: 1048576 op, 937676453.00 ns, 894.2380 ns/op
WorkloadActual   3: 1048576 op, 948367537.00 ns, 904.4338 ns/op

// AfterActualRun
WorkloadResult   1: 1048576 op, 932455013.00 ns, 889.2584 ns/op
WorkloadResult   2: 1048576 op, 935178248.00 ns, 891.8555 ns/op
WorkloadResult   3: 1048576 op, 945869332.00 ns, 902.0513 ns/op
// GC:  18 1 1 241705792 1048576
// Threading:  0 0 1048576

// AfterAll
// Benchmark Process 42764 has exited with code 0.

Mean = 894.388 ns, StdErr = 3.904 ns (0.44%), N = 3, StdDev = 6.762 ns
Min = 889.258 ns, Q1 = 890.557 ns, Median = 891.855 ns, Q3 = 896.953 ns, Max = 902.051 ns
IQR = 6.396 ns, LowerFence = 880.962 ns, UpperFence = 906.548 ns
ConfidenceInterval = [771.022 ns; 1,017.755 ns] (CI 99.9%), Margin = 123.366 ns (13.79% of Mean)
Skewness = 0.32, Kurtosis = 0.67, MValue = 2

// ** Remained 1 (10.0 %) benchmark(s) to run. Estimated finish 2026-08-28 19:52 (0h 0m from now) **
// **************************
// Benchmark: VmExecutionBenchmarks.ReturnedVmClosure: ShortRun(IterationCount=3, LaunchCount=1, WarmupCount=3)
// *** Execute ***
// Launch: 1 / 1
// Execute: dotnet 7d23f67b-716b-4f19-bd57-68fa1cce7168.dll --anonymousPipes 118 119 --benchmarkName VmExecutionBenchmarks.ReturnedVmClosure --job ShortRun --benchmarkId 9 in /mnt/Shared/Projects/coflow/runtimes/csharp/Coflow.Cfd.Runtime.Benchmarks/bin/Release/net8.0/7d23f67b-716b-4f19-bd57-68fa1cce7168/bin/Release/net10.0
// Failed to set up high priority (Permission denied). In order to run benchmarks with high priority, make sure you have the right permissions.
// BeforeAnythingElse

// Benchmark Process Environment Information:
// BenchmarkDotNet v0.14.0
// Runtime=.NET 10.0.2 (10.0.225.61305), X64 RyuJIT AVX2
// GC=Concurrent Workstation
// HardwareIntrinsics=AVX2,AES,BMI1,BMI2,FMA,LZCNT,PCLMUL,POPCNT,AvxVnni,SERIALIZE VectorSize=256
// Job: ShortRun(IterationCount=3, LaunchCount=1, WarmupCount=3)

OverheadJitting  1: 1 op, 258852.00 ns, 258.8520 us/op
WorkloadJitting  1: 1 op, 2389454.00 ns, 2.3895 ms/op

OverheadJitting  2: 16 op, 271501.00 ns, 16.9688 us/op
WorkloadJitting  2: 16 op, 326192.00 ns, 20.3870 us/op

WorkloadPilot    1: 16 op, 18812.00 ns, 1.1758 us/op
WorkloadPilot    2: 32 op, 28941.00 ns, 904.4063 ns/op
WorkloadPilot    3: 64 op, 47543.00 ns, 742.8594 ns/op
WorkloadPilot    4: 128 op, 97440.00 ns, 761.2500 ns/op
WorkloadPilot    5: 256 op, 179254.00 ns, 700.2109 ns/op
WorkloadPilot    6: 512 op, 361447.00 ns, 705.9512 ns/op
WorkloadPilot    7: 1024 op, 718519.00 ns, 701.6787 ns/op
WorkloadPilot    8: 2048 op, 1412181.00 ns, 689.5415 ns/op
WorkloadPilot    9: 4096 op, 3025370.00 ns, 738.6157 ns/op
WorkloadPilot   10: 8192 op, 6291263.00 ns, 767.9764 ns/op
WorkloadPilot   11: 16384 op, 11973959.00 ns, 730.8325 ns/op
WorkloadPilot   12: 32768 op, 23365057.00 ns, 713.0450 ns/op
WorkloadPilot   13: 65536 op, 46083009.00 ns, 703.1709 ns/op
WorkloadPilot   14: 131072 op, 77957742.00 ns, 594.7704 ns/op
WorkloadPilot   15: 262144 op, 27084669.00 ns, 103.3198 ns/op
WorkloadPilot   16: 524288 op, 53640796.00 ns, 102.3117 ns/op
WorkloadPilot   17: 1048576 op, 107176562.00 ns, 102.2115 ns/op
WorkloadPilot   18: 2097152 op, 214022427.00 ns, 102.0538 ns/op
WorkloadPilot   19: 4194304 op, 428165611.00 ns, 102.0826 ns/op
WorkloadPilot   20: 8388608 op, 857328852.00 ns, 102.2016 ns/op

OverheadWarmup   1: 8388608 op, 19912157.00 ns, 2.3737 ns/op
OverheadWarmup   2: 8388608 op, 19920162.00 ns, 2.3747 ns/op
OverheadWarmup   3: 8388608 op, 19910709.00 ns, 2.3735 ns/op
OverheadWarmup   4: 8388608 op, 19926160.00 ns, 2.3754 ns/op
OverheadWarmup   5: 8388608 op, 19921501.00 ns, 2.3748 ns/op

OverheadActual   1: 8388608 op, 19913391.00 ns, 2.3739 ns/op
OverheadActual   2: 8388608 op, 19910984.00 ns, 2.3736 ns/op
OverheadActual   3: 8388608 op, 19911206.00 ns, 2.3736 ns/op
OverheadActual   4: 8388608 op, 19905007.00 ns, 2.3729 ns/op
OverheadActual   5: 8388608 op, 19919604.00 ns, 2.3746 ns/op
OverheadActual   6: 8388608 op, 19906676.00 ns, 2.3731 ns/op
OverheadActual   7: 8388608 op, 19908808.00 ns, 2.3733 ns/op
OverheadActual   8: 8388608 op, 19915045.00 ns, 2.3741 ns/op
OverheadActual   9: 8388608 op, 19405875.00 ns, 2.3134 ns/op
OverheadActual  10: 8388608 op, 17779905.00 ns, 2.1195 ns/op
OverheadActual  11: 8388608 op, 17795992.00 ns, 2.1214 ns/op
OverheadActual  12: 8388608 op, 17786861.00 ns, 2.1204 ns/op
OverheadActual  13: 8388608 op, 17806401.00 ns, 2.1227 ns/op
OverheadActual  14: 8388608 op, 17800696.00 ns, 2.1220 ns/op
OverheadActual  15: 8388608 op, 17810278.00 ns, 2.1232 ns/op
OverheadActual  16: 8388608 op, 16456748.00 ns, 1.9618 ns/op
OverheadActual  17: 8388608 op, 15688269.00 ns, 1.8702 ns/op
OverheadActual  18: 8388608 op, 15679830.00 ns, 1.8692 ns/op
OverheadActual  19: 8388608 op, 15687834.00 ns, 1.8701 ns/op
OverheadActual  20: 8388608 op, 15677658.00 ns, 1.8689 ns/op

WorkloadWarmup   1: 8388608 op, 856419638.00 ns, 102.0932 ns/op
WorkloadWarmup   2: 8388608 op, 856389342.00 ns, 102.0896 ns/op
WorkloadWarmup   3: 8388608 op, 856704996.00 ns, 102.1272 ns/op

// BeforeActualRun
WorkloadActual   1: 8388608 op, 856818248.00 ns, 102.1407 ns/op
WorkloadActual   2: 8388608 op, 857561403.00 ns, 102.2293 ns/op
WorkloadActual   3: 8388608 op, 857205540.00 ns, 102.1869 ns/op

// AfterActualRun
WorkloadResult   1: 8388608 op, 839009908.50 ns, 100.0178 ns/op
WorkloadResult   2: 8388608 op, 839753063.50 ns, 100.1064 ns/op
WorkloadResult   3: 8388608 op, 839397200.50 ns, 100.0639 ns/op
// GC:  0 0 0 64 8388608
// Threading:  0 0 8388608

// AfterAll
// Benchmark Process 42791 has exited with code 0.

Mean = 100.063 ns, StdErr = 0.026 ns (0.03%), N = 3, StdDev = 0.044 ns
Min = 100.018 ns, Q1 = 100.041 ns, Median = 100.064 ns, Q3 = 100.085 ns, Max = 100.106 ns
IQR = 0.044 ns, LowerFence = 99.974 ns, UpperFence = 100.152 ns
ConfidenceInterval = [99.254 ns; 100.871 ns] (CI 99.9%), Margin = 0.808 ns (0.81% of Mean)
Skewness = -0.03, Kurtosis = 0.67, MValue = 2

// ** Remained 0 (0.0 %) benchmark(s) to run. Estimated finish 2026-08-28 19:52 (0h 0m from now) **
// ***** BenchmarkRunner: Finish  *****

// * Export *
  BenchmarkDotNet.Artifacts/results/VmExecutionBenchmarks-report.csv
  BenchmarkDotNet.Artifacts/results/VmExecutionBenchmarks-report-github.md
  BenchmarkDotNet.Artifacts/results/VmExecutionBenchmarks-report.html

// * Detailed results *
VmExecutionBenchmarks.IntegerLoop: ShortRun(IterationCount=3, LaunchCount=1, WarmupCount=3)
Runtime = .NET 10.0.2 (10.0.225.61305), X64 RyuJIT AVX2; GC = Concurrent Workstation
Mean = 89.050 μs, StdErr = 0.011 μs (0.01%), N = 3, StdDev = 0.019 μs
Min = 89.035 μs, Q1 = 89.039 μs, Median = 89.043 μs, Q3 = 89.057 μs, Max = 89.072 μs
IQR = 0.018 μs, LowerFence = 89.012 μs, UpperFence = 89.084 μs
ConfidenceInterval = [88.700 μs; 89.399 μs] (CI 99.9%), Margin = 0.350 μs (0.39% of Mean)
Skewness = 0.32, Kurtosis = 0.67, MValue = 2
-------------------- Histogram --------------------
[89.018 μs ; 89.089 μs) | @@@
---------------------------------------------------

VmExecutionBenchmarks.FloatLoop: ShortRun(IterationCount=3, LaunchCount=1, WarmupCount=3)
Runtime = .NET 10.0.2 (10.0.225.61305), X64 RyuJIT AVX2; GC = Concurrent Workstation
Mean = 85.974 μs, StdErr = 0.012 μs (0.01%), N = 3, StdDev = 0.020 μs
Min = 85.952 μs, Q1 = 85.965 μs, Median = 85.977 μs, Q3 = 85.985 μs, Max = 85.992 μs
IQR = 0.020 μs, LowerFence = 85.934 μs, UpperFence = 86.015 μs
ConfidenceInterval = [85.601 μs; 86.346 μs] (CI 99.9%), Margin = 0.373 μs (0.43% of Mean)
Skewness = -0.17, Kurtosis = 0.67, MValue = 2
-------------------- Histogram --------------------
[85.933 μs ; 86.011 μs) | @@@
---------------------------------------------------

VmExecutionBenchmarks.DirectCfdCallChain: ShortRun(IterationCount=3, LaunchCount=1, WarmupCount=3)
Runtime = .NET 10.0.2 (10.0.225.61305), X64 RyuJIT AVX2; GC = Concurrent Workstation
Mean = 260.949 ns, StdErr = 0.432 ns (0.17%), N = 3, StdDev = 0.748 ns
Min = 260.456 ns, Q1 = 260.519 ns, Median = 260.582 ns, Q3 = 261.196 ns, Max = 261.810 ns
IQR = 0.677 ns, LowerFence = 259.503 ns, UpperFence = 262.212 ns
ConfidenceInterval = [247.298 ns; 274.600 ns] (CI 99.9%), Margin = 13.651 ns (5.23% of Mean)
Skewness = 0.37, Kurtosis = 0.67, MValue = 2
-------------------- Histogram --------------------
[260.452 ns ; 261.814 ns) | @@@
---------------------------------------------------

VmExecutionBenchmarks.TailRecursion: ShortRun(IterationCount=3, LaunchCount=1, WarmupCount=3)
Runtime = .NET 10.0.2 (10.0.225.61305), X64 RyuJIT AVX2; GC = Concurrent Workstation
Mean = 43.139 μs, StdErr = 0.012 μs (0.03%), N = 3, StdDev = 0.021 μs
Min = 43.115 μs, Q1 = 43.133 μs, Median = 43.151 μs, Q3 = 43.151 μs, Max = 43.151 μs
IQR = 0.018 μs, LowerFence = 43.106 μs, UpperFence = 43.178 μs
ConfidenceInterval = [42.759 μs; 43.519 μs] (CI 99.9%), Margin = 0.380 μs (0.88% of Mean)
Skewness = -0.38, Kurtosis = 0.67, MValue = 2
-------------------- Histogram --------------------
[43.114 μs ; 43.152 μs) | @@@
---------------------------------------------------

VmExecutionBenchmarks.TailAccumulator: ShortRun(IterationCount=3, LaunchCount=1, WarmupCount=3)
Runtime = .NET 10.0.2 (10.0.225.61305), X64 RyuJIT AVX2; GC = Concurrent Workstation
Mean = 67.390 μs, StdErr = 0.006 μs (0.01%), N = 3, StdDev = 0.011 μs
Min = 67.381 μs, Q1 = 67.384 μs, Median = 67.386 μs, Q3 = 67.394 μs, Max = 67.402 μs
IQR = 0.011 μs, LowerFence = 67.368 μs, UpperFence = 67.410 μs
ConfidenceInterval = [67.188 μs; 67.592 μs] (CI 99.9%), Margin = 0.202 μs (0.30% of Mean)
Skewness = 0.32, Kurtosis = 0.67, MValue = 2
-------------------- Histogram --------------------
[67.371 μs ; 67.412 μs) | @@@
---------------------------------------------------

VmExecutionBenchmarks.GeneratedFieldRead: ShortRun(IterationCount=3, LaunchCount=1, WarmupCount=3)
Runtime = .NET 10.0.2 (10.0.225.61305), X64 RyuJIT AVX2; GC = Concurrent Workstation
Mean = 111.558 μs, StdErr = 0.037 μs (0.03%), N = 3, StdDev = 0.064 μs
Min = 111.508 μs, Q1 = 111.523 μs, Median = 111.537 μs, Q3 = 111.584 μs, Max = 111.630 μs
IQR = 0.061 μs, LowerFence = 111.431 μs, UpperFence = 111.675 μs
ConfidenceInterval = [110.398 μs; 112.719 μs] (CI 99.9%), Margin = 1.161 μs (1.04% of Mean)
Skewness = 0.3, Kurtosis = 0.67, MValue = 2
-------------------- Histogram --------------------
[111.450 μs ; 111.688 μs) | @@@
---------------------------------------------------

VmExecutionBenchmarks.MapFilterFold: ShortRun(IterationCount=3, LaunchCount=1, WarmupCount=3)
Runtime = .NET 10.0.2 (10.0.225.61305), X64 RyuJIT AVX2; GC = Concurrent Workstation
Mean = 3.149 μs, StdErr = 0.002 μs (0.05%), N = 3, StdDev = 0.003 μs
Min = 3.147 μs, Q1 = 3.148 μs, Median = 3.149 μs, Q3 = 3.151 μs, Max = 3.153 μs
IQR = 0.003 μs, LowerFence = 3.144 μs, UpperFence = 3.155 μs
ConfidenceInterval = [3.096 μs; 3.203 μs] (CI 99.9%), Margin = 0.053 μs (1.69% of Mean)
Skewness = 0.13, Kurtosis = 0.67, MValue = 2
-------------------- Histogram --------------------
[3.144 μs ; 3.155 μs) | @@@
---------------------------------------------------

VmExecutionBenchmarks.CfdToHost: ShortRun(IterationCount=3, LaunchCount=1, WarmupCount=3)
Runtime = .NET 10.0.2 (10.0.225.61305), X64 RyuJIT AVX2; GC = Concurrent Workstation
Mean = 76.456 ns, StdErr = 0.141 ns (0.18%), N = 3, StdDev = 0.244 ns
Min = 76.235 ns, Q1 = 76.325 ns, Median = 76.416 ns, Q3 = 76.567 ns, Max = 76.718 ns
IQR = 0.242 ns, LowerFence = 75.962 ns, UpperFence = 76.930 ns
ConfidenceInterval = [71.996 ns; 80.916 ns] (CI 99.9%), Margin = 4.460 ns (5.83% of Mean)
Skewness = 0.16, Kurtosis = 0.67, MValue = 2
-------------------- Histogram --------------------
[76.012 ns ; 76.941 ns) | @@@
---------------------------------------------------

VmExecutionBenchmarks.VmHostVmClosure: ShortRun(IterationCount=3, LaunchCount=1, WarmupCount=3)
Runtime = .NET 10.0.2 (10.0.225.61305), X64 RyuJIT AVX2; GC = Concurrent Workstation
Mean = 894.388 ns, StdErr = 3.904 ns (0.44%), N = 3, StdDev = 6.762 ns
Min = 889.258 ns, Q1 = 890.557 ns, Median = 891.855 ns, Q3 = 896.953 ns, Max = 902.051 ns
IQR = 6.396 ns, LowerFence = 880.962 ns, UpperFence = 906.548 ns
ConfidenceInterval = [771.022 ns; 1,017.755 ns] (CI 99.9%), Margin = 123.366 ns (13.79% of Mean)
Skewness = 0.32, Kurtosis = 0.67, MValue = 2
-------------------- Histogram --------------------
[883.105 ns ; 908.205 ns) | @@@
---------------------------------------------------

VmExecutionBenchmarks.ReturnedVmClosure: ShortRun(IterationCount=3, LaunchCount=1, WarmupCount=3)
Runtime = .NET 10.0.2 (10.0.225.61305), X64 RyuJIT AVX2; GC = Concurrent Workstation
Mean = 100.063 ns, StdErr = 0.026 ns (0.03%), N = 3, StdDev = 0.044 ns
Min = 100.018 ns, Q1 = 100.041 ns, Median = 100.064 ns, Q3 = 100.085 ns, Max = 100.106 ns
IQR = 0.044 ns, LowerFence = 99.974 ns, UpperFence = 100.152 ns
ConfidenceInterval = [99.254 ns; 100.871 ns] (CI 99.9%), Margin = 0.808 ns (0.81% of Mean)
Skewness = -0.03, Kurtosis = 0.67, MValue = 2
-------------------- Histogram --------------------
[99.977 ns ; 100.147 ns) | @@@
---------------------------------------------------

// * Summary *

BenchmarkDotNet v0.14.0, Linux Mint 22.3 (Zena)
13th Gen Intel Core i5-13600KF, 1 CPU, 20 logical and 14 physical cores
.NET SDK 10.0.102
  [Host]   : .NET 10.0.2 (10.0.225.61305), X64 RyuJIT AVX2
  ShortRun : .NET 10.0.2 (10.0.225.61305), X64 RyuJIT AVX2

Job=ShortRun  IterationCount=3  LaunchCount=1  
WarmupCount=3  

| Method             | Mean          | Error        | StdDev    | Min           | Max           | Median        | Gen0   | Gen1   | Gen2   | Allocated |
|------------------- |--------------:|-------------:|----------:|--------------:|--------------:|--------------:|-------:|-------:|-------:|----------:|
| IntegerLoop        |  89,049.87 ns |   349.625 ns | 19.164 ns |  89,035.24 ns |  89,071.56 ns |  89,042.80 ns |      - |      - |      - |         - |
| FloatLoop          |  85,973.73 ns |   372.560 ns | 20.421 ns |  85,951.78 ns |  85,992.17 ns |  85,977.24 ns |      - |      - |      - |         - |
| DirectCfdCallChain |     260.95 ns |    13.651 ns |  0.748 ns |     260.46 ns |     261.81 ns |     260.58 ns |      - |      - |      - |         - |
| TailRecursion      |  43,138.72 ns |   379.845 ns | 20.821 ns |  43,114.67 ns |  43,150.76 ns |  43,150.71 ns |      - |      - |      - |         - |
| TailAccumulator    |  67,389.80 ns |   202.185 ns | 11.082 ns |  67,381.29 ns |  67,402.33 ns |  67,385.77 ns |      - |      - |      - |         - |
| GeneratedFieldRead | 111,558.49 ns | 1,160.787 ns | 63.627 ns | 111,508.21 ns | 111,630.02 ns | 111,537.24 ns |      - |      - |      - |         - |
| MapFilterFold      |   3,149.43 ns |    53.272 ns |  2.920 ns |   3,146.71 ns |   3,152.51 ns |   3,149.05 ns | 0.0305 |      - |      - |     408 B |
| CfdToHost          |      76.46 ns |     4.460 ns |  0.244 ns |      76.23 ns |      76.72 ns |      76.42 ns |      - |      - |      - |         - |
| VmHostVmClosure    |     894.39 ns |   123.366 ns |  6.762 ns |     889.26 ns |     902.05 ns |     891.86 ns | 0.0172 | 0.0010 | 0.0010 |     231 B |
| ReturnedVmClosure  |     100.06 ns |     0.808 ns |  0.044 ns |     100.02 ns |     100.11 ns |     100.06 ns |      - |      - |      - |         - |

// * Legends *
  Mean      : Arithmetic mean of all measurements
  Error     : Half of 99.9% confidence interval
  StdDev    : Standard deviation of all measurements
  Min       : Minimum
  Max       : Maximum
  Median    : Value separating the higher half of all measurements (50th percentile)
  Gen0      : GC Generation 0 collects per 1000 operations
  Gen1      : GC Generation 1 collects per 1000 operations
  Gen2      : GC Generation 2 collects per 1000 operations
  Allocated : Allocated memory per single operation (managed only, inclusive, 1KB = 1024B)
  1 ns      : 1 Nanosecond (0.000000001 sec)

// * Diagnostic Output - MemoryDiagnoser *


// ***** BenchmarkRunner: End *****
Run time: 00:01:14 (74.73 sec), executed benchmarks: 10

Global total time: 00:01:36 (96.81 sec), executed benchmarks: 10
// * Artifacts cleanup *
Artifacts cleanup is finished
