// Validating benchmarks:
// ***** BenchmarkRunner: Start   *****
// ***** Found 10 benchmark(s) in total *****
// ***** Building 1 exe(s) in Parallel: Start   *****
Unable to find .sln or .csproj file. Will use current directory /mnt/Shared/Projects/coflow to search for project file. If you don't use .sln file on purpose it should not be a problem.
// start dotnet  restore /p:UseSharedCompilation=false /p:BuildInParallel=false /m:1 /p:Deterministic=true /p:Optimize=true /p:IntermediateOutputPath="/mnt/Shared/Projects/coflow/runtimes/csharp/Coflow.Cfd.Runtime.Benchmarks/bin/Release/net8.0/caad03ad-aaf1-4489-aba6-9c92e5c19124/obj/Release/net10.0/" /p:OutDir="/mnt/Shared/Projects/coflow/runtimes/csharp/Coflow.Cfd.Runtime.Benchmarks/bin/Release/net8.0/caad03ad-aaf1-4489-aba6-9c92e5c19124/bin/Release/net10.0/" /p:OutputPath="/mnt/Shared/Projects/coflow/runtimes/csharp/Coflow.Cfd.Runtime.Benchmarks/bin/Release/net8.0/caad03ad-aaf1-4489-aba6-9c92e5c19124/bin/Release/net10.0/" in /mnt/Shared/Projects/coflow/runtimes/csharp/Coflow.Cfd.Runtime.Benchmarks/bin/Release/net8.0/caad03ad-aaf1-4489-aba6-9c92e5c19124
// command took 1.6 sec and exited with 0
// start dotnet  build -c Release --no-restore /p:UseSharedCompilation=false /p:BuildInParallel=false /m:1 /p:Deterministic=true /p:Optimize=true /p:IntermediateOutputPath="/mnt/Shared/Projects/coflow/runtimes/csharp/Coflow.Cfd.Runtime.Benchmarks/bin/Release/net8.0/caad03ad-aaf1-4489-aba6-9c92e5c19124/obj/Release/net10.0/" /p:OutDir="/mnt/Shared/Projects/coflow/runtimes/csharp/Coflow.Cfd.Runtime.Benchmarks/bin/Release/net8.0/caad03ad-aaf1-4489-aba6-9c92e5c19124/bin/Release/net10.0/" /p:OutputPath="/mnt/Shared/Projects/coflow/runtimes/csharp/Coflow.Cfd.Runtime.Benchmarks/bin/Release/net8.0/caad03ad-aaf1-4489-aba6-9c92e5c19124/bin/Release/net10.0/" --output "/mnt/Shared/Projects/coflow/runtimes/csharp/Coflow.Cfd.Runtime.Benchmarks/bin/Release/net8.0/caad03ad-aaf1-4489-aba6-9c92e5c19124/bin/Release/net10.0/" in /mnt/Shared/Projects/coflow/runtimes/csharp/Coflow.Cfd.Runtime.Benchmarks/bin/Release/net8.0/caad03ad-aaf1-4489-aba6-9c92e5c19124
// command took 15.48 sec and exited with 0
// ***** Done, took 00:00:23 (23.11 sec)   *****
// Found 10 benchmarks:
//   VmExecutionBenchmarks.IntegerLoop: ShortRun(IterationCount=3, LaunchCount=1, WarmupCount=3)
//   VmExecutionBenchmarks.FloatLoop: ShortRun(IterationCount=3, LaunchCount=1, WarmupCount=3)
//   VmExecutionBenchmarks.DirectCfdCallChain: ShortRun(IterationCount=3, LaunchCount=1, WarmupCount=3)
//   VmExecutionBenchmarks.TailRecursion: ShortRun(IterationCount=3, LaunchCount=1, WarmupCount=3)
//   VmExecutionBenchmarks.TailAccumulator: ShortRun(IterationCount=3, LaunchCount=1, WarmupCount=3)
//   VmExecutionBenchmarks.GeneratedFieldRead: ShortRun(IterationCount=3, LaunchCount=1, WarmupCount=3)
//   VmExecutionBenchmarks.MapFilterFold: ShortRun(IterationCount=3, LaunchCount=1, WarmupCount=3)
//   VmExecutionBenchmarks.CfdToHost: ShortRun(IterationCount=3, LaunchCount=1, WarmupCount=3)
//   VmExecutionBenchmarks.VmHostVmClosure: ShortRun(IterationCount=3, LaunchCount=1, WarmupCount=3)
//   VmExecutionBenchmarks.ReturnedVmClosure: ShortRun(IterationCount=3, LaunchCount=1, WarmupCount=3)

// **************************
// Benchmark: VmExecutionBenchmarks.IntegerLoop: ShortRun(IterationCount=3, LaunchCount=1, WarmupCount=3)
// *** Execute ***
// Launch: 1 / 1
// Execute: dotnet caad03ad-aaf1-4489-aba6-9c92e5c19124.dll --anonymousPipes 118 119 --benchmarkName VmExecutionBenchmarks.IntegerLoop --job ShortRun --benchmarkId 0 in /mnt/Shared/Projects/coflow/runtimes/csharp/Coflow.Cfd.Runtime.Benchmarks/bin/Release/net8.0/caad03ad-aaf1-4489-aba6-9c92e5c19124/bin/Release/net10.0
// Failed to set up high priority (Permission denied). In order to run benchmarks with high priority, make sure you have the right permissions.
// BeforeAnythingElse

// Benchmark Process Environment Information:
// BenchmarkDotNet v0.14.0
// Runtime=.NET 10.0.2 (10.0.225.61305), X64 RyuJIT AVX2
// GC=Concurrent Workstation
// HardwareIntrinsics=AVX2,AES,BMI1,BMI2,FMA,LZCNT,PCLMUL,POPCNT,AvxVnni,SERIALIZE VectorSize=256
// Job: ShortRun(IterationCount=3, LaunchCount=1, WarmupCount=3)

OverheadJitting  1: 1 op, 253317.00 ns, 253.3170 us/op
WorkloadJitting  1: 1 op, 11583076.00 ns, 11.5831 ms/op

OverheadJitting  2: 16 op, 282949.00 ns, 17.6843 us/op
WorkloadJitting  2: 16 op, 4404278.00 ns, 275.2674 us/op

WorkloadPilot    1: 16 op, 4123385.00 ns, 257.7116 us/op
WorkloadPilot    2: 32 op, 8358752.00 ns, 261.2110 us/op
WorkloadPilot    3: 64 op, 16648230.00 ns, 260.1286 us/op
WorkloadPilot    4: 128 op, 33233567.00 ns, 259.6372 us/op
WorkloadPilot    5: 256 op, 68392701.00 ns, 267.1590 us/op
WorkloadPilot    6: 512 op, 48051755.00 ns, 93.8511 us/op
WorkloadPilot    7: 1024 op, 89563457.00 ns, 87.4643 us/op
WorkloadPilot    8: 2048 op, 179536621.00 ns, 87.6644 us/op
WorkloadPilot    9: 4096 op, 359297304.00 ns, 87.7191 us/op
WorkloadPilot   10: 8192 op, 718065733.00 ns, 87.6545 us/op

OverheadWarmup   1: 8192 op, 20768.00 ns, 2.5352 ns/op
OverheadWarmup   2: 8192 op, 19822.00 ns, 2.4197 ns/op
OverheadWarmup   3: 8192 op, 19638.00 ns, 2.3972 ns/op
OverheadWarmup   4: 8192 op, 19591.00 ns, 2.3915 ns/op
OverheadWarmup   5: 8192 op, 19797.00 ns, 2.4166 ns/op
OverheadWarmup   6: 8192 op, 19672.00 ns, 2.4014 ns/op
OverheadWarmup   7: 8192 op, 19568.00 ns, 2.3887 ns/op
OverheadWarmup   8: 8192 op, 19619.00 ns, 2.3949 ns/op
OverheadWarmup   9: 8192 op, 19916.00 ns, 2.4312 ns/op
OverheadWarmup  10: 8192 op, 19647.00 ns, 2.3983 ns/op

OverheadActual   1: 8192 op, 19934.00 ns, 2.4333 ns/op
OverheadActual   2: 8192 op, 19861.00 ns, 2.4244 ns/op
OverheadActual   3: 8192 op, 19874.00 ns, 2.4260 ns/op
OverheadActual   4: 8192 op, 19730.00 ns, 2.4084 ns/op
OverheadActual   5: 8192 op, 19931.00 ns, 2.4330 ns/op
OverheadActual   6: 8192 op, 19684.00 ns, 2.4028 ns/op
OverheadActual   7: 8192 op, 19974.00 ns, 2.4382 ns/op
OverheadActual   8: 8192 op, 19612.00 ns, 2.3940 ns/op
OverheadActual   9: 8192 op, 19715.00 ns, 2.4066 ns/op
OverheadActual  10: 8192 op, 19571.00 ns, 2.3890 ns/op
OverheadActual  11: 8192 op, 19631.00 ns, 2.3964 ns/op
OverheadActual  12: 8192 op, 19614.00 ns, 2.3943 ns/op
OverheadActual  13: 8192 op, 19671.00 ns, 2.4012 ns/op
OverheadActual  14: 8192 op, 20128.00 ns, 2.4570 ns/op
OverheadActual  15: 8192 op, 20741.00 ns, 2.5319 ns/op

WorkloadWarmup   1: 8192 op, 718634597.00 ns, 87.7239 us/op
WorkloadWarmup   2: 8192 op, 718786948.00 ns, 87.7425 us/op
WorkloadWarmup   3: 8192 op, 718339252.00 ns, 87.6879 us/op

// BeforeActualRun
WorkloadActual   1: 8192 op, 718505290.00 ns, 87.7082 us/op
WorkloadActual   2: 8192 op, 718404023.00 ns, 87.6958 us/op
WorkloadActual   3: 8192 op, 718980834.00 ns, 87.7662 us/op

// AfterActualRun
WorkloadResult   1: 8192 op, 718485560.00 ns, 87.7058 us/op
WorkloadResult   2: 8192 op, 718384293.00 ns, 87.6934 us/op
WorkloadResult   3: 8192 op, 718961104.00 ns, 87.7638 us/op
// GC:  0 0 0 784 8192
// Threading:  0 0 8192

// AfterAll
// Benchmark Process 99058 has exited with code 0.

Mean = 87.721 μs, StdErr = 0.022 μs (0.02%), N = 3, StdDev = 0.038 μs
Min = 87.693 μs, Q1 = 87.700 μs, Median = 87.706 μs, Q3 = 87.735 μs, Max = 87.764 μs
IQR = 0.035 μs, LowerFence = 87.647 μs, UpperFence = 87.788 μs
ConfidenceInterval = [87.035 μs; 88.407 μs] (CI 99.9%), Margin = 0.686 μs (0.78% of Mean)
Skewness = 0.34, Kurtosis = 0.67, MValue = 2

// ** Remained 9 (90.0 %) benchmark(s) to run. Estimated finish 2026-08-28 22:40 (0h 1m from now) **
// **************************
// Benchmark: VmExecutionBenchmarks.FloatLoop: ShortRun(IterationCount=3, LaunchCount=1, WarmupCount=3)
// *** Execute ***
// Launch: 1 / 1
// Execute: dotnet caad03ad-aaf1-4489-aba6-9c92e5c19124.dll --anonymousPipes 118 119 --benchmarkName VmExecutionBenchmarks.FloatLoop --job ShortRun --benchmarkId 1 in /mnt/Shared/Projects/coflow/runtimes/csharp/Coflow.Cfd.Runtime.Benchmarks/bin/Release/net8.0/caad03ad-aaf1-4489-aba6-9c92e5c19124/bin/Release/net10.0
// Failed to set up high priority (Permission denied). In order to run benchmarks with high priority, make sure you have the right permissions.
// BeforeAnythingElse

// Benchmark Process Environment Information:
// BenchmarkDotNet v0.14.0
// Runtime=.NET 10.0.2 (10.0.225.61305), X64 RyuJIT AVX2
// GC=Concurrent Workstation
// HardwareIntrinsics=AVX2,AES,BMI1,BMI2,FMA,LZCNT,PCLMUL,POPCNT,AvxVnni,SERIALIZE VectorSize=256
// Job: ShortRun(IterationCount=3, LaunchCount=1, WarmupCount=3)

OverheadJitting  1: 1 op, 215669.00 ns, 215.6690 us/op
WorkloadJitting  1: 1 op, 12150155.00 ns, 12.1502 ms/op

OverheadJitting  2: 16 op, 270863.00 ns, 16.9289 us/op
WorkloadJitting  2: 16 op, 4447819.00 ns, 277.9887 us/op

WorkloadPilot    1: 16 op, 4180819.00 ns, 261.3012 us/op
WorkloadPilot    2: 32 op, 8449021.00 ns, 264.0319 us/op
WorkloadPilot    3: 64 op, 16856087.00 ns, 263.3764 us/op
WorkloadPilot    4: 128 op, 33666252.00 ns, 263.0176 us/op
WorkloadPilot    5: 256 op, 67076446.00 ns, 262.0174 us/op
WorkloadPilot    6: 512 op, 97114013.00 ns, 189.6758 us/op
WorkloadPilot    7: 1024 op, 86777725.00 ns, 84.7439 us/op
WorkloadPilot    8: 2048 op, 173029893.00 ns, 84.4873 us/op
WorkloadPilot    9: 4096 op, 346417896.00 ns, 84.5747 us/op
WorkloadPilot   10: 8192 op, 692901821.00 ns, 84.5827 us/op

OverheadWarmup   1: 8192 op, 26252.00 ns, 3.2046 ns/op
OverheadWarmup   2: 8192 op, 19843.00 ns, 2.4222 ns/op
OverheadWarmup   3: 8192 op, 19711.00 ns, 2.4061 ns/op
OverheadWarmup   4: 8192 op, 19646.00 ns, 2.3982 ns/op
OverheadWarmup   5: 8192 op, 19822.00 ns, 2.4197 ns/op
OverheadWarmup   6: 8192 op, 19723.00 ns, 2.4076 ns/op
OverheadWarmup   7: 8192 op, 19693.00 ns, 2.4039 ns/op
OverheadWarmup   8: 8192 op, 19634.00 ns, 2.3967 ns/op
OverheadWarmup   9: 8192 op, 19926.00 ns, 2.4324 ns/op
OverheadWarmup  10: 8192 op, 19662.00 ns, 2.4001 ns/op

OverheadActual   1: 8192 op, 19899.00 ns, 2.4291 ns/op
OverheadActual   2: 8192 op, 19948.00 ns, 2.4351 ns/op
OverheadActual   3: 8192 op, 19887.00 ns, 2.4276 ns/op
OverheadActual   4: 8192 op, 19805.00 ns, 2.4176 ns/op
OverheadActual   5: 8192 op, 19821.00 ns, 2.4196 ns/op
OverheadActual   6: 8192 op, 19739.00 ns, 2.4095 ns/op
OverheadActual   7: 8192 op, 20075.00 ns, 2.4506 ns/op
OverheadActual   8: 8192 op, 19664.00 ns, 2.4004 ns/op
OverheadActual   9: 8192 op, 19638.00 ns, 2.3972 ns/op
OverheadActual  10: 8192 op, 20016.00 ns, 2.4434 ns/op
OverheadActual  11: 8192 op, 19647.00 ns, 2.3983 ns/op
OverheadActual  12: 8192 op, 19750.00 ns, 2.4109 ns/op
OverheadActual  13: 8192 op, 19630.00 ns, 2.3962 ns/op
OverheadActual  14: 8192 op, 19629.00 ns, 2.3961 ns/op
OverheadActual  15: 8192 op, 20596.00 ns, 2.5142 ns/op

WorkloadWarmup   1: 8192 op, 693670330.00 ns, 84.6766 us/op
WorkloadWarmup   2: 8192 op, 693500509.00 ns, 84.6558 us/op
WorkloadWarmup   3: 8192 op, 692353374.00 ns, 84.5158 us/op

// BeforeActualRun
WorkloadActual   1: 8192 op, 691668853.00 ns, 84.4322 us/op
WorkloadActual   2: 8192 op, 691961586.00 ns, 84.4680 us/op
WorkloadActual   3: 8192 op, 692407423.00 ns, 84.5224 us/op

// AfterActualRun
WorkloadResult   1: 8192 op, 691649048.00 ns, 84.4298 us/op
WorkloadResult   2: 8192 op, 691941781.00 ns, 84.4655 us/op
WorkloadResult   3: 8192 op, 692387618.00 ns, 84.5200 us/op
// GC:  0 0 0 1072 8192
// Threading:  0 0 8192

// AfterAll
// Benchmark Process 99088 has exited with code 0.

Mean = 84.472 μs, StdErr = 0.026 μs (0.03%), N = 3, StdDev = 0.045 μs
Min = 84.430 μs, Q1 = 84.448 μs, Median = 84.466 μs, Q3 = 84.493 μs, Max = 84.520 μs
IQR = 0.045 μs, LowerFence = 84.380 μs, UpperFence = 84.560 μs
ConfidenceInterval = [83.644 μs; 85.300 μs] (CI 99.9%), Margin = 0.828 μs (0.98% of Mean)
Skewness = 0.13, Kurtosis = 0.67, MValue = 2

// ** Remained 8 (80.0 %) benchmark(s) to run. Estimated finish 2026-08-28 22:40 (0h 0m from now) **
// **************************
// Benchmark: VmExecutionBenchmarks.DirectCfdCallChain: ShortRun(IterationCount=3, LaunchCount=1, WarmupCount=3)
// *** Execute ***
// Launch: 1 / 1
// Execute: dotnet caad03ad-aaf1-4489-aba6-9c92e5c19124.dll --anonymousPipes 118 119 --benchmarkName VmExecutionBenchmarks.DirectCfdCallChain --job ShortRun --benchmarkId 2 in /mnt/Shared/Projects/coflow/runtimes/csharp/Coflow.Cfd.Runtime.Benchmarks/bin/Release/net8.0/caad03ad-aaf1-4489-aba6-9c92e5c19124/bin/Release/net10.0
// Failed to set up high priority (Permission denied). In order to run benchmarks with high priority, make sure you have the right permissions.
// BeforeAnythingElse

// Benchmark Process Environment Information:
// BenchmarkDotNet v0.14.0
// Runtime=.NET 10.0.2 (10.0.225.61305), X64 RyuJIT AVX2
// GC=Concurrent Workstation
// HardwareIntrinsics=AVX2,AES,BMI1,BMI2,FMA,LZCNT,PCLMUL,POPCNT,AvxVnni,SERIALIZE VectorSize=256
// Job: ShortRun(IterationCount=3, LaunchCount=1, WarmupCount=3)

OverheadJitting  1: 1 op, 253693.00 ns, 253.6930 us/op
WorkloadJitting  1: 1 op, 2563844.00 ns, 2.5638 ms/op

OverheadJitting  2: 16 op, 308784.00 ns, 19.2990 us/op
WorkloadJitting  2: 16 op, 339321.00 ns, 21.2076 us/op

WorkloadPilot    1: 16 op, 36460.00 ns, 2.2788 us/op
WorkloadPilot    2: 32 op, 63591.00 ns, 1.9872 us/op
WorkloadPilot    3: 64 op, 117170.00 ns, 1.8308 us/op
WorkloadPilot    4: 128 op, 229084.00 ns, 1.7897 us/op
WorkloadPilot    5: 256 op, 452939.00 ns, 1.7693 us/op
WorkloadPilot    6: 512 op, 907769.00 ns, 1.7730 us/op
WorkloadPilot    7: 1024 op, 1818506.00 ns, 1.7759 us/op
WorkloadPilot    8: 2048 op, 4005263.00 ns, 1.9557 us/op
WorkloadPilot    9: 4096 op, 7699273.00 ns, 1.8797 us/op
WorkloadPilot   10: 8192 op, 15361121.00 ns, 1.8751 us/op
WorkloadPilot   11: 16384 op, 29874855.00 ns, 1.8234 us/op
WorkloadPilot   12: 32768 op, 58769941.00 ns, 1.7935 us/op
WorkloadPilot   13: 65536 op, 96189965.00 ns, 1.4677 us/op
WorkloadPilot   14: 131072 op, 32750028.00 ns, 249.8629 ns/op
WorkloadPilot   15: 262144 op, 65030617.00 ns, 248.0721 ns/op
WorkloadPilot   16: 524288 op, 129753874.00 ns, 247.4859 ns/op
WorkloadPilot   17: 1048576 op, 260536215.00 ns, 248.4667 ns/op
WorkloadPilot   18: 2097152 op, 520799027.00 ns, 248.3363 ns/op

OverheadWarmup   1: 2097152 op, 5012611.00 ns, 2.3902 ns/op
OverheadWarmup   2: 2097152 op, 5013386.00 ns, 2.3906 ns/op
OverheadWarmup   3: 2097152 op, 5014311.00 ns, 2.3910 ns/op
OverheadWarmup   4: 2097152 op, 5012810.00 ns, 2.3903 ns/op
OverheadWarmup   5: 2097152 op, 5014571.00 ns, 2.3911 ns/op
OverheadWarmup   6: 2097152 op, 5008962.00 ns, 2.3885 ns/op

OverheadActual   1: 2097152 op, 5013111.00 ns, 2.3904 ns/op
OverheadActual   2: 2097152 op, 5018625.00 ns, 2.3931 ns/op
OverheadActual   3: 2097152 op, 5011772.00 ns, 2.3898 ns/op
OverheadActual   4: 2097152 op, 5011456.00 ns, 2.3896 ns/op
OverheadActual   5: 2097152 op, 5013909.00 ns, 2.3908 ns/op
OverheadActual   6: 2097152 op, 5009659.00 ns, 2.3888 ns/op
OverheadActual   7: 2097152 op, 5009751.00 ns, 2.3888 ns/op
OverheadActual   8: 2097152 op, 5012698.00 ns, 2.3902 ns/op
OverheadActual   9: 2097152 op, 5013835.00 ns, 2.3908 ns/op
OverheadActual  10: 2097152 op, 5013466.00 ns, 2.3906 ns/op
OverheadActual  11: 2097152 op, 5015710.00 ns, 2.3917 ns/op
OverheadActual  12: 2097152 op, 5009835.00 ns, 2.3889 ns/op
OverheadActual  13: 2097152 op, 5013791.00 ns, 2.3908 ns/op
OverheadActual  14: 2097152 op, 5010156.00 ns, 2.3890 ns/op
OverheadActual  15: 2097152 op, 5014733.00 ns, 2.3912 ns/op

WorkloadWarmup   1: 2097152 op, 520653636.00 ns, 248.2670 ns/op
WorkloadWarmup   2: 2097152 op, 520789474.00 ns, 248.3318 ns/op
WorkloadWarmup   3: 2097152 op, 521623621.00 ns, 248.7295 ns/op

// BeforeActualRun
WorkloadActual   1: 2097152 op, 521332809.00 ns, 248.5909 ns/op
WorkloadActual   2: 2097152 op, 521145594.00 ns, 248.5016 ns/op
WorkloadActual   3: 2097152 op, 521039259.00 ns, 248.4509 ns/op

// AfterActualRun
WorkloadResult   1: 2097152 op, 516319698.00 ns, 246.2004 ns/op
WorkloadResult   2: 2097152 op, 516132483.00 ns, 246.1111 ns/op
WorkloadResult   3: 2097152 op, 516026148.00 ns, 246.0604 ns/op
// GC:  0 0 0 1072 2097152
// Threading:  0 0 2097152

// AfterAll
// Benchmark Process 99129 has exited with code 0.

Mean = 246.124 ns, StdErr = 0.041 ns (0.02%), N = 3, StdDev = 0.071 ns
Min = 246.060 ns, Q1 = 246.086 ns, Median = 246.111 ns, Q3 = 246.156 ns, Max = 246.200 ns
IQR = 0.070 ns, LowerFence = 245.981 ns, UpperFence = 246.261 ns
ConfidenceInterval = [244.831 ns; 247.417 ns] (CI 99.9%), Margin = 1.293 ns (0.53% of Mean)
Skewness = 0.18, Kurtosis = 0.67, MValue = 2

// ** Remained 7 (70.0 %) benchmark(s) to run. Estimated finish 2026-08-28 22:40 (0h 0m from now) **
// **************************
// Benchmark: VmExecutionBenchmarks.TailRecursion: ShortRun(IterationCount=3, LaunchCount=1, WarmupCount=3)
// *** Execute ***
// Launch: 1 / 1
// Execute: dotnet caad03ad-aaf1-4489-aba6-9c92e5c19124.dll --anonymousPipes 118 119 --benchmarkName VmExecutionBenchmarks.TailRecursion --job ShortRun --benchmarkId 3 in /mnt/Shared/Projects/coflow/runtimes/csharp/Coflow.Cfd.Runtime.Benchmarks/bin/Release/net8.0/caad03ad-aaf1-4489-aba6-9c92e5c19124/bin/Release/net10.0
// Failed to set up high priority (Permission denied). In order to run benchmarks with high priority, make sure you have the right permissions.
// BeforeAnythingElse

// Benchmark Process Environment Information:
// BenchmarkDotNet v0.14.0
// Runtime=.NET 10.0.2 (10.0.225.61305), X64 RyuJIT AVX2
// GC=Concurrent Workstation
// HardwareIntrinsics=AVX2,AES,BMI1,BMI2,FMA,LZCNT,PCLMUL,POPCNT,AvxVnni,SERIALIZE VectorSize=256
// Job: ShortRun(IterationCount=3, LaunchCount=1, WarmupCount=3)

OverheadJitting  1: 1 op, 231549.00 ns, 231.5490 us/op
WorkloadJitting  1: 1 op, 2282264.00 ns, 2.2823 ms/op

OverheadJitting  2: 16 op, 275364.00 ns, 17.2103 us/op
WorkloadJitting  2: 16 op, 11023685.00 ns, 688.9803 us/op

WorkloadPilot    1: 16 op, 2391925.00 ns, 149.4953 us/op
WorkloadPilot    2: 32 op, 4864369.00 ns, 152.0115 us/op
WorkloadPilot    3: 64 op, 9891095.00 ns, 154.5484 us/op
WorkloadPilot    4: 128 op, 19383966.00 ns, 151.4372 us/op
WorkloadPilot    5: 256 op, 38040379.00 ns, 148.5952 us/op
WorkloadPilot    6: 512 op, 75872144.00 ns, 148.1878 us/op
WorkloadPilot    7: 1024 op, 81371847.00 ns, 79.4647 us/op
WorkloadPilot    8: 2048 op, 88758754.00 ns, 43.3392 us/op
WorkloadPilot    9: 4096 op, 177433574.00 ns, 43.3187 us/op
WorkloadPilot   10: 8192 op, 354041201.00 ns, 43.2179 us/op
WorkloadPilot   11: 16384 op, 709915008.00 ns, 43.3298 us/op

OverheadWarmup   1: 16384 op, 47364.00 ns, 2.8909 ns/op
OverheadWarmup   2: 16384 op, 40272.00 ns, 2.4580 ns/op
OverheadWarmup   3: 16384 op, 39306.00 ns, 2.3990 ns/op
OverheadWarmup   4: 16384 op, 39542.00 ns, 2.4135 ns/op
OverheadWarmup   5: 16384 op, 44663.00 ns, 2.7260 ns/op
OverheadWarmup   6: 16384 op, 39225.00 ns, 2.3941 ns/op
OverheadWarmup   7: 16384 op, 39355.00 ns, 2.4020 ns/op
OverheadWarmup   8: 16384 op, 39235.00 ns, 2.3947 ns/op

OverheadActual   1: 16384 op, 40053.00 ns, 2.4446 ns/op
OverheadActual   2: 16384 op, 39651.00 ns, 2.4201 ns/op
OverheadActual   3: 16384 op, 39573.00 ns, 2.4153 ns/op
OverheadActual   4: 16384 op, 39249.00 ns, 2.3956 ns/op
OverheadActual   5: 16384 op, 39966.00 ns, 2.4393 ns/op
OverheadActual   6: 16384 op, 39247.00 ns, 2.3954 ns/op
OverheadActual   7: 16384 op, 39221.00 ns, 2.3939 ns/op
OverheadActual   8: 16384 op, 39358.00 ns, 2.4022 ns/op
OverheadActual   9: 16384 op, 39510.00 ns, 2.4115 ns/op
OverheadActual  10: 16384 op, 39392.00 ns, 2.4043 ns/op
OverheadActual  11: 16384 op, 39232.00 ns, 2.3945 ns/op
OverheadActual  12: 16384 op, 39306.00 ns, 2.3990 ns/op
OverheadActual  13: 16384 op, 39354.00 ns, 2.4020 ns/op
OverheadActual  14: 16384 op, 39156.00 ns, 2.3899 ns/op
OverheadActual  15: 16384 op, 39152.00 ns, 2.3896 ns/op

WorkloadWarmup   1: 16384 op, 709080682.00 ns, 43.2789 us/op
WorkloadWarmup   2: 16384 op, 708861622.00 ns, 43.2655 us/op
WorkloadWarmup   3: 16384 op, 709806456.00 ns, 43.3231 us/op

// BeforeActualRun
WorkloadActual   1: 16384 op, 709549301.00 ns, 43.3075 us/op
WorkloadActual   2: 16384 op, 709845798.00 ns, 43.3255 us/op
WorkloadActual   3: 16384 op, 710451991.00 ns, 43.3625 us/op

// AfterActualRun
WorkloadResult   1: 16384 op, 709509947.00 ns, 43.3051 us/op
WorkloadResult   2: 16384 op, 709806444.00 ns, 43.3231 us/op
WorkloadResult   3: 16384 op, 710412637.00 ns, 43.3601 us/op
// GC:  0 0 0 64 16384
// Threading:  0 0 16384

// AfterAll
// Benchmark Process 99152 has exited with code 0.

Mean = 43.329 μs, StdErr = 0.016 μs (0.04%), N = 3, StdDev = 0.028 μs
Min = 43.305 μs, Q1 = 43.314 μs, Median = 43.323 μs, Q3 = 43.342 μs, Max = 43.360 μs
IQR = 0.028 μs, LowerFence = 43.273 μs, UpperFence = 43.383 μs
ConfidenceInterval = [42.817 μs; 43.842 μs] (CI 99.9%), Margin = 0.512 μs (1.18% of Mean)
Skewness = 0.21, Kurtosis = 0.67, MValue = 2

// ** Remained 6 (60.0 %) benchmark(s) to run. Estimated finish 2026-08-28 22:40 (0h 0m from now) **
// **************************
// Benchmark: VmExecutionBenchmarks.TailAccumulator: ShortRun(IterationCount=3, LaunchCount=1, WarmupCount=3)
// *** Execute ***
// Launch: 1 / 1
// Execute: dotnet caad03ad-aaf1-4489-aba6-9c92e5c19124.dll --anonymousPipes 118 119 --benchmarkName VmExecutionBenchmarks.TailAccumulator --job ShortRun --benchmarkId 4 in /mnt/Shared/Projects/coflow/runtimes/csharp/Coflow.Cfd.Runtime.Benchmarks/bin/Release/net8.0/caad03ad-aaf1-4489-aba6-9c92e5c19124/bin/Release/net10.0
// Failed to set up high priority (Permission denied). In order to run benchmarks with high priority, make sure you have the right permissions.
// BeforeAnythingElse

// Benchmark Process Environment Information:
// BenchmarkDotNet v0.14.0
// Runtime=.NET 10.0.2 (10.0.225.61305), X64 RyuJIT AVX2
// GC=Concurrent Workstation
// HardwareIntrinsics=AVX2,AES,BMI1,BMI2,FMA,LZCNT,PCLMUL,POPCNT,AvxVnni,SERIALIZE VectorSize=256
// Job: ShortRun(IterationCount=3, LaunchCount=1, WarmupCount=3)

OverheadJitting  1: 1 op, 221878.00 ns, 221.8780 us/op
WorkloadJitting  1: 1 op, 11521031.00 ns, 11.5210 ms/op

OverheadJitting  2: 16 op, 319305.00 ns, 19.9566 us/op
WorkloadJitting  2: 16 op, 4357052.00 ns, 272.3158 us/op

WorkloadPilot    1: 16 op, 3982125.00 ns, 248.8828 us/op
WorkloadPilot    2: 32 op, 7911395.00 ns, 247.2311 us/op
WorkloadPilot    3: 64 op, 15784928.00 ns, 246.6395 us/op
WorkloadPilot    4: 128 op, 31159974.00 ns, 243.4373 us/op
WorkloadPilot    5: 256 op, 61994817.00 ns, 242.1673 us/op
WorkloadPilot    6: 512 op, 97448691.00 ns, 190.3295 us/op
WorkloadPilot    7: 1024 op, 71408983.00 ns, 69.7353 us/op
WorkloadPilot    8: 2048 op, 142356237.00 ns, 69.5099 us/op
WorkloadPilot    9: 4096 op, 285168288.00 ns, 69.6212 us/op
WorkloadPilot   10: 8192 op, 569053132.00 ns, 69.4645 us/op

OverheadWarmup   1: 8192 op, 21301.00 ns, 2.6002 ns/op
OverheadWarmup   2: 8192 op, 19988.00 ns, 2.4399 ns/op
OverheadWarmup   3: 8192 op, 19650.00 ns, 2.3987 ns/op
OverheadWarmup   4: 8192 op, 19617.00 ns, 2.3947 ns/op
OverheadWarmup   5: 8192 op, 19710.00 ns, 2.4060 ns/op
OverheadWarmup   6: 8192 op, 19623.00 ns, 2.3954 ns/op
OverheadWarmup   7: 8192 op, 19642.00 ns, 2.3977 ns/op
OverheadWarmup   8: 8192 op, 19604.00 ns, 2.3931 ns/op

OverheadActual   1: 8192 op, 20382.00 ns, 2.4880 ns/op
OverheadActual   2: 8192 op, 19882.00 ns, 2.4270 ns/op
OverheadActual   3: 8192 op, 25836.00 ns, 3.1538 ns/op
OverheadActual   4: 8192 op, 19636.00 ns, 2.3970 ns/op
OverheadActual   5: 8192 op, 19977.00 ns, 2.4386 ns/op
OverheadActual   6: 8192 op, 19752.00 ns, 2.4111 ns/op
OverheadActual   7: 8192 op, 19719.00 ns, 2.4071 ns/op
OverheadActual   8: 8192 op, 19669.00 ns, 2.4010 ns/op
OverheadActual   9: 8192 op, 20118.00 ns, 2.4558 ns/op
OverheadActual  10: 8192 op, 19720.00 ns, 2.4072 ns/op
OverheadActual  11: 8192 op, 19609.00 ns, 2.3937 ns/op
OverheadActual  12: 8192 op, 19606.00 ns, 2.3933 ns/op
OverheadActual  13: 8192 op, 19591.00 ns, 2.3915 ns/op
OverheadActual  14: 8192 op, 19685.00 ns, 2.4030 ns/op
OverheadActual  15: 8192 op, 19528.00 ns, 2.3838 ns/op

WorkloadWarmup   1: 8192 op, 570296017.00 ns, 69.6162 us/op
WorkloadWarmup   2: 8192 op, 571330583.00 ns, 69.7425 us/op
WorkloadWarmup   3: 8192 op, 570662824.00 ns, 69.6610 us/op

// BeforeActualRun
WorkloadActual   1: 8192 op, 568443944.00 ns, 69.3901 us/op
WorkloadActual   2: 8192 op, 572606654.00 ns, 69.8983 us/op
WorkloadActual   3: 8192 op, 576595883.00 ns, 70.3852 us/op

// AfterActualRun
WorkloadResult   1: 8192 op, 568424225.00 ns, 69.3877 us/op
WorkloadResult   2: 8192 op, 572586935.00 ns, 69.8959 us/op
WorkloadResult   3: 8192 op, 576576164.00 ns, 70.3828 us/op
// GC:  0 0 0 448 8192
// Threading:  0 0 8192

// AfterAll
// Benchmark Process 99180 has exited with code 0.

Mean = 69.889 μs, StdErr = 0.287 μs (0.41%), N = 3, StdDev = 0.498 μs
Min = 69.388 μs, Q1 = 69.642 μs, Median = 69.896 μs, Q3 = 70.139 μs, Max = 70.383 μs
IQR = 0.498 μs, LowerFence = 68.895 μs, UpperFence = 70.886 μs
ConfidenceInterval = [60.811 μs; 78.967 μs] (CI 99.9%), Margin = 9.078 μs (12.99% of Mean)
Skewness = -0.01, Kurtosis = 0.67, MValue = 2

// ** Remained 5 (50.0 %) benchmark(s) to run. Estimated finish 2026-08-28 22:40 (0h 0m from now) **
// **************************
// Benchmark: VmExecutionBenchmarks.GeneratedFieldRead: ShortRun(IterationCount=3, LaunchCount=1, WarmupCount=3)
// *** Execute ***
// Launch: 1 / 1
// Execute: dotnet caad03ad-aaf1-4489-aba6-9c92e5c19124.dll --anonymousPipes 118 119 --benchmarkName VmExecutionBenchmarks.GeneratedFieldRead --job ShortRun --benchmarkId 5 in /mnt/Shared/Projects/coflow/runtimes/csharp/Coflow.Cfd.Runtime.Benchmarks/bin/Release/net8.0/caad03ad-aaf1-4489-aba6-9c92e5c19124/bin/Release/net10.0
// Failed to set up high priority (Permission denied). In order to run benchmarks with high priority, make sure you have the right permissions.
// BeforeAnythingElse

// Benchmark Process Environment Information:
// BenchmarkDotNet v0.14.0
// Runtime=.NET 10.0.2 (10.0.225.61305), X64 RyuJIT AVX2
// GC=Concurrent Workstation
// HardwareIntrinsics=AVX2,AES,BMI1,BMI2,FMA,LZCNT,PCLMUL,POPCNT,AvxVnni,SERIALIZE VectorSize=256
// Job: ShortRun(IterationCount=3, LaunchCount=1, WarmupCount=3)

OverheadJitting  1: 1 op, 279188.00 ns, 279.1880 us/op
WorkloadJitting  1: 1 op, 12971948.00 ns, 12.9719 ms/op

OverheadJitting  2: 16 op, 349806.00 ns, 21.8629 us/op
WorkloadJitting  2: 16 op, 6969915.00 ns, 435.6197 us/op

WorkloadPilot    1: 16 op, 5662340.00 ns, 353.8963 us/op
WorkloadPilot    2: 32 op, 10000437.00 ns, 312.5137 us/op
WorkloadPilot    3: 64 op, 19542628.00 ns, 305.3536 us/op
WorkloadPilot    4: 128 op, 38654573.00 ns, 301.9889 us/op
WorkloadPilot    5: 256 op, 79410159.00 ns, 310.1959 us/op
WorkloadPilot    6: 512 op, 152129128.00 ns, 297.1272 us/op
WorkloadPilot    7: 1024 op, 125139829.00 ns, 122.2069 us/op
WorkloadPilot    8: 2048 op, 231629129.00 ns, 113.1002 us/op
WorkloadPilot    9: 4096 op, 467349758.00 ns, 114.0991 us/op
WorkloadPilot   10: 8192 op, 926002113.00 ns, 113.0374 us/op

OverheadWarmup   1: 8192 op, 20992.00 ns, 2.5625 ns/op
OverheadWarmup   2: 8192 op, 20577.00 ns, 2.5118 ns/op
OverheadWarmup   3: 8192 op, 19941.00 ns, 2.4342 ns/op
OverheadWarmup   4: 8192 op, 19876.00 ns, 2.4263 ns/op
OverheadWarmup   5: 8192 op, 19918.00 ns, 2.4314 ns/op
OverheadWarmup   6: 8192 op, 19764.00 ns, 2.4126 ns/op
OverheadWarmup   7: 8192 op, 19720.00 ns, 2.4072 ns/op
OverheadWarmup   8: 8192 op, 19845.00 ns, 2.4225 ns/op
OverheadWarmup   9: 8192 op, 20339.00 ns, 2.4828 ns/op
OverheadWarmup  10: 8192 op, 19712.00 ns, 2.4063 ns/op

OverheadActual   1: 8192 op, 20111.00 ns, 2.4550 ns/op
OverheadActual   2: 8192 op, 20028.00 ns, 2.4448 ns/op
OverheadActual   3: 8192 op, 20176.00 ns, 2.4629 ns/op
OverheadActual   4: 8192 op, 19858.00 ns, 2.4241 ns/op
OverheadActual   5: 8192 op, 20013.00 ns, 2.4430 ns/op
OverheadActual   6: 8192 op, 19880.00 ns, 2.4268 ns/op
OverheadActual   7: 8192 op, 20153.00 ns, 2.4601 ns/op
OverheadActual   8: 8192 op, 19691.00 ns, 2.4037 ns/op
OverheadActual   9: 8192 op, 19682.00 ns, 2.4026 ns/op
OverheadActual  10: 8192 op, 19705.00 ns, 2.4054 ns/op
OverheadActual  11: 8192 op, 19913.00 ns, 2.4308 ns/op
OverheadActual  12: 8192 op, 19817.00 ns, 2.4191 ns/op
OverheadActual  13: 8192 op, 19867.00 ns, 2.4252 ns/op
OverheadActual  14: 8192 op, 19833.00 ns, 2.4210 ns/op
OverheadActual  15: 8192 op, 20674.00 ns, 2.5237 ns/op

WorkloadWarmup   1: 8192 op, 906543839.00 ns, 110.6621 us/op
WorkloadWarmup   2: 8192 op, 912595675.00 ns, 111.4008 us/op
WorkloadWarmup   3: 8192 op, 903124538.00 ns, 110.2447 us/op

// BeforeActualRun
WorkloadActual   1: 8192 op, 904381470.00 ns, 110.3981 us/op
WorkloadActual   2: 8192 op, 911420182.00 ns, 111.2573 us/op
WorkloadActual   3: 8192 op, 915437572.00 ns, 111.7478 us/op

// AfterActualRun
WorkloadResult   1: 8192 op, 904361590.00 ns, 110.3957 us/op
WorkloadResult   2: 8192 op, 911400302.00 ns, 111.2549 us/op
WorkloadResult   3: 8192 op, 915417692.00 ns, 111.7453 us/op
// GC:  0 0 0 736 8192
// Threading:  0 0 8192

// AfterAll
// Benchmark Process 99257 has exited with code 0.

Mean = 111.132 μs, StdErr = 0.394 μs (0.35%), N = 3, StdDev = 0.683 μs
Min = 110.396 μs, Q1 = 110.825 μs, Median = 111.255 μs, Q3 = 111.500 μs, Max = 111.745 μs
IQR = 0.675 μs, LowerFence = 109.813 μs, UpperFence = 112.512 μs
ConfidenceInterval = [98.669 μs; 123.595 μs] (CI 99.9%), Margin = 12.463 μs (11.21% of Mean)
Skewness = -0.17, Kurtosis = 0.67, MValue = 2

// ** Remained 4 (40.0 %) benchmark(s) to run. Estimated finish 2026-08-28 22:40 (0h 0m from now) **
// **************************
// Benchmark: VmExecutionBenchmarks.MapFilterFold: ShortRun(IterationCount=3, LaunchCount=1, WarmupCount=3)
// *** Execute ***
// Launch: 1 / 1
// Execute: dotnet caad03ad-aaf1-4489-aba6-9c92e5c19124.dll --anonymousPipes 118 119 --benchmarkName VmExecutionBenchmarks.MapFilterFold --job ShortRun --benchmarkId 6 in /mnt/Shared/Projects/coflow/runtimes/csharp/Coflow.Cfd.Runtime.Benchmarks/bin/Release/net8.0/caad03ad-aaf1-4489-aba6-9c92e5c19124/bin/Release/net10.0
// Failed to set up high priority (Permission denied). In order to run benchmarks with high priority, make sure you have the right permissions.
// BeforeAnythingElse

// Benchmark Process Environment Information:
// BenchmarkDotNet v0.14.0
// Runtime=.NET 10.0.2 (10.0.225.61305), X64 RyuJIT AVX2
// GC=Concurrent Workstation
// HardwareIntrinsics=AVX2,AES,BMI1,BMI2,FMA,LZCNT,PCLMUL,POPCNT,AvxVnni,SERIALIZE VectorSize=256
// Job: ShortRun(IterationCount=3, LaunchCount=1, WarmupCount=3)

OverheadJitting  1: 1 op, 243390.00 ns, 243.3900 us/op
WorkloadJitting  1: 1 op, 7078006.00 ns, 7.0780 ms/op

OverheadJitting  2: 16 op, 292468.00 ns, 18.2793 us/op
WorkloadJitting  2: 16 op, 580518.00 ns, 36.2824 us/op

WorkloadPilot    1: 16 op, 303985.00 ns, 18.9991 us/op
WorkloadPilot    2: 32 op, 563600.00 ns, 17.6125 us/op
WorkloadPilot    3: 64 op, 1130975.00 ns, 17.6715 us/op
WorkloadPilot    4: 128 op, 2178687.00 ns, 17.0210 us/op
WorkloadPilot    5: 256 op, 4354799.00 ns, 17.0109 us/op
WorkloadPilot    6: 512 op, 8965341.00 ns, 17.5104 us/op
WorkloadPilot    7: 1024 op, 17865687.00 ns, 17.4470 us/op
WorkloadPilot    8: 2048 op, 34754229.00 ns, 16.9698 us/op
WorkloadPilot    9: 4096 op, 67750805.00 ns, 16.5407 us/op
WorkloadPilot   10: 8192 op, 70877723.00 ns, 8.6521 us/op
WorkloadPilot   11: 16384 op, 49558034.00 ns, 3.0248 us/op
WorkloadPilot   12: 32768 op, 98368715.00 ns, 3.0020 us/op
WorkloadPilot   13: 65536 op, 190049833.00 ns, 2.8999 us/op
WorkloadPilot   14: 131072 op, 379413567.00 ns, 2.8947 us/op
WorkloadPilot   15: 262144 op, 756104373.00 ns, 2.8843 us/op

OverheadWarmup   1: 262144 op, 631825.00 ns, 2.4102 ns/op
OverheadWarmup   2: 262144 op, 625501.00 ns, 2.3861 ns/op
OverheadWarmup   3: 262144 op, 625323.00 ns, 2.3854 ns/op
OverheadWarmup   4: 262144 op, 625204.00 ns, 2.3850 ns/op
OverheadWarmup   5: 262144 op, 635575.00 ns, 2.4245 ns/op
OverheadWarmup   6: 262144 op, 629671.00 ns, 2.4020 ns/op
OverheadWarmup   7: 262144 op, 629474.00 ns, 2.4013 ns/op
OverheadWarmup   8: 262144 op, 628880.00 ns, 2.3990 ns/op
OverheadWarmup   9: 262144 op, 628364.00 ns, 2.3970 ns/op
OverheadWarmup  10: 262144 op, 625109.00 ns, 2.3846 ns/op

OverheadActual   1: 262144 op, 632236.00 ns, 2.4118 ns/op
OverheadActual   2: 262144 op, 632608.00 ns, 2.4132 ns/op
OverheadActual   3: 262144 op, 643370.00 ns, 2.4543 ns/op
OverheadActual   4: 262144 op, 636812.00 ns, 2.4292 ns/op
OverheadActual   5: 262144 op, 636155.00 ns, 2.4267 ns/op
OverheadActual   6: 262144 op, 635668.00 ns, 2.4249 ns/op
OverheadActual   7: 262144 op, 629084.00 ns, 2.3998 ns/op
OverheadActual   8: 262144 op, 629046.00 ns, 2.3996 ns/op
OverheadActual   9: 262144 op, 624873.00 ns, 2.3837 ns/op
OverheadActual  10: 262144 op, 628506.00 ns, 2.3976 ns/op
OverheadActual  11: 262144 op, 629288.00 ns, 2.4005 ns/op
OverheadActual  12: 262144 op, 629482.00 ns, 2.4013 ns/op
OverheadActual  13: 262144 op, 631323.00 ns, 2.4083 ns/op
OverheadActual  14: 262144 op, 625428.00 ns, 2.3858 ns/op
OverheadActual  15: 262144 op, 630582.00 ns, 2.4055 ns/op

WorkloadWarmup   1: 262144 op, 763473383.00 ns, 2.9124 us/op
WorkloadWarmup   2: 262144 op, 758476019.00 ns, 2.8934 us/op
WorkloadWarmup   3: 262144 op, 758071304.00 ns, 2.8918 us/op

// BeforeActualRun
WorkloadActual   1: 262144 op, 764795098.00 ns, 2.9175 us/op
WorkloadActual   2: 262144 op, 767765276.00 ns, 2.9288 us/op
WorkloadActual   3: 262144 op, 759408323.00 ns, 2.8969 us/op

// AfterActualRun
WorkloadResult   1: 262144 op, 764164516.00 ns, 2.9151 us/op
WorkloadResult   2: 262144 op, 767134694.00 ns, 2.9264 us/op
WorkloadResult   3: 262144 op, 758777741.00 ns, 2.8945 us/op
// GC:  7 0 0 92275472 262144
// Threading:  0 0 262144

// AfterAll
// Benchmark Process 99535 has exited with code 0.

Mean = 2.912 μs, StdErr = 0.009 μs (0.32%), N = 3, StdDev = 0.016 μs
Min = 2.895 μs, Q1 = 2.905 μs, Median = 2.915 μs, Q3 = 2.921 μs, Max = 2.926 μs
IQR = 0.016 μs, LowerFence = 2.881 μs, UpperFence = 2.945 μs
ConfidenceInterval = [2.617 μs; 3.207 μs] (CI 99.9%), Margin = 0.295 μs (10.12% of Mean)
Skewness = -0.18, Kurtosis = 0.67, MValue = 2

// ** Remained 3 (30.0 %) benchmark(s) to run. Estimated finish 2026-08-28 22:40 (0h 0m from now) **
// **************************
// Benchmark: VmExecutionBenchmarks.CfdToHost: ShortRun(IterationCount=3, LaunchCount=1, WarmupCount=3)
// *** Execute ***
// Launch: 1 / 1
// Execute: dotnet caad03ad-aaf1-4489-aba6-9c92e5c19124.dll --anonymousPipes 118 119 --benchmarkName VmExecutionBenchmarks.CfdToHost --job ShortRun --benchmarkId 7 in /mnt/Shared/Projects/coflow/runtimes/csharp/Coflow.Cfd.Runtime.Benchmarks/bin/Release/net8.0/caad03ad-aaf1-4489-aba6-9c92e5c19124/bin/Release/net10.0
// Failed to set up high priority (Permission denied). In order to run benchmarks with high priority, make sure you have the right permissions.
// BeforeAnythingElse

// Benchmark Process Environment Information:
// BenchmarkDotNet v0.14.0
// Runtime=.NET 10.0.2 (10.0.225.61305), X64 RyuJIT AVX2
// GC=Concurrent Workstation
// HardwareIntrinsics=AVX2,AES,BMI1,BMI2,FMA,LZCNT,PCLMUL,POPCNT,AvxVnni,SERIALIZE VectorSize=256
// Job: ShortRun(IterationCount=3, LaunchCount=1, WarmupCount=3)

OverheadJitting  1: 1 op, 232813.00 ns, 232.8130 us/op
WorkloadJitting  1: 1 op, 3560996.00 ns, 3.5610 ms/op

OverheadJitting  2: 16 op, 264763.00 ns, 16.5477 us/op
WorkloadJitting  2: 16 op, 284399.00 ns, 17.7749 us/op

WorkloadPilot    1: 16 op, 14932.00 ns, 933.2500 ns/op
WorkloadPilot    2: 32 op, 20947.00 ns, 654.5938 ns/op
WorkloadPilot    3: 64 op, 30481.00 ns, 476.2656 ns/op
WorkloadPilot    4: 128 op, 64327.00 ns, 502.5547 ns/op
WorkloadPilot    5: 256 op, 111543.00 ns, 435.7148 ns/op
WorkloadPilot    6: 512 op, 217620.00 ns, 425.0391 ns/op
WorkloadPilot    7: 1024 op, 429876.00 ns, 419.8008 ns/op
WorkloadPilot    8: 2048 op, 868497.00 ns, 424.0708 ns/op
WorkloadPilot    9: 4096 op, 1737807.00 ns, 424.2693 ns/op
WorkloadPilot   10: 8192 op, 3952947.00 ns, 482.5375 ns/op
WorkloadPilot   11: 16384 op, 7448303.00 ns, 454.6083 ns/op
WorkloadPilot   12: 32768 op, 14422924.00 ns, 440.1527 ns/op
WorkloadPilot   13: 65536 op, 28313290.00 ns, 432.0265 ns/op
WorkloadPilot   14: 131072 op, 56369185.00 ns, 430.0628 ns/op
WorkloadPilot   15: 262144 op, 84794278.00 ns, 323.4645 ns/op
WorkloadPilot   16: 524288 op, 38532415.00 ns, 73.4947 ns/op
WorkloadPilot   17: 1048576 op, 77052181.00 ns, 73.4827 ns/op
WorkloadPilot   18: 2097152 op, 153999374.00 ns, 73.4326 ns/op
WorkloadPilot   19: 4194304 op, 308374670.00 ns, 73.5223 ns/op
WorkloadPilot   20: 8388608 op, 615542589.00 ns, 73.3784 ns/op

OverheadWarmup   1: 8388608 op, 20058880.00 ns, 2.3912 ns/op
OverheadWarmup   2: 8388608 op, 20080794.00 ns, 2.3938 ns/op
OverheadWarmup   3: 8388608 op, 20061227.00 ns, 2.3915 ns/op
OverheadWarmup   4: 8388608 op, 20056501.00 ns, 2.3909 ns/op
OverheadWarmup   5: 8388608 op, 20063525.00 ns, 2.3918 ns/op
OverheadWarmup   6: 8388608 op, 20079652.00 ns, 2.3937 ns/op
OverheadWarmup   7: 8388608 op, 20064300.00 ns, 2.3919 ns/op

OverheadActual   1: 8388608 op, 20063467.00 ns, 2.3918 ns/op
OverheadActual   2: 8388608 op, 20052434.00 ns, 2.3904 ns/op
OverheadActual   3: 8388608 op, 20059112.00 ns, 2.3912 ns/op
OverheadActual   4: 8388608 op, 20072857.00 ns, 2.3929 ns/op
OverheadActual   5: 8388608 op, 20060966.00 ns, 2.3915 ns/op
OverheadActual   6: 8388608 op, 20050590.00 ns, 2.3902 ns/op
OverheadActual   7: 8388608 op, 20064732.00 ns, 2.3919 ns/op
OverheadActual   8: 8388608 op, 20065958.00 ns, 2.3920 ns/op
OverheadActual   9: 8388608 op, 20192364.00 ns, 2.4071 ns/op
OverheadActual  10: 8388608 op, 20068547.00 ns, 2.3924 ns/op
OverheadActual  11: 8388608 op, 20059582.00 ns, 2.3913 ns/op
OverheadActual  12: 8388608 op, 16145488.00 ns, 1.9247 ns/op
OverheadActual  13: 8388608 op, 15828272.00 ns, 1.8869 ns/op
OverheadActual  14: 8388608 op, 17318489.00 ns, 2.0645 ns/op
OverheadActual  15: 8388608 op, 16081475.00 ns, 1.9171 ns/op
OverheadActual  16: 8388608 op, 15927157.00 ns, 1.8987 ns/op
OverheadActual  17: 8388608 op, 15935097.00 ns, 1.8996 ns/op
OverheadActual  18: 8388608 op, 15912138.00 ns, 1.8969 ns/op
OverheadActual  19: 8388608 op, 15943387.00 ns, 1.9006 ns/op
OverheadActual  20: 8388608 op, 15923165.00 ns, 1.8982 ns/op

WorkloadWarmup   1: 8388608 op, 622407638.00 ns, 74.1968 ns/op
WorkloadWarmup   2: 8388608 op, 615819273.00 ns, 73.4114 ns/op
WorkloadWarmup   3: 8388608 op, 615888560.00 ns, 73.4196 ns/op

// BeforeActualRun
WorkloadActual   1: 8388608 op, 630563059.00 ns, 75.1690 ns/op
WorkloadActual   2: 8388608 op, 621824181.00 ns, 74.1272 ns/op
WorkloadActual   3: 8388608 op, 617751073.00 ns, 73.6417 ns/op

// AfterActualRun
WorkloadResult   1: 8388608 op, 610511547.00 ns, 72.7786 ns/op
WorkloadResult   2: 8388608 op, 601772669.00 ns, 71.7369 ns/op
WorkloadResult   3: 8388608 op, 597699561.00 ns, 71.2513 ns/op
// GC:  0 0 0 64 8388608
// Threading:  0 0 8388608

// AfterAll
// Benchmark Process 99608 has exited with code 0.

Mean = 71.922 ns, StdErr = 0.451 ns (0.63%), N = 3, StdDev = 0.780 ns
Min = 71.251 ns, Q1 = 71.494 ns, Median = 71.737 ns, Q3 = 72.258 ns, Max = 72.779 ns
IQR = 0.764 ns, LowerFence = 70.349 ns, UpperFence = 73.403 ns
ConfidenceInterval = [57.686 ns; 86.159 ns] (CI 99.9%), Margin = 14.237 ns (19.79% of Mean)
Skewness = 0.22, Kurtosis = 0.67, MValue = 2

// ** Remained 2 (20.0 %) benchmark(s) to run. Estimated finish 2026-08-28 22:40 (0h 0m from now) **
// **************************
// Benchmark: VmExecutionBenchmarks.VmHostVmClosure: ShortRun(IterationCount=3, LaunchCount=1, WarmupCount=3)
// *** Execute ***
// Launch: 1 / 1
// Execute: dotnet caad03ad-aaf1-4489-aba6-9c92e5c19124.dll --anonymousPipes 118 119 --benchmarkName VmExecutionBenchmarks.VmHostVmClosure --job ShortRun --benchmarkId 8 in /mnt/Shared/Projects/coflow/runtimes/csharp/Coflow.Cfd.Runtime.Benchmarks/bin/Release/net8.0/caad03ad-aaf1-4489-aba6-9c92e5c19124/bin/Release/net10.0
// Failed to set up high priority (Permission denied). In order to run benchmarks with high priority, make sure you have the right permissions.
// BeforeAnythingElse

// Benchmark Process Environment Information:
// BenchmarkDotNet v0.14.0
// Runtime=.NET 10.0.2 (10.0.225.61305), X64 RyuJIT AVX2
// GC=Concurrent Workstation
// HardwareIntrinsics=AVX2,AES,BMI1,BMI2,FMA,LZCNT,PCLMUL,POPCNT,AvxVnni,SERIALIZE VectorSize=256
// Job: ShortRun(IterationCount=3, LaunchCount=1, WarmupCount=3)

OverheadJitting  1: 1 op, 259529.00 ns, 259.5290 us/op
WorkloadJitting  1: 1 op, 9201677.00 ns, 9.2017 ms/op

OverheadJitting  2: 16 op, 282164.00 ns, 17.6353 us/op
WorkloadJitting  2: 16 op, 387039.00 ns, 24.1899 us/op

WorkloadPilot    1: 16 op, 63470.00 ns, 3.9669 us/op
WorkloadPilot    2: 32 op, 89659.00 ns, 2.8018 us/op
WorkloadPilot    3: 64 op, 162902.00 ns, 2.5453 us/op
WorkloadPilot    4: 128 op, 294234.00 ns, 2.2987 us/op
WorkloadPilot    5: 256 op, 571458.00 ns, 2.2323 us/op
WorkloadPilot    6: 512 op, 1154339.00 ns, 2.2546 us/op
WorkloadPilot    7: 1024 op, 2206156.00 ns, 2.1544 us/op
WorkloadPilot    8: 2048 op, 4694007.00 ns, 2.2920 us/op
WorkloadPilot    9: 4096 op, 9160043.00 ns, 2.2363 us/op
WorkloadPilot   10: 8192 op, 19780376.00 ns, 2.4146 us/op
WorkloadPilot   11: 16384 op, 37728181.00 ns, 2.3027 us/op
WorkloadPilot   12: 32768 op, 74210017.00 ns, 2.2647 us/op
WorkloadPilot   13: 65536 op, 73228939.00 ns, 1.1174 us/op
WorkloadPilot   14: 131072 op, 62667762.00 ns, 478.1171 ns/op
WorkloadPilot   15: 262144 op, 128041671.00 ns, 488.4402 ns/op
WorkloadPilot   16: 524288 op, 252478381.00 ns, 481.5643 ns/op
WorkloadPilot   17: 1048576 op, 516340877.00 ns, 492.4210 ns/op

OverheadWarmup   1: 1048576 op, 2582863.00 ns, 2.4632 ns/op
OverheadWarmup   2: 1048576 op, 2583995.00 ns, 2.4643 ns/op
OverheadWarmup   3: 1048576 op, 2570165.00 ns, 2.4511 ns/op
OverheadWarmup   4: 1048576 op, 2568292.00 ns, 2.4493 ns/op
OverheadWarmup   5: 1048576 op, 2558824.00 ns, 2.4403 ns/op
OverheadWarmup   6: 1048576 op, 2505957.00 ns, 2.3899 ns/op
OverheadWarmup   7: 1048576 op, 2504562.00 ns, 2.3885 ns/op
OverheadWarmup   8: 1048576 op, 2507049.00 ns, 2.3909 ns/op
OverheadWarmup   9: 1048576 op, 2506942.00 ns, 2.3908 ns/op

OverheadActual   1: 1048576 op, 2511339.00 ns, 2.3950 ns/op
OverheadActual   2: 1048576 op, 2567177.00 ns, 2.4483 ns/op
OverheadActual   3: 1048576 op, 2568053.00 ns, 2.4491 ns/op
OverheadActual   4: 1048576 op, 2558723.00 ns, 2.4402 ns/op
OverheadActual   5: 1048576 op, 2514705.00 ns, 2.3982 ns/op
OverheadActual   6: 1048576 op, 2511456.00 ns, 2.3951 ns/op
OverheadActual   7: 1048576 op, 2511810.00 ns, 2.3954 ns/op
OverheadActual   8: 1048576 op, 2513179.00 ns, 2.3968 ns/op
OverheadActual   9: 1048576 op, 2512296.00 ns, 2.3959 ns/op
OverheadActual  10: 1048576 op, 2501846.00 ns, 2.3859 ns/op
OverheadActual  11: 1048576 op, 2488150.00 ns, 2.3729 ns/op
OverheadActual  12: 1048576 op, 2503106.00 ns, 2.3871 ns/op
OverheadActual  13: 1048576 op, 2506437.00 ns, 2.3903 ns/op
OverheadActual  14: 1048576 op, 2511007.00 ns, 2.3947 ns/op
OverheadActual  15: 1048576 op, 2503298.00 ns, 2.3873 ns/op

WorkloadWarmup   1: 1048576 op, 524157641.00 ns, 499.8757 ns/op
WorkloadWarmup   2: 1048576 op, 526654357.00 ns, 502.2567 ns/op
WorkloadWarmup   3: 1048576 op, 522935378.00 ns, 498.7100 ns/op

// BeforeActualRun
WorkloadActual   1: 1048576 op, 523796197.00 ns, 499.5310 ns/op
WorkloadActual   2: 1048576 op, 512211210.00 ns, 488.4827 ns/op
WorkloadActual   3: 1048576 op, 514065790.00 ns, 490.2513 ns/op

// AfterActualRun
WorkloadResult   1: 1048576 op, 521284741.00 ns, 497.1359 ns/op
WorkloadResult   2: 1048576 op, 509699754.00 ns, 486.0876 ns/op
WorkloadResult   3: 1048576 op, 511554334.00 ns, 487.8562 ns/op
// GC:  10 0 0 152045632 1048576
// Threading:  0 0 1048576

// AfterAll
// Benchmark Process 99760 has exited with code 0.

Mean = 490.360 ns, StdErr = 3.426 ns (0.70%), N = 3, StdDev = 5.934 ns
Min = 486.088 ns, Q1 = 486.972 ns, Median = 487.856 ns, Q3 = 492.496 ns, Max = 497.136 ns
IQR = 5.524 ns, LowerFence = 478.686 ns, UpperFence = 500.782 ns
ConfidenceInterval = [382.094 ns; 598.626 ns] (CI 99.9%), Margin = 108.266 ns (22.08% of Mean)
Skewness = 0.35, Kurtosis = 0.67, MValue = 2

// ** Remained 1 (10.0 %) benchmark(s) to run. Estimated finish 2026-08-28 22:40 (0h 0m from now) **
// **************************
// Benchmark: VmExecutionBenchmarks.ReturnedVmClosure: ShortRun(IterationCount=3, LaunchCount=1, WarmupCount=3)
// *** Execute ***
// Launch: 1 / 1
// Execute: dotnet caad03ad-aaf1-4489-aba6-9c92e5c19124.dll --anonymousPipes 118 119 --benchmarkName VmExecutionBenchmarks.ReturnedVmClosure --job ShortRun --benchmarkId 9 in /mnt/Shared/Projects/coflow/runtimes/csharp/Coflow.Cfd.Runtime.Benchmarks/bin/Release/net8.0/caad03ad-aaf1-4489-aba6-9c92e5c19124/bin/Release/net10.0
// Failed to set up high priority (Permission denied). In order to run benchmarks with high priority, make sure you have the right permissions.
// BeforeAnythingElse

// Benchmark Process Environment Information:
// BenchmarkDotNet v0.14.0
// Runtime=.NET 10.0.2 (10.0.225.61305), X64 RyuJIT AVX2
// GC=Concurrent Workstation
// HardwareIntrinsics=AVX2,AES,BMI1,BMI2,FMA,LZCNT,PCLMUL,POPCNT,AvxVnni,SERIALIZE VectorSize=256
// Job: ShortRun(IterationCount=3, LaunchCount=1, WarmupCount=3)

OverheadJitting  1: 1 op, 227772.00 ns, 227.7720 us/op
WorkloadJitting  1: 1 op, 2447188.00 ns, 2.4472 ms/op

OverheadJitting  2: 16 op, 262908.00 ns, 16.4318 us/op
WorkloadJitting  2: 16 op, 305601.00 ns, 19.1001 us/op

WorkloadPilot    1: 16 op, 18163.00 ns, 1.1352 us/op
WorkloadPilot    2: 32 op, 28230.00 ns, 882.1875 ns/op
WorkloadPilot    3: 64 op, 47285.00 ns, 738.8281 ns/op
WorkloadPilot    4: 128 op, 93657.00 ns, 731.6953 ns/op
WorkloadPilot    5: 256 op, 174752.00 ns, 682.6250 ns/op
WorkloadPilot    6: 512 op, 351084.00 ns, 685.7109 ns/op
WorkloadPilot    7: 1024 op, 694824.00 ns, 678.5391 ns/op
WorkloadPilot    8: 2048 op, 1392561.00 ns, 679.9614 ns/op
WorkloadPilot    9: 4096 op, 2966988.00 ns, 724.3623 ns/op
WorkloadPilot   10: 8192 op, 6205246.00 ns, 757.4763 ns/op
WorkloadPilot   11: 16384 op, 11875884.00 ns, 724.8464 ns/op
WorkloadPilot   12: 32768 op, 22968746.00 ns, 700.9505 ns/op
WorkloadPilot   13: 65536 op, 45597337.00 ns, 695.7601 ns/op
WorkloadPilot   14: 131072 op, 91818133.00 ns, 700.5168 ns/op
WorkloadPilot   15: 262144 op, 42398184.00 ns, 161.7362 ns/op
WorkloadPilot   16: 524288 op, 53293356.00 ns, 101.6490 ns/op
WorkloadPilot   17: 1048576 op, 106279364.00 ns, 101.3559 ns/op
WorkloadPilot   18: 2097152 op, 212146230.00 ns, 101.1592 ns/op
WorkloadPilot   19: 4194304 op, 424359207.00 ns, 101.1751 ns/op
WorkloadPilot   20: 8388608 op, 846380876.00 ns, 100.8965 ns/op

OverheadWarmup   1: 8388608 op, 20044945.00 ns, 2.3895 ns/op
OverheadWarmup   2: 8388608 op, 20027989.00 ns, 2.3875 ns/op
OverheadWarmup   3: 8388608 op, 20039192.00 ns, 2.3889 ns/op
OverheadWarmup   4: 8388608 op, 20110890.00 ns, 2.3974 ns/op
OverheadWarmup   5: 8388608 op, 20043687.00 ns, 2.3894 ns/op
OverheadWarmup   6: 8388608 op, 20027763.00 ns, 2.3875 ns/op
OverheadWarmup   7: 8388608 op, 20027381.00 ns, 2.3874 ns/op
OverheadWarmup   8: 8388608 op, 20030753.00 ns, 2.3879 ns/op
OverheadWarmup   9: 8388608 op, 20027896.00 ns, 2.3875 ns/op

OverheadActual   1: 8388608 op, 20200429.00 ns, 2.4081 ns/op
OverheadActual   2: 8388608 op, 20028963.00 ns, 2.3876 ns/op
OverheadActual   3: 8388608 op, 20030221.00 ns, 2.3878 ns/op
OverheadActual   4: 8388608 op, 20048547.00 ns, 2.3900 ns/op
OverheadActual   5: 8388608 op, 20105870.00 ns, 2.3968 ns/op
OverheadActual   6: 8388608 op, 20035298.00 ns, 2.3884 ns/op
OverheadActual   7: 8388608 op, 20032951.00 ns, 2.3881 ns/op
OverheadActual   8: 8388608 op, 20039388.00 ns, 2.3889 ns/op
OverheadActual   9: 8388608 op, 20044041.00 ns, 2.3894 ns/op
OverheadActual  10: 8388608 op, 16403413.00 ns, 1.9554 ns/op
OverheadActual  11: 8388608 op, 15809417.00 ns, 1.8846 ns/op
OverheadActual  12: 8388608 op, 15805330.00 ns, 1.8841 ns/op
OverheadActual  13: 8388608 op, 15810361.00 ns, 1.8847 ns/op
OverheadActual  14: 8388608 op, 15836259.00 ns, 1.8878 ns/op
OverheadActual  15: 8388608 op, 15809883.00 ns, 1.8847 ns/op
OverheadActual  16: 8388608 op, 15813339.00 ns, 1.8851 ns/op
OverheadActual  17: 8388608 op, 15811353.00 ns, 1.8849 ns/op
OverheadActual  18: 8388608 op, 15862866.00 ns, 1.8910 ns/op
OverheadActual  19: 8388608 op, 15821031.00 ns, 1.8860 ns/op
OverheadActual  20: 8388608 op, 15811890.00 ns, 1.8849 ns/op

WorkloadWarmup   1: 8388608 op, 847532692.00 ns, 101.0338 ns/op
WorkloadWarmup   2: 8388608 op, 849771462.00 ns, 101.3007 ns/op
WorkloadWarmup   3: 8388608 op, 850823590.00 ns, 101.4261 ns/op

// BeforeActualRun
WorkloadActual   1: 8388608 op, 844911821.00 ns, 100.7213 ns/op
WorkloadActual   2: 8388608 op, 852314315.00 ns, 101.6038 ns/op
WorkloadActual   3: 8388608 op, 846354737.00 ns, 100.8933 ns/op

// AfterActualRun
WorkloadResult   1: 8388608 op, 828778681.50 ns, 98.7981 ns/op
WorkloadResult   2: 8388608 op, 836181175.50 ns, 99.6806 ns/op
WorkloadResult   3: 8388608 op, 830221597.50 ns, 98.9701 ns/op
// GC:  0 0 0 784 8388608
// Threading:  0 0 8388608

// AfterAll
// Benchmark Process 99800 has exited with code 0.

Mean = 99.150 ns, StdErr = 0.270 ns (0.27%), N = 3, StdDev = 0.468 ns
Min = 98.798 ns, Q1 = 98.884 ns, Median = 98.970 ns, Q3 = 99.325 ns, Max = 99.681 ns
IQR = 0.441 ns, LowerFence = 98.222 ns, UpperFence = 99.987 ns
ConfidenceInterval = [90.615 ns; 107.684 ns] (CI 99.9%), Margin = 8.534 ns (8.61% of Mean)
Skewness = 0.33, Kurtosis = 0.67, MValue = 2

// ** Remained 0 (0.0 %) benchmark(s) to run. Estimated finish 2026-08-28 22:40 (0h 0m from now) **
// ***** BenchmarkRunner: Finish  *****

// * Export *
  BenchmarkDotNet.Artifacts/results/VmExecutionBenchmarks-report.csv
  BenchmarkDotNet.Artifacts/results/VmExecutionBenchmarks-report-github.md
  BenchmarkDotNet.Artifacts/results/VmExecutionBenchmarks-report.html

// * Detailed results *
VmExecutionBenchmarks.IntegerLoop: ShortRun(IterationCount=3, LaunchCount=1, WarmupCount=3)
Runtime = .NET 10.0.2 (10.0.225.61305), X64 RyuJIT AVX2; GC = Concurrent Workstation
Mean = 87.721 μs, StdErr = 0.022 μs (0.02%), N = 3, StdDev = 0.038 μs
Min = 87.693 μs, Q1 = 87.700 μs, Median = 87.706 μs, Q3 = 87.735 μs, Max = 87.764 μs
IQR = 0.035 μs, LowerFence = 87.647 μs, UpperFence = 87.788 μs
ConfidenceInterval = [87.035 μs; 88.407 μs] (CI 99.9%), Margin = 0.686 μs (0.78% of Mean)
Skewness = 0.34, Kurtosis = 0.67, MValue = 2
-------------------- Histogram --------------------
[87.659 μs ; 87.798 μs) | @@@
---------------------------------------------------

VmExecutionBenchmarks.FloatLoop: ShortRun(IterationCount=3, LaunchCount=1, WarmupCount=3)
Runtime = .NET 10.0.2 (10.0.225.61305), X64 RyuJIT AVX2; GC = Concurrent Workstation
Mean = 84.472 μs, StdErr = 0.026 μs (0.03%), N = 3, StdDev = 0.045 μs
Min = 84.430 μs, Q1 = 84.448 μs, Median = 84.466 μs, Q3 = 84.493 μs, Max = 84.520 μs
IQR = 0.045 μs, LowerFence = 84.380 μs, UpperFence = 84.560 μs
ConfidenceInterval = [83.644 μs; 85.300 μs] (CI 99.9%), Margin = 0.828 μs (0.98% of Mean)
Skewness = 0.13, Kurtosis = 0.67, MValue = 2
-------------------- Histogram --------------------
[84.388 μs ; 84.561 μs) | @@@
---------------------------------------------------

VmExecutionBenchmarks.DirectCfdCallChain: ShortRun(IterationCount=3, LaunchCount=1, WarmupCount=3)
Runtime = .NET 10.0.2 (10.0.225.61305), X64 RyuJIT AVX2; GC = Concurrent Workstation
Mean = 246.124 ns, StdErr = 0.041 ns (0.02%), N = 3, StdDev = 0.071 ns
Min = 246.060 ns, Q1 = 246.086 ns, Median = 246.111 ns, Q3 = 246.156 ns, Max = 246.200 ns
IQR = 0.070 ns, LowerFence = 245.981 ns, UpperFence = 246.261 ns
ConfidenceInterval = [244.831 ns; 247.417 ns] (CI 99.9%), Margin = 1.293 ns (0.53% of Mean)
Skewness = 0.18, Kurtosis = 0.67, MValue = 2
-------------------- Histogram --------------------
[245.996 ns ; 246.265 ns) | @@@
---------------------------------------------------

VmExecutionBenchmarks.TailRecursion: ShortRun(IterationCount=3, LaunchCount=1, WarmupCount=3)
Runtime = .NET 10.0.2 (10.0.225.61305), X64 RyuJIT AVX2; GC = Concurrent Workstation
Mean = 43.329 μs, StdErr = 0.016 μs (0.04%), N = 3, StdDev = 0.028 μs
Min = 43.305 μs, Q1 = 43.314 μs, Median = 43.323 μs, Q3 = 43.342 μs, Max = 43.360 μs
IQR = 0.028 μs, LowerFence = 43.273 μs, UpperFence = 43.383 μs
ConfidenceInterval = [42.817 μs; 43.842 μs] (CI 99.9%), Margin = 0.512 μs (1.18% of Mean)
Skewness = 0.21, Kurtosis = 0.67, MValue = 2
-------------------- Histogram --------------------
[43.279 μs ; 43.386 μs) | @@@
---------------------------------------------------

VmExecutionBenchmarks.TailAccumulator: ShortRun(IterationCount=3, LaunchCount=1, WarmupCount=3)
Runtime = .NET 10.0.2 (10.0.225.61305), X64 RyuJIT AVX2; GC = Concurrent Workstation
Mean = 69.889 μs, StdErr = 0.287 μs (0.41%), N = 3, StdDev = 0.498 μs
Min = 69.388 μs, Q1 = 69.642 μs, Median = 69.896 μs, Q3 = 70.139 μs, Max = 70.383 μs
IQR = 0.498 μs, LowerFence = 68.895 μs, UpperFence = 70.886 μs
ConfidenceInterval = [60.811 μs; 78.967 μs] (CI 99.9%), Margin = 9.078 μs (12.99% of Mean)
Skewness = -0.01, Kurtosis = 0.67, MValue = 2
-------------------- Histogram --------------------
[68.935 μs ; 70.836 μs) | @@@
---------------------------------------------------

VmExecutionBenchmarks.GeneratedFieldRead: ShortRun(IterationCount=3, LaunchCount=1, WarmupCount=3)
Runtime = .NET 10.0.2 (10.0.225.61305), X64 RyuJIT AVX2; GC = Concurrent Workstation
Mean = 111.132 μs, StdErr = 0.394 μs (0.35%), N = 3, StdDev = 0.683 μs
Min = 110.396 μs, Q1 = 110.825 μs, Median = 111.255 μs, Q3 = 111.500 μs, Max = 111.745 μs
IQR = 0.675 μs, LowerFence = 109.813 μs, UpperFence = 112.512 μs
ConfidenceInterval = [98.669 μs; 123.595 μs] (CI 99.9%), Margin = 12.463 μs (11.21% of Mean)
Skewness = -0.17, Kurtosis = 0.67, MValue = 2
-------------------- Histogram --------------------
[110.385 μs ; 112.367 μs) | @@@
---------------------------------------------------

VmExecutionBenchmarks.MapFilterFold: ShortRun(IterationCount=3, LaunchCount=1, WarmupCount=3)
Runtime = .NET 10.0.2 (10.0.225.61305), X64 RyuJIT AVX2; GC = Concurrent Workstation
Mean = 2.912 μs, StdErr = 0.009 μs (0.32%), N = 3, StdDev = 0.016 μs
Min = 2.895 μs, Q1 = 2.905 μs, Median = 2.915 μs, Q3 = 2.921 μs, Max = 2.926 μs
IQR = 0.016 μs, LowerFence = 2.881 μs, UpperFence = 2.945 μs
ConfidenceInterval = [2.617 μs; 3.207 μs] (CI 99.9%), Margin = 0.295 μs (10.12% of Mean)
Skewness = -0.18, Kurtosis = 0.67, MValue = 2
-------------------- Histogram --------------------
[2.892 μs ; 2.941 μs) | @@@
---------------------------------------------------

VmExecutionBenchmarks.CfdToHost: ShortRun(IterationCount=3, LaunchCount=1, WarmupCount=3)
Runtime = .NET 10.0.2 (10.0.225.61305), X64 RyuJIT AVX2; GC = Concurrent Workstation
Mean = 71.922 ns, StdErr = 0.451 ns (0.63%), N = 3, StdDev = 0.780 ns
Min = 71.251 ns, Q1 = 71.494 ns, Median = 71.737 ns, Q3 = 72.258 ns, Max = 72.779 ns
IQR = 0.764 ns, LowerFence = 70.349 ns, UpperFence = 73.403 ns
ConfidenceInterval = [57.686 ns; 86.159 ns] (CI 99.9%), Margin = 14.237 ns (19.79% of Mean)
Skewness = 0.22, Kurtosis = 0.67, MValue = 2
-------------------- Histogram --------------------
[70.779 ns ; 73.489 ns) | @@@
---------------------------------------------------

VmExecutionBenchmarks.VmHostVmClosure: ShortRun(IterationCount=3, LaunchCount=1, WarmupCount=3)
Runtime = .NET 10.0.2 (10.0.225.61305), X64 RyuJIT AVX2; GC = Concurrent Workstation
Mean = 490.360 ns, StdErr = 3.426 ns (0.70%), N = 3, StdDev = 5.934 ns
Min = 486.088 ns, Q1 = 486.972 ns, Median = 487.856 ns, Q3 = 492.496 ns, Max = 497.136 ns
IQR = 5.524 ns, LowerFence = 478.686 ns, UpperFence = 500.782 ns
ConfidenceInterval = [382.094 ns; 598.626 ns] (CI 99.9%), Margin = 108.266 ns (22.08% of Mean)
Skewness = 0.35, Kurtosis = 0.67, MValue = 2
-------------------- Histogram --------------------
[480.687 ns ; 492.372 ns) | @@
[492.372 ns ; 502.537 ns) | @
---------------------------------------------------

VmExecutionBenchmarks.ReturnedVmClosure: ShortRun(IterationCount=3, LaunchCount=1, WarmupCount=3)
Runtime = .NET 10.0.2 (10.0.225.61305), X64 RyuJIT AVX2; GC = Concurrent Workstation
Mean = 99.150 ns, StdErr = 0.270 ns (0.27%), N = 3, StdDev = 0.468 ns
Min = 98.798 ns, Q1 = 98.884 ns, Median = 98.970 ns, Q3 = 99.325 ns, Max = 99.681 ns
IQR = 0.441 ns, LowerFence = 98.222 ns, UpperFence = 99.987 ns
ConfidenceInterval = [90.615 ns; 107.684 ns] (CI 99.9%), Margin = 8.534 ns (8.61% of Mean)
Skewness = 0.33, Kurtosis = 0.67, MValue = 2
-------------------- Histogram --------------------
[98.372 ns ; 100.106 ns) | @@@
---------------------------------------------------

// * Summary *

BenchmarkDotNet v0.14.0, Linux Mint 22.3 (Zena)
13th Gen Intel Core i5-13600KF, 1 CPU, 20 logical and 14 physical cores
.NET SDK 10.0.102
  [Host]   : .NET 10.0.2 (10.0.225.61305), X64 RyuJIT AVX2
  ShortRun : .NET 10.0.2 (10.0.225.61305), X64 RyuJIT AVX2

Job=ShortRun  IterationCount=3  LaunchCount=1  
WarmupCount=3  

| Method             | Mean          | Error         | StdDev     | Min           | Max           | Median        | Gen0   | Allocated |
|------------------- |--------------:|--------------:|-----------:|--------------:|--------------:|--------------:|-------:|----------:|
| IntegerLoop        |  87,720.99 ns |    685.875 ns |  37.595 ns |  87,693.40 ns |  87,763.81 ns |  87,705.76 ns |      - |         - |
| FloatLoop          |  84,471.78 ns |    828.273 ns |  45.400 ns |  84,429.82 ns |  84,519.97 ns |  84,465.55 ns |      - |         - |
| DirectCfdCallChain |     246.12 ns |      1.293 ns |   0.071 ns |     246.06 ns |     246.20 ns |     246.11 ns |      - |         - |
| TailRecursion      |  43,329.45 ns |    512.341 ns |  28.083 ns |  43,305.05 ns |  43,360.15 ns |  43,323.15 ns |      - |         - |
| TailAccumulator    |  69,888.81 ns |  9,077.938 ns | 497.592 ns |  69,387.72 ns |  70,382.83 ns |  69,895.87 ns |      - |         - |
| GeneratedFieldRead | 111,131.98 ns | 12,463.348 ns | 683.158 ns | 110,395.70 ns | 111,745.32 ns | 111,254.92 ns |      - |         - |
| MapFilterFold      |   2,911.98 ns |    294.823 ns |  16.160 ns |   2,894.51 ns |   2,926.39 ns |   2,915.06 ns | 0.0267 |     352 B |
| CfdToHost          |      71.92 ns |     14.237 ns |   0.780 ns |      71.25 ns |      72.78 ns |      71.74 ns |      - |         - |
| VmHostVmClosure    |     490.36 ns |    108.266 ns |   5.934 ns |     486.09 ns |     497.14 ns |     487.86 ns | 0.0095 |     145 B |
| ReturnedVmClosure  |      99.15 ns |      8.534 ns |   0.468 ns |      98.80 ns |      99.68 ns |      98.97 ns |      - |         - |

// * Legends *
  Mean      : Arithmetic mean of all measurements
  Error     : Half of 99.9% confidence interval
  StdDev    : Standard deviation of all measurements
  Min       : Minimum
  Max       : Maximum
  Median    : Value separating the higher half of all measurements (50th percentile)
  Gen0      : GC Generation 0 collects per 1000 operations
  Allocated : Allocated memory per single operation (managed only, inclusive, 1KB = 1024B)
  1 ns      : 1 Nanosecond (0.000000001 sec)

// * Diagnostic Output - MemoryDiagnoser *


// ***** BenchmarkRunner: End *****
Run time: 00:01:09 (69.83 sec), executed benchmarks: 10

Global total time: 00:01:33 (93.28 sec), executed benchmarks: 10
// * Artifacts cleanup *
Artifacts cleanup is finished
