// Validating benchmarks:
// ***** BenchmarkRunner: Start   *****
// ***** Found 10 benchmark(s) in total *****
// ***** Building 1 exe(s) in Parallel: Start   *****
Unable to find .sln or .csproj file. Will use current directory /mnt/Shared/Projects/coflow to search for project file. If you don't use .sln file on purpose it should not be a problem.
// start dotnet  restore /p:UseSharedCompilation=false /p:BuildInParallel=false /m:1 /p:Deterministic=true /p:Optimize=true /p:IntermediateOutputPath="/mnt/Shared/Projects/coflow/runtimes/csharp/Coflow.Cfd.Runtime.Benchmarks/bin/Release/net8.0/8479b9db-76d8-4977-87e1-f003a4fe7643/obj/Release/net10.0/" /p:OutDir="/mnt/Shared/Projects/coflow/runtimes/csharp/Coflow.Cfd.Runtime.Benchmarks/bin/Release/net8.0/8479b9db-76d8-4977-87e1-f003a4fe7643/bin/Release/net10.0/" /p:OutputPath="/mnt/Shared/Projects/coflow/runtimes/csharp/Coflow.Cfd.Runtime.Benchmarks/bin/Release/net8.0/8479b9db-76d8-4977-87e1-f003a4fe7643/bin/Release/net10.0/" in /mnt/Shared/Projects/coflow/runtimes/csharp/Coflow.Cfd.Runtime.Benchmarks/bin/Release/net8.0/8479b9db-76d8-4977-87e1-f003a4fe7643
// command took 2.99 sec and exited with 0
// start dotnet  build -c Release --no-restore /p:UseSharedCompilation=false /p:BuildInParallel=false /m:1 /p:Deterministic=true /p:Optimize=true /p:IntermediateOutputPath="/mnt/Shared/Projects/coflow/runtimes/csharp/Coflow.Cfd.Runtime.Benchmarks/bin/Release/net8.0/8479b9db-76d8-4977-87e1-f003a4fe7643/obj/Release/net10.0/" /p:OutDir="/mnt/Shared/Projects/coflow/runtimes/csharp/Coflow.Cfd.Runtime.Benchmarks/bin/Release/net8.0/8479b9db-76d8-4977-87e1-f003a4fe7643/bin/Release/net10.0/" /p:OutputPath="/mnt/Shared/Projects/coflow/runtimes/csharp/Coflow.Cfd.Runtime.Benchmarks/bin/Release/net8.0/8479b9db-76d8-4977-87e1-f003a4fe7643/bin/Release/net10.0/" --output "/mnt/Shared/Projects/coflow/runtimes/csharp/Coflow.Cfd.Runtime.Benchmarks/bin/Release/net8.0/8479b9db-76d8-4977-87e1-f003a4fe7643/bin/Release/net10.0/" in /mnt/Shared/Projects/coflow/runtimes/csharp/Coflow.Cfd.Runtime.Benchmarks/bin/Release/net8.0/8479b9db-76d8-4977-87e1-f003a4fe7643
// command took 15.06 sec and exited with 0
// ***** Done, took 00:00:23 (23.24 sec)   *****
// Found 10 benchmarks:
//   VmExecutionBenchmarks.IntegerLoop: ShortRun(IterationCount=3, LaunchCount=1, WarmupCount=3)
//   VmExecutionBenchmarks.FloatLoop: ShortRun(IterationCount=3, LaunchCount=1, WarmupCount=3)
//   VmExecutionBenchmarks.DirectCfdCallChain: ShortRun(IterationCount=3, LaunchCount=1, WarmupCount=3)
//   VmExecutionBenchmarks.TailRecursion: ShortRun(IterationCount=3, LaunchCount=1, WarmupCount=3)
//   VmExecutionBenchmarks.TailAccumulator: ShortRun(IterationCount=3, LaunchCount=1, WarmupCount=3)
//   VmExecutionBenchmarks.GeneratedFieldRead: ShortRun(IterationCount=3, LaunchCount=1, WarmupCount=3)
//   VmExecutionBenchmarks.MapFilterFold: ShortRun(IterationCount=3, LaunchCount=1, WarmupCount=3)
//   VmExecutionBenchmarks.CfdToHost: ShortRun(IterationCount=3, LaunchCount=1, WarmupCount=3)
//   VmExecutionBenchmarks.VmHostVmClosure: ShortRun(IterationCount=3, LaunchCount=1, WarmupCount=3)
//   VmExecutionBenchmarks.ReturnedVmClosure: ShortRun(IterationCount=3, LaunchCount=1, WarmupCount=3)

// **************************
// Benchmark: VmExecutionBenchmarks.IntegerLoop: ShortRun(IterationCount=3, LaunchCount=1, WarmupCount=3)
// *** Execute ***
// Launch: 1 / 1
// Execute: dotnet 8479b9db-76d8-4977-87e1-f003a4fe7643.dll --anonymousPipes 118 119 --benchmarkName VmExecutionBenchmarks.IntegerLoop --job ShortRun --benchmarkId 0 in /mnt/Shared/Projects/coflow/runtimes/csharp/Coflow.Cfd.Runtime.Benchmarks/bin/Release/net8.0/8479b9db-76d8-4977-87e1-f003a4fe7643/bin/Release/net10.0
// Failed to set up high priority (Permission denied). In order to run benchmarks with high priority, make sure you have the right permissions.
// BeforeAnythingElse

// Benchmark Process Environment Information:
// BenchmarkDotNet v0.14.0
// Runtime=.NET 10.0.2 (10.0.225.61305), X64 RyuJIT AVX2
// GC=Concurrent Workstation
// HardwareIntrinsics=AVX2,AES,BMI1,BMI2,FMA,LZCNT,PCLMUL,POPCNT,AvxVnni,SERIALIZE VectorSize=256
// Job: ShortRun(IterationCount=3, LaunchCount=1, WarmupCount=3)

OverheadJitting  1: 1 op, 219384.00 ns, 219.3840 us/op
WorkloadJitting  1: 1 op, 11461729.00 ns, 11.4617 ms/op

OverheadJitting  2: 16 op, 261189.00 ns, 16.3243 us/op
WorkloadJitting  2: 16 op, 4362089.00 ns, 272.6306 us/op

WorkloadPilot    1: 16 op, 4114821.00 ns, 257.1763 us/op
WorkloadPilot    2: 32 op, 8247115.00 ns, 257.7223 us/op
WorkloadPilot    3: 64 op, 16467716.00 ns, 257.3081 us/op
WorkloadPilot    4: 128 op, 32841564.00 ns, 256.5747 us/op
WorkloadPilot    5: 256 op, 65339738.00 ns, 255.2334 us/op
WorkloadPilot    6: 512 op, 74071123.00 ns, 144.6702 us/op
WorkloadPilot    7: 1024 op, 90228677.00 ns, 88.1139 us/op
WorkloadPilot    8: 2048 op, 180548734.00 ns, 88.1586 us/op
WorkloadPilot    9: 4096 op, 361220867.00 ns, 88.1887 us/op
WorkloadPilot   10: 8192 op, 721794149.00 ns, 88.1096 us/op

OverheadWarmup   1: 8192 op, 23043.00 ns, 2.8129 ns/op
OverheadWarmup   2: 8192 op, 21796.00 ns, 2.6606 ns/op
OverheadWarmup   3: 8192 op, 21572.00 ns, 2.6333 ns/op
OverheadWarmup   4: 8192 op, 21549.00 ns, 2.6305 ns/op
OverheadWarmup   5: 8192 op, 21799.00 ns, 2.6610 ns/op
OverheadWarmup   6: 8192 op, 21666.00 ns, 2.6448 ns/op
OverheadWarmup   7: 8192 op, 21576.00 ns, 2.6338 ns/op
OverheadWarmup   8: 8192 op, 21548.00 ns, 2.6304 ns/op
OverheadWarmup   9: 8192 op, 22222.00 ns, 2.7126 ns/op
OverheadWarmup  10: 8192 op, 21534.00 ns, 2.6287 ns/op

OverheadActual   1: 8192 op, 22113.00 ns, 2.6993 ns/op
OverheadActual   2: 8192 op, 21844.00 ns, 2.6665 ns/op
OverheadActual   3: 8192 op, 27825.00 ns, 3.3966 ns/op
OverheadActual   4: 8192 op, 21583.00 ns, 2.6346 ns/op
OverheadActual   5: 8192 op, 21892.00 ns, 2.6724 ns/op
OverheadActual   6: 8192 op, 21602.00 ns, 2.6370 ns/op
OverheadActual   7: 8192 op, 22214.00 ns, 2.7117 ns/op
OverheadActual   8: 8192 op, 21510.00 ns, 2.6257 ns/op
OverheadActual   9: 8192 op, 21542.00 ns, 2.6296 ns/op
OverheadActual  10: 8192 op, 21520.00 ns, 2.6270 ns/op
OverheadActual  11: 8192 op, 21529.00 ns, 2.6281 ns/op
OverheadActual  12: 8192 op, 21530.00 ns, 2.6282 ns/op
OverheadActual  13: 8192 op, 21557.00 ns, 2.6315 ns/op
OverheadActual  14: 8192 op, 21524.00 ns, 2.6274 ns/op
OverheadActual  15: 8192 op, 22806.00 ns, 2.7839 ns/op

WorkloadWarmup   1: 8192 op, 723503700.00 ns, 88.3183 us/op
WorkloadWarmup   2: 8192 op, 721512107.00 ns, 88.0752 us/op
WorkloadWarmup   3: 8192 op, 721763615.00 ns, 88.1059 us/op

// BeforeActualRun
WorkloadActual   1: 8192 op, 734240420.00 ns, 89.6290 us/op
WorkloadActual   2: 8192 op, 732706942.00 ns, 89.4418 us/op
WorkloadActual   3: 8192 op, 722619633.00 ns, 88.2104 us/op

// AfterActualRun
WorkloadResult   1: 8192 op, 734218837.00 ns, 89.6263 us/op
WorkloadResult   2: 8192 op, 732685359.00 ns, 89.4391 us/op
WorkloadResult   3: 8192 op, 722598050.00 ns, 88.2078 us/op
// GC:  0 0 0 64 8192
// Threading:  0 0 8192

// AfterAll
// Benchmark Process 70041 has exited with code 0.

Mean = 89.091 μs, StdErr = 0.445 μs (0.50%), N = 3, StdDev = 0.771 μs
Min = 88.208 μs, Q1 = 88.823 μs, Median = 89.439 μs, Q3 = 89.533 μs, Max = 89.626 μs
IQR = 0.709 μs, LowerFence = 87.760 μs, UpperFence = 90.597 μs
ConfidenceInterval = [75.031 μs; 103.151 μs] (CI 99.9%), Margin = 14.060 μs (15.78% of Mean)
Skewness = -0.36, Kurtosis = 0.67, MValue = 2

// ** Remained 9 (90.0 %) benchmark(s) to run. Estimated finish 2026-08-28 20:47 (0h 1m from now) **
// **************************
// Benchmark: VmExecutionBenchmarks.FloatLoop: ShortRun(IterationCount=3, LaunchCount=1, WarmupCount=3)
// *** Execute ***
// Launch: 1 / 1
// Execute: dotnet 8479b9db-76d8-4977-87e1-f003a4fe7643.dll --anonymousPipes 118 119 --benchmarkName VmExecutionBenchmarks.FloatLoop --job ShortRun --benchmarkId 1 in /mnt/Shared/Projects/coflow/runtimes/csharp/Coflow.Cfd.Runtime.Benchmarks/bin/Release/net8.0/8479b9db-76d8-4977-87e1-f003a4fe7643/bin/Release/net10.0
// Failed to set up high priority (Permission denied). In order to run benchmarks with high priority, make sure you have the right permissions.
// BeforeAnythingElse

// Benchmark Process Environment Information:
// BenchmarkDotNet v0.14.0
// Runtime=.NET 10.0.2 (10.0.225.61305), X64 RyuJIT AVX2
// GC=Concurrent Workstation
// HardwareIntrinsics=AVX2,AES,BMI1,BMI2,FMA,LZCNT,PCLMUL,POPCNT,AvxVnni,SERIALIZE VectorSize=256
// Job: ShortRun(IterationCount=3, LaunchCount=1, WarmupCount=3)

OverheadJitting  1: 1 op, 253328.00 ns, 253.3280 us/op
WorkloadJitting  1: 1 op, 12690526.00 ns, 12.6905 ms/op

OverheadJitting  2: 16 op, 265380.00 ns, 16.5863 us/op
WorkloadJitting  2: 16 op, 4272659.00 ns, 267.0412 us/op

WorkloadPilot    1: 16 op, 4053912.00 ns, 253.3695 us/op
WorkloadPilot    2: 32 op, 8150561.00 ns, 254.7050 us/op
WorkloadPilot    3: 64 op, 16279835.00 ns, 254.3724 us/op
WorkloadPilot    4: 128 op, 32501157.00 ns, 253.9153 us/op
WorkloadPilot    5: 256 op, 64508781.00 ns, 251.9874 us/op
WorkloadPilot    6: 512 op, 89979073.00 ns, 175.7404 us/op
WorkloadPilot    7: 1024 op, 88659927.00 ns, 86.5820 us/op
WorkloadPilot    8: 2048 op, 177243675.00 ns, 86.5448 us/op
WorkloadPilot    9: 4096 op, 354153924.00 ns, 86.4634 us/op
WorkloadPilot   10: 8192 op, 709007370.00 ns, 86.5488 us/op

OverheadWarmup   1: 8192 op, 24325.00 ns, 2.9694 ns/op
OverheadWarmup   2: 8192 op, 21919.00 ns, 2.6757 ns/op
OverheadWarmup   3: 8192 op, 21815.00 ns, 2.6630 ns/op
OverheadWarmup   4: 8192 op, 21740.00 ns, 2.6538 ns/op
OverheadWarmup   5: 8192 op, 21978.00 ns, 2.6829 ns/op
OverheadWarmup   6: 8192 op, 21823.00 ns, 2.6639 ns/op
OverheadWarmup   7: 8192 op, 21823.00 ns, 2.6639 ns/op
OverheadWarmup   8: 8192 op, 21888.00 ns, 2.6719 ns/op

OverheadActual   1: 8192 op, 22499.00 ns, 2.7465 ns/op
OverheadActual   2: 8192 op, 22049.00 ns, 2.6915 ns/op
OverheadActual   3: 8192 op, 22087.00 ns, 2.6962 ns/op
OverheadActual   4: 8192 op, 21861.00 ns, 2.6686 ns/op
OverheadActual   5: 8192 op, 21986.00 ns, 2.6838 ns/op
OverheadActual   6: 8192 op, 21807.00 ns, 2.6620 ns/op
OverheadActual   7: 8192 op, 21821.00 ns, 2.6637 ns/op
OverheadActual   8: 8192 op, 21771.00 ns, 2.6576 ns/op
OverheadActual   9: 8192 op, 22517.00 ns, 2.7487 ns/op
OverheadActual  10: 8192 op, 21739.00 ns, 2.6537 ns/op
OverheadActual  11: 8192 op, 21847.00 ns, 2.6669 ns/op
OverheadActual  12: 8192 op, 21783.00 ns, 2.6591 ns/op
OverheadActual  13: 8192 op, 21751.00 ns, 2.6552 ns/op
OverheadActual  14: 8192 op, 21723.00 ns, 2.6517 ns/op
OverheadActual  15: 8192 op, 21735.00 ns, 2.6532 ns/op

WorkloadWarmup   1: 8192 op, 708971932.00 ns, 86.5444 us/op
WorkloadWarmup   2: 8192 op, 710076463.00 ns, 86.6793 us/op
WorkloadWarmup   3: 8192 op, 708955750.00 ns, 86.5424 us/op

// BeforeActualRun
WorkloadActual   1: 8192 op, 709110434.00 ns, 86.5613 us/op
WorkloadActual   2: 8192 op, 709844060.00 ns, 86.6509 us/op
WorkloadActual   3: 8192 op, 709321877.00 ns, 86.5871 us/op

// AfterActualRun
WorkloadResult   1: 8192 op, 709088613.00 ns, 86.5587 us/op
WorkloadResult   2: 8192 op, 709822239.00 ns, 86.6482 us/op
WorkloadResult   3: 8192 op, 709300056.00 ns, 86.5845 us/op
// GC:  0 0 0 1072 8192
// Threading:  0 0 8192

// AfterAll
// Benchmark Process 70065 has exited with code 0.

Mean = 86.597 μs, StdErr = 0.027 μs (0.03%), N = 3, StdDev = 0.046 μs
Min = 86.559 μs, Q1 = 86.572 μs, Median = 86.584 μs, Q3 = 86.616 μs, Max = 86.648 μs
IQR = 0.045 μs, LowerFence = 86.504 μs, UpperFence = 86.684 μs
ConfidenceInterval = [85.756 μs; 87.438 μs] (CI 99.9%), Margin = 0.841 μs (0.97% of Mean)
Skewness = 0.25, Kurtosis = 0.67, MValue = 2

// ** Remained 8 (80.0 %) benchmark(s) to run. Estimated finish 2026-08-28 20:47 (0h 0m from now) **
// **************************
// Benchmark: VmExecutionBenchmarks.DirectCfdCallChain: ShortRun(IterationCount=3, LaunchCount=1, WarmupCount=3)
// *** Execute ***
// Launch: 1 / 1
// Execute: dotnet 8479b9db-76d8-4977-87e1-f003a4fe7643.dll --anonymousPipes 118 119 --benchmarkName VmExecutionBenchmarks.DirectCfdCallChain --job ShortRun --benchmarkId 2 in /mnt/Shared/Projects/coflow/runtimes/csharp/Coflow.Cfd.Runtime.Benchmarks/bin/Release/net8.0/8479b9db-76d8-4977-87e1-f003a4fe7643/bin/Release/net10.0
// Failed to set up high priority (Permission denied). In order to run benchmarks with high priority, make sure you have the right permissions.
// BeforeAnythingElse

// Benchmark Process Environment Information:
// BenchmarkDotNet v0.14.0
// Runtime=.NET 10.0.2 (10.0.225.61305), X64 RyuJIT AVX2
// GC=Concurrent Workstation
// HardwareIntrinsics=AVX2,AES,BMI1,BMI2,FMA,LZCNT,PCLMUL,POPCNT,AvxVnni,SERIALIZE VectorSize=256
// Job: ShortRun(IterationCount=3, LaunchCount=1, WarmupCount=3)

OverheadJitting  1: 1 op, 217413.00 ns, 217.4130 us/op
WorkloadJitting  1: 1 op, 2374570.00 ns, 2.3746 ms/op

OverheadJitting  2: 16 op, 281595.00 ns, 17.5997 us/op
WorkloadJitting  2: 16 op, 299085.00 ns, 18.6928 us/op

WorkloadPilot    1: 16 op, 36777.00 ns, 2.2986 us/op
WorkloadPilot    2: 32 op, 68577.00 ns, 2.1430 us/op
WorkloadPilot    3: 64 op, 117043.00 ns, 1.8288 us/op
WorkloadPilot    4: 128 op, 231800.00 ns, 1.8109 us/op
WorkloadPilot    5: 256 op, 455875.00 ns, 1.7808 us/op
WorkloadPilot    6: 512 op, 910235.00 ns, 1.7778 us/op
WorkloadPilot    7: 1024 op, 1820751.00 ns, 1.7781 us/op
WorkloadPilot    8: 2048 op, 4028484.00 ns, 1.9670 us/op
WorkloadPilot    9: 4096 op, 7730540.00 ns, 1.8873 us/op
WorkloadPilot   10: 8192 op, 15437610.00 ns, 1.8845 us/op
WorkloadPilot   11: 16384 op, 29973380.00 ns, 1.8294 us/op
WorkloadPilot   12: 32768 op, 58931167.00 ns, 1.7984 us/op
WorkloadPilot   13: 65536 op, 88527182.00 ns, 1.3508 us/op
WorkloadPilot   14: 131072 op, 34423913.00 ns, 262.6336 ns/op
WorkloadPilot   15: 262144 op, 68981103.00 ns, 263.1420 ns/op
WorkloadPilot   16: 524288 op, 138300660.00 ns, 263.7876 ns/op
WorkloadPilot   17: 1048576 op, 275773348.00 ns, 262.9980 ns/op
WorkloadPilot   18: 2097152 op, 551283213.00 ns, 262.8723 ns/op

OverheadWarmup   1: 2097152 op, 5555276.00 ns, 2.6490 ns/op
OverheadWarmup   2: 2097152 op, 5559434.00 ns, 2.6509 ns/op
OverheadWarmup   3: 2097152 op, 5560345.00 ns, 2.6514 ns/op
OverheadWarmup   4: 2097152 op, 5554747.00 ns, 2.6487 ns/op
OverheadWarmup   5: 2097152 op, 5557475.00 ns, 2.6500 ns/op
OverheadWarmup   6: 2097152 op, 5537494.00 ns, 2.6405 ns/op

OverheadActual   1: 2097152 op, 5551441.00 ns, 2.6471 ns/op
OverheadActual   2: 2097152 op, 5542132.00 ns, 2.6427 ns/op
OverheadActual   3: 2097152 op, 5552042.00 ns, 2.6474 ns/op
OverheadActual   4: 2097152 op, 5549427.00 ns, 2.6462 ns/op
OverheadActual   5: 2097152 op, 5561429.00 ns, 2.6519 ns/op
OverheadActual   6: 2097152 op, 5552483.00 ns, 2.6476 ns/op
OverheadActual   7: 2097152 op, 5555672.00 ns, 2.6492 ns/op
OverheadActual   8: 2097152 op, 5553052.00 ns, 2.6479 ns/op
OverheadActual   9: 2097152 op, 5546632.00 ns, 2.6448 ns/op
OverheadActual  10: 2097152 op, 5554033.00 ns, 2.6484 ns/op
OverheadActual  11: 2097152 op, 5536693.00 ns, 2.6401 ns/op
OverheadActual  12: 2097152 op, 5559538.00 ns, 2.6510 ns/op
OverheadActual  13: 2097152 op, 5541525.00 ns, 2.6424 ns/op
OverheadActual  14: 2097152 op, 5549770.00 ns, 2.6463 ns/op
OverheadActual  15: 2097152 op, 5540785.00 ns, 2.6421 ns/op

WorkloadWarmup   1: 2097152 op, 551580633.00 ns, 263.0141 ns/op
WorkloadWarmup   2: 2097152 op, 551883991.00 ns, 263.1588 ns/op
WorkloadWarmup   3: 2097152 op, 551641337.00 ns, 263.0431 ns/op

// BeforeActualRun
WorkloadActual   1: 2097152 op, 550875810.00 ns, 262.6781 ns/op
WorkloadActual   2: 2097152 op, 551407889.00 ns, 262.9318 ns/op
WorkloadActual   3: 2097152 op, 551471538.00 ns, 262.9621 ns/op

// AfterActualRun
WorkloadResult   1: 2097152 op, 545324369.00 ns, 260.0309 ns/op
WorkloadResult   2: 2097152 op, 545856448.00 ns, 260.2846 ns/op
WorkloadResult   3: 2097152 op, 545920097.00 ns, 260.3150 ns/op
// GC:  0 0 0 1072 2097152
// Threading:  0 0 2097152

// AfterAll
// Benchmark Process 70084 has exited with code 0.

Mean = 260.210 ns, StdErr = 0.090 ns (0.03%), N = 3, StdDev = 0.156 ns
Min = 260.031 ns, Q1 = 260.158 ns, Median = 260.285 ns, Q3 = 260.300 ns, Max = 260.315 ns
IQR = 0.142 ns, LowerFence = 259.945 ns, UpperFence = 260.513 ns
ConfidenceInterval = [257.364 ns; 263.056 ns] (CI 99.9%), Margin = 2.846 ns (1.09% of Mean)
Skewness = -0.37, Kurtosis = 0.67, MValue = 2

// ** Remained 7 (70.0 %) benchmark(s) to run. Estimated finish 2026-08-28 20:47 (0h 0m from now) **
// **************************
// Benchmark: VmExecutionBenchmarks.TailRecursion: ShortRun(IterationCount=3, LaunchCount=1, WarmupCount=3)
// *** Execute ***
// Launch: 1 / 1
// Execute: dotnet 8479b9db-76d8-4977-87e1-f003a4fe7643.dll --anonymousPipes 118 119 --benchmarkName VmExecutionBenchmarks.TailRecursion --job ShortRun --benchmarkId 3 in /mnt/Shared/Projects/coflow/runtimes/csharp/Coflow.Cfd.Runtime.Benchmarks/bin/Release/net8.0/8479b9db-76d8-4977-87e1-f003a4fe7643/bin/Release/net10.0
// Failed to set up high priority (Permission denied). In order to run benchmarks with high priority, make sure you have the right permissions.
// BeforeAnythingElse

// Benchmark Process Environment Information:
// BenchmarkDotNet v0.14.0
// Runtime=.NET 10.0.2 (10.0.225.61305), X64 RyuJIT AVX2
// GC=Concurrent Workstation
// HardwareIntrinsics=AVX2,AES,BMI1,BMI2,FMA,LZCNT,PCLMUL,POPCNT,AvxVnni,SERIALIZE VectorSize=256
// Job: ShortRun(IterationCount=3, LaunchCount=1, WarmupCount=3)

OverheadJitting  1: 1 op, 218863.00 ns, 218.8630 us/op
WorkloadJitting  1: 1 op, 2209624.00 ns, 2.2096 ms/op

OverheadJitting  2: 16 op, 260689.00 ns, 16.2931 us/op
WorkloadJitting  2: 16 op, 11061804.00 ns, 691.3628 us/op

WorkloadPilot    1: 16 op, 2321396.00 ns, 145.0873 us/op
WorkloadPilot    2: 32 op, 4571216.00 ns, 142.8505 us/op
WorkloadPilot    3: 64 op, 9322838.00 ns, 145.6693 us/op
WorkloadPilot    4: 128 op, 18226264.00 ns, 142.3927 us/op
WorkloadPilot    5: 256 op, 35958995.00 ns, 140.4648 us/op
WorkloadPilot    6: 512 op, 71774370.00 ns, 140.1843 us/op
WorkloadPilot    7: 1024 op, 84542325.00 ns, 82.5609 us/op
WorkloadPilot    8: 2048 op, 91878932.00 ns, 44.8628 us/op
WorkloadPilot    9: 4096 op, 183721057.00 ns, 44.8538 us/op
WorkloadPilot   10: 8192 op, 366626637.00 ns, 44.7542 us/op
WorkloadPilot   11: 16384 op, 732371294.00 ns, 44.7004 us/op

OverheadWarmup   1: 16384 op, 44222.00 ns, 2.6991 ns/op
OverheadWarmup   2: 16384 op, 43156.00 ns, 2.6340 ns/op
OverheadWarmup   3: 16384 op, 43081.00 ns, 2.6295 ns/op
OverheadWarmup   4: 16384 op, 43017.00 ns, 2.6255 ns/op
OverheadWarmup   5: 16384 op, 43835.00 ns, 2.6755 ns/op
OverheadWarmup   6: 16384 op, 43434.00 ns, 2.6510 ns/op
OverheadWarmup   7: 16384 op, 43102.00 ns, 2.6307 ns/op
OverheadWarmup   8: 16384 op, 43064.00 ns, 2.6284 ns/op
OverheadWarmup   9: 16384 op, 43710.00 ns, 2.6678 ns/op
OverheadWarmup  10: 16384 op, 43155.00 ns, 2.6340 ns/op

OverheadActual   1: 16384 op, 43323.00 ns, 2.6442 ns/op
OverheadActual   2: 16384 op, 43290.00 ns, 2.6422 ns/op
OverheadActual   3: 16384 op, 43819.00 ns, 2.6745 ns/op
OverheadActual   4: 16384 op, 43183.00 ns, 2.6357 ns/op
OverheadActual   5: 16384 op, 45501.00 ns, 2.7772 ns/op
OverheadActual   6: 16384 op, 43101.00 ns, 2.6307 ns/op
OverheadActual   7: 16384 op, 43333.00 ns, 2.6448 ns/op
OverheadActual   8: 16384 op, 43051.00 ns, 2.6276 ns/op
OverheadActual   9: 16384 op, 43040.00 ns, 2.6270 ns/op
OverheadActual  10: 16384 op, 43058.00 ns, 2.6281 ns/op
OverheadActual  11: 16384 op, 43314.00 ns, 2.6437 ns/op
OverheadActual  12: 16384 op, 43006.00 ns, 2.6249 ns/op
OverheadActual  13: 16384 op, 42987.00 ns, 2.6237 ns/op
OverheadActual  14: 16384 op, 43078.00 ns, 2.6293 ns/op
OverheadActual  15: 16384 op, 43731.00 ns, 2.6691 ns/op

WorkloadWarmup   1: 16384 op, 715291930.00 ns, 43.6580 us/op
WorkloadWarmup   2: 16384 op, 733481521.00 ns, 44.7682 us/op
WorkloadWarmup   3: 16384 op, 732280990.00 ns, 44.6949 us/op

// BeforeActualRun
WorkloadActual   1: 16384 op, 708721129.00 ns, 43.2569 us/op
WorkloadActual   2: 16384 op, 709320375.00 ns, 43.2935 us/op
WorkloadActual   3: 16384 op, 708220209.00 ns, 43.2263 us/op

// AfterActualRun
WorkloadResult   1: 16384 op, 708677946.00 ns, 43.2543 us/op
WorkloadResult   2: 16384 op, 709277192.00 ns, 43.2908 us/op
WorkloadResult   3: 16384 op, 708177026.00 ns, 43.2237 us/op
// GC:  0 0 0 784 16384
// Threading:  0 0 16384

// AfterAll
// Benchmark Process 70100 has exited with code 0.

Mean = 43.256 μs, StdErr = 0.019 μs (0.04%), N = 3, StdDev = 0.034 μs
Min = 43.224 μs, Q1 = 43.239 μs, Median = 43.254 μs, Q3 = 43.273 μs, Max = 43.291 μs
IQR = 0.034 μs, LowerFence = 43.189 μs, UpperFence = 43.323 μs
ConfidenceInterval = [42.643 μs; 43.870 μs] (CI 99.9%), Margin = 0.613 μs (1.42% of Mean)
Skewness = 0.06, Kurtosis = 0.67, MValue = 2

// ** Remained 6 (60.0 %) benchmark(s) to run. Estimated finish 2026-08-28 20:47 (0h 0m from now) **
// **************************
// Benchmark: VmExecutionBenchmarks.TailAccumulator: ShortRun(IterationCount=3, LaunchCount=1, WarmupCount=3)
// *** Execute ***
// Launch: 1 / 1
// Execute: dotnet 8479b9db-76d8-4977-87e1-f003a4fe7643.dll --anonymousPipes 118 119 --benchmarkName VmExecutionBenchmarks.TailAccumulator --job ShortRun --benchmarkId 4 in /mnt/Shared/Projects/coflow/runtimes/csharp/Coflow.Cfd.Runtime.Benchmarks/bin/Release/net8.0/8479b9db-76d8-4977-87e1-f003a4fe7643/bin/Release/net10.0
// Failed to set up high priority (Permission denied). In order to run benchmarks with high priority, make sure you have the right permissions.
// BeforeAnythingElse

// Benchmark Process Environment Information:
// BenchmarkDotNet v0.14.0
// Runtime=.NET 10.0.2 (10.0.225.61305), X64 RyuJIT AVX2
// GC=Concurrent Workstation
// HardwareIntrinsics=AVX2,AES,BMI1,BMI2,FMA,LZCNT,PCLMUL,POPCNT,AvxVnni,SERIALIZE VectorSize=256
// Job: ShortRun(IterationCount=3, LaunchCount=1, WarmupCount=3)

OverheadJitting  1: 1 op, 224395.00 ns, 224.3950 us/op
WorkloadJitting  1: 1 op, 11871410.00 ns, 11.8714 ms/op

OverheadJitting  2: 16 op, 299077.00 ns, 18.6923 us/op
WorkloadJitting  2: 16 op, 4058617.00 ns, 253.6636 us/op

WorkloadPilot    1: 16 op, 3731988.00 ns, 233.2493 us/op
WorkloadPilot    2: 32 op, 7327098.00 ns, 228.9718 us/op
WorkloadPilot    3: 64 op, 14467482.00 ns, 226.0544 us/op
WorkloadPilot    4: 128 op, 28692284.00 ns, 224.1585 us/op
WorkloadPilot    5: 256 op, 56926095.00 ns, 222.3676 us/op
WorkloadPilot    6: 512 op, 90253330.00 ns, 176.2760 us/op
WorkloadPilot    7: 1024 op, 70856814.00 ns, 69.1961 us/op
WorkloadPilot    8: 2048 op, 142086218.00 ns, 69.3780 us/op
WorkloadPilot    9: 4096 op, 283518123.00 ns, 69.2183 us/op
WorkloadPilot   10: 8192 op, 567412847.00 ns, 69.2643 us/op

OverheadWarmup   1: 8192 op, 24100.00 ns, 2.9419 ns/op
OverheadWarmup   2: 8192 op, 21750.00 ns, 2.6550 ns/op
OverheadWarmup   3: 8192 op, 21637.00 ns, 2.6412 ns/op
OverheadWarmup   4: 8192 op, 21621.00 ns, 2.6393 ns/op
OverheadWarmup   5: 8192 op, 21847.00 ns, 2.6669 ns/op
OverheadWarmup   6: 8192 op, 21715.00 ns, 2.6508 ns/op
OverheadWarmup   7: 8192 op, 21710.00 ns, 2.6501 ns/op
OverheadWarmup   8: 8192 op, 21636.00 ns, 2.6411 ns/op
OverheadWarmup   9: 8192 op, 22519.00 ns, 2.7489 ns/op
OverheadWarmup  10: 8192 op, 21656.00 ns, 2.6436 ns/op

OverheadActual   1: 8192 op, 22007.00 ns, 2.6864 ns/op
OverheadActual   2: 8192 op, 21895.00 ns, 2.6727 ns/op
OverheadActual   3: 8192 op, 21893.00 ns, 2.6725 ns/op
OverheadActual   4: 8192 op, 21764.00 ns, 2.6567 ns/op
OverheadActual   5: 8192 op, 21866.00 ns, 2.6692 ns/op
OverheadActual   6: 8192 op, 21709.00 ns, 2.6500 ns/op
OverheadActual   7: 8192 op, 22240.00 ns, 2.7148 ns/op
OverheadActual   8: 8192 op, 21644.00 ns, 2.6421 ns/op
OverheadActual   9: 8192 op, 21663.00 ns, 2.6444 ns/op
OverheadActual  10: 8192 op, 21631.00 ns, 2.6405 ns/op
OverheadActual  11: 8192 op, 21561.00 ns, 2.6320 ns/op
OverheadActual  12: 8192 op, 22208.00 ns, 2.7109 ns/op
OverheadActual  13: 8192 op, 21607.00 ns, 2.6376 ns/op
OverheadActual  14: 8192 op, 21579.00 ns, 2.6342 ns/op
OverheadActual  15: 8192 op, 22908.00 ns, 2.7964 ns/op

WorkloadWarmup   1: 8192 op, 567860445.00 ns, 69.3189 us/op
WorkloadWarmup   2: 8192 op, 566811883.00 ns, 69.1909 us/op
WorkloadWarmup   3: 8192 op, 567654021.00 ns, 69.2937 us/op

// BeforeActualRun
WorkloadActual   1: 8192 op, 567614450.00 ns, 69.2889 us/op
WorkloadActual   2: 8192 op, 568042016.00 ns, 69.3411 us/op
WorkloadActual   3: 8192 op, 567019917.00 ns, 69.2163 us/op

// AfterActualRun
WorkloadResult   1: 8192 op, 567592686.00 ns, 69.2862 us/op
WorkloadResult   2: 8192 op, 568020252.00 ns, 69.3384 us/op
WorkloadResult   3: 8192 op, 566998153.00 ns, 69.2136 us/op
// GC:  0 0 0 736 8192
// Threading:  0 0 8192

// AfterAll
// Benchmark Process 70139 has exited with code 0.

Mean = 69.279 μs, StdErr = 0.036 μs (0.05%), N = 3, StdDev = 0.063 μs
Min = 69.214 μs, Q1 = 69.250 μs, Median = 69.286 μs, Q3 = 69.312 μs, Max = 69.338 μs
IQR = 0.062 μs, LowerFence = 69.156 μs, UpperFence = 69.406 μs
ConfidenceInterval = [68.136 μs; 70.423 μs] (CI 99.9%), Margin = 1.143 μs (1.65% of Mean)
Skewness = -0.11, Kurtosis = 0.67, MValue = 2

// ** Remained 5 (50.0 %) benchmark(s) to run. Estimated finish 2026-08-28 20:47 (0h 0m from now) **
// **************************
// Benchmark: VmExecutionBenchmarks.GeneratedFieldRead: ShortRun(IterationCount=3, LaunchCount=1, WarmupCount=3)
// *** Execute ***
// Launch: 1 / 1
// Execute: dotnet 8479b9db-76d8-4977-87e1-f003a4fe7643.dll --anonymousPipes 118 119 --benchmarkName VmExecutionBenchmarks.GeneratedFieldRead --job ShortRun --benchmarkId 5 in /mnt/Shared/Projects/coflow/runtimes/csharp/Coflow.Cfd.Runtime.Benchmarks/bin/Release/net8.0/8479b9db-76d8-4977-87e1-f003a4fe7643/bin/Release/net10.0
// Failed to set up high priority (Permission denied). In order to run benchmarks with high priority, make sure you have the right permissions.
// BeforeAnythingElse

// Benchmark Process Environment Information:
// BenchmarkDotNet v0.14.0
// Runtime=.NET 10.0.2 (10.0.225.61305), X64 RyuJIT AVX2
// GC=Concurrent Workstation
// HardwareIntrinsics=AVX2,AES,BMI1,BMI2,FMA,LZCNT,PCLMUL,POPCNT,AvxVnni,SERIALIZE VectorSize=256
// Job: ShortRun(IterationCount=3, LaunchCount=1, WarmupCount=3)

OverheadJitting  1: 1 op, 243298.00 ns, 243.2980 us/op
WorkloadJitting  1: 1 op, 11914974.00 ns, 11.9150 ms/op

OverheadJitting  2: 16 op, 311730.00 ns, 19.4831 us/op
WorkloadJitting  2: 16 op, 5017710.00 ns, 313.6069 us/op

WorkloadPilot    1: 16 op, 4699848.00 ns, 293.7405 us/op
WorkloadPilot    2: 32 op, 9405344.00 ns, 293.9170 us/op
WorkloadPilot    3: 64 op, 18906510.00 ns, 295.4142 us/op
WorkloadPilot    4: 128 op, 37756293.00 ns, 294.9710 us/op
WorkloadPilot    5: 256 op, 75109048.00 ns, 293.3947 us/op
WorkloadPilot    6: 512 op, 90423220.00 ns, 176.6079 us/op
WorkloadPilot    7: 1024 op, 115388510.00 ns, 112.6841 us/op
WorkloadPilot    8: 2048 op, 230985719.00 ns, 112.7860 us/op
WorkloadPilot    9: 4096 op, 461157475.00 ns, 112.5873 us/op
WorkloadPilot   10: 8192 op, 921152683.00 ns, 112.4454 us/op

OverheadWarmup   1: 8192 op, 23537.00 ns, 2.8732 ns/op
OverheadWarmup   2: 8192 op, 22286.00 ns, 2.7205 ns/op
OverheadWarmup   3: 8192 op, 22219.00 ns, 2.7123 ns/op
OverheadWarmup   4: 8192 op, 21611.00 ns, 2.6381 ns/op
OverheadWarmup   5: 8192 op, 21828.00 ns, 2.6646 ns/op
OverheadWarmup   6: 8192 op, 21656.00 ns, 2.6436 ns/op
OverheadWarmup   7: 8192 op, 21597.00 ns, 2.6364 ns/op
OverheadWarmup   8: 8192 op, 21554.00 ns, 2.6311 ns/op
OverheadWarmup   9: 8192 op, 22245.00 ns, 2.7155 ns/op
OverheadWarmup  10: 8192 op, 21589.00 ns, 2.6354 ns/op

OverheadActual   1: 8192 op, 22038.00 ns, 2.6902 ns/op
OverheadActual   2: 8192 op, 21947.00 ns, 2.6791 ns/op
OverheadActual   3: 8192 op, 21834.00 ns, 2.6653 ns/op
OverheadActual   4: 8192 op, 21726.00 ns, 2.6521 ns/op
OverheadActual   5: 8192 op, 21842.00 ns, 2.6663 ns/op
OverheadActual   6: 8192 op, 21721.00 ns, 2.6515 ns/op
OverheadActual   7: 8192 op, 22236.00 ns, 2.7144 ns/op
OverheadActual   8: 8192 op, 21602.00 ns, 2.6370 ns/op
OverheadActual   9: 8192 op, 21599.00 ns, 2.6366 ns/op
OverheadActual  10: 8192 op, 21606.00 ns, 2.6375 ns/op
OverheadActual  11: 8192 op, 21618.00 ns, 2.6389 ns/op
OverheadActual  12: 8192 op, 21579.00 ns, 2.6342 ns/op
OverheadActual  13: 8192 op, 21677.00 ns, 2.6461 ns/op
OverheadActual  14: 8192 op, 21619.00 ns, 2.6390 ns/op
OverheadActual  15: 8192 op, 22815.00 ns, 2.7850 ns/op

WorkloadWarmup   1: 8192 op, 922274672.00 ns, 112.5824 us/op
WorkloadWarmup   2: 8192 op, 920861443.00 ns, 112.4098 us/op
WorkloadWarmup   3: 8192 op, 923447915.00 ns, 112.7256 us/op

// BeforeActualRun
WorkloadActual   1: 8192 op, 920421880.00 ns, 112.3562 us/op
WorkloadActual   2: 8192 op, 918987721.00 ns, 112.1811 us/op
WorkloadActual   3: 8192 op, 918274884.00 ns, 112.0941 us/op

// AfterActualRun
WorkloadResult   1: 8192 op, 920400159.00 ns, 112.3535 us/op
WorkloadResult   2: 8192 op, 918966000.00 ns, 112.1785 us/op
WorkloadResult   3: 8192 op, 918253163.00 ns, 112.0915 us/op
// GC:  0 0 0 64 8192
// Threading:  0 0 8192

// AfterAll
// Benchmark Process 70233 has exited with code 0.

Mean = 112.208 μs, StdErr = 0.077 μs (0.07%), N = 3, StdDev = 0.133 μs
Min = 112.091 μs, Q1 = 112.135 μs, Median = 112.178 μs, Q3 = 112.266 μs, Max = 112.354 μs
IQR = 0.131 μs, LowerFence = 111.938 μs, UpperFence = 112.463 μs
ConfidenceInterval = [109.773 μs; 114.643 μs] (CI 99.9%), Margin = 2.435 μs (2.17% of Mean)
Skewness = 0.21, Kurtosis = 0.67, MValue = 2

// ** Remained 4 (40.0 %) benchmark(s) to run. Estimated finish 2026-08-28 20:47 (0h 0m from now) **
// **************************
// Benchmark: VmExecutionBenchmarks.MapFilterFold: ShortRun(IterationCount=3, LaunchCount=1, WarmupCount=3)
// *** Execute ***
// Launch: 1 / 1
// Execute: dotnet 8479b9db-76d8-4977-87e1-f003a4fe7643.dll --anonymousPipes 118 119 --benchmarkName VmExecutionBenchmarks.MapFilterFold --job ShortRun --benchmarkId 6 in /mnt/Shared/Projects/coflow/runtimes/csharp/Coflow.Cfd.Runtime.Benchmarks/bin/Release/net8.0/8479b9db-76d8-4977-87e1-f003a4fe7643/bin/Release/net10.0
// Failed to set up high priority (Permission denied). In order to run benchmarks with high priority, make sure you have the right permissions.
// BeforeAnythingElse

// Benchmark Process Environment Information:
// BenchmarkDotNet v0.14.0
// Runtime=.NET 10.0.2 (10.0.225.61305), X64 RyuJIT AVX2
// GC=Concurrent Workstation
// HardwareIntrinsics=AVX2,AES,BMI1,BMI2,FMA,LZCNT,PCLMUL,POPCNT,AvxVnni,SERIALIZE VectorSize=256
// Job: ShortRun(IterationCount=3, LaunchCount=1, WarmupCount=3)

OverheadJitting  1: 1 op, 223697.00 ns, 223.6970 us/op
WorkloadJitting  1: 1 op, 6738010.00 ns, 6.7380 ms/op

OverheadJitting  2: 16 op, 255721.00 ns, 15.9826 us/op
WorkloadJitting  2: 16 op, 556829.00 ns, 34.8018 us/op

WorkloadPilot    1: 16 op, 282738.00 ns, 17.6711 us/op
WorkloadPilot    2: 32 op, 534897.00 ns, 16.7155 us/op
WorkloadPilot    3: 64 op, 1070370.00 ns, 16.7245 us/op
WorkloadPilot    4: 128 op, 2159953.00 ns, 16.8746 us/op
WorkloadPilot    5: 256 op, 4313543.00 ns, 16.8498 us/op
WorkloadPilot    6: 512 op, 8825225.00 ns, 17.2368 us/op
WorkloadPilot    7: 1024 op, 17353843.00 ns, 16.9471 us/op
WorkloadPilot    8: 2048 op, 35810160.00 ns, 17.4854 us/op
WorkloadPilot    9: 4096 op, 69504704.00 ns, 16.9689 us/op
WorkloadPilot   10: 8192 op, 82794057.00 ns, 10.1067 us/op
WorkloadPilot   11: 16384 op, 48700939.00 ns, 2.9725 us/op
WorkloadPilot   12: 32768 op, 97941283.00 ns, 2.9889 us/op
WorkloadPilot   13: 65536 op, 193244647.00 ns, 2.9487 us/op
WorkloadPilot   14: 131072 op, 383699006.00 ns, 2.9274 us/op
WorkloadPilot   15: 262144 op, 765785623.00 ns, 2.9212 us/op

OverheadWarmup   1: 262144 op, 694038.00 ns, 2.6475 ns/op
OverheadWarmup   2: 262144 op, 694811.00 ns, 2.6505 ns/op
OverheadWarmup   3: 262144 op, 693822.00 ns, 2.6467 ns/op
OverheadWarmup   4: 262144 op, 693347.00 ns, 2.6449 ns/op
OverheadWarmup   5: 262144 op, 690751.00 ns, 2.6350 ns/op
OverheadWarmup   6: 262144 op, 690349.00 ns, 2.6335 ns/op
OverheadWarmup   7: 262144 op, 690388.00 ns, 2.6336 ns/op
OverheadWarmup   8: 262144 op, 693922.00 ns, 2.6471 ns/op
OverheadWarmup   9: 262144 op, 693569.00 ns, 2.6458 ns/op

OverheadActual   1: 262144 op, 697394.00 ns, 2.6603 ns/op
OverheadActual   2: 262144 op, 698604.00 ns, 2.6650 ns/op
OverheadActual   3: 262144 op, 696913.00 ns, 2.6585 ns/op
OverheadActual   4: 262144 op, 697194.00 ns, 2.6596 ns/op
OverheadActual   5: 262144 op, 697734.00 ns, 2.6616 ns/op
OverheadActual   6: 262144 op, 693647.00 ns, 2.6461 ns/op
OverheadActual   7: 262144 op, 699581.00 ns, 2.6687 ns/op
OverheadActual   8: 262144 op, 690238.00 ns, 2.6330 ns/op
OverheadActual   9: 262144 op, 699824.00 ns, 2.6696 ns/op
OverheadActual  10: 262144 op, 693922.00 ns, 2.6471 ns/op
OverheadActual  11: 262144 op, 692710.00 ns, 2.6425 ns/op
OverheadActual  12: 262144 op, 698722.00 ns, 2.6654 ns/op
OverheadActual  13: 262144 op, 695001.00 ns, 2.6512 ns/op
OverheadActual  14: 262144 op, 697516.00 ns, 2.6608 ns/op
OverheadActual  15: 262144 op, 697778.00 ns, 2.6618 ns/op

WorkloadWarmup   1: 262144 op, 769963358.00 ns, 2.9372 us/op
WorkloadWarmup   2: 262144 op, 769031608.00 ns, 2.9336 us/op
WorkloadWarmup   3: 262144 op, 765956725.00 ns, 2.9219 us/op

// BeforeActualRun
WorkloadActual   1: 262144 op, 768245405.00 ns, 2.9306 us/op
WorkloadActual   2: 262144 op, 766695690.00 ns, 2.9247 us/op
WorkloadActual   3: 262144 op, 766873865.00 ns, 2.9254 us/op

// AfterActualRun
WorkloadResult   1: 262144 op, 767548011.00 ns, 2.9280 us/op
WorkloadResult   2: 262144 op, 765998296.00 ns, 2.9221 us/op
WorkloadResult   3: 262144 op, 766176471.00 ns, 2.9227 us/op
// GC:  8 0 0 106955824 262144
// Threading:  0 0 262144

// AfterAll
// Benchmark Process 70505 has exited with code 0.

Mean = 2.924 μs, StdErr = 0.002 μs (0.06%), N = 3, StdDev = 0.003 μs
Min = 2.922 μs, Q1 = 2.922 μs, Median = 2.923 μs, Q3 = 2.925 μs, Max = 2.928 μs
IQR = 0.003 μs, LowerFence = 2.918 μs, UpperFence = 2.930 μs
ConfidenceInterval = [2.865 μs; 2.983 μs] (CI 99.9%), Margin = 0.059 μs (2.02% of Mean)
Skewness = 0.37, Kurtosis = 0.67, MValue = 2

// ** Remained 3 (30.0 %) benchmark(s) to run. Estimated finish 2026-08-28 20:47 (0h 0m from now) **
// **************************
// Benchmark: VmExecutionBenchmarks.CfdToHost: ShortRun(IterationCount=3, LaunchCount=1, WarmupCount=3)
// *** Execute ***
// Launch: 1 / 1
// Execute: dotnet 8479b9db-76d8-4977-87e1-f003a4fe7643.dll --anonymousPipes 118 119 --benchmarkName VmExecutionBenchmarks.CfdToHost --job ShortRun --benchmarkId 7 in /mnt/Shared/Projects/coflow/runtimes/csharp/Coflow.Cfd.Runtime.Benchmarks/bin/Release/net8.0/8479b9db-76d8-4977-87e1-f003a4fe7643/bin/Release/net10.0
// Failed to set up high priority (Permission denied). In order to run benchmarks with high priority, make sure you have the right permissions.
// BeforeAnythingElse

// Benchmark Process Environment Information:
// BenchmarkDotNet v0.14.0
// Runtime=.NET 10.0.2 (10.0.225.61305), X64 RyuJIT AVX2
// GC=Concurrent Workstation
// HardwareIntrinsics=AVX2,AES,BMI1,BMI2,FMA,LZCNT,PCLMUL,POPCNT,AvxVnni,SERIALIZE VectorSize=256
// Job: ShortRun(IterationCount=3, LaunchCount=1, WarmupCount=3)

OverheadJitting  1: 1 op, 241963.00 ns, 241.9630 us/op
WorkloadJitting  1: 1 op, 3347700.00 ns, 3.3477 ms/op

OverheadJitting  2: 16 op, 271593.00 ns, 16.9746 us/op
WorkloadJitting  2: 16 op, 281886.00 ns, 17.6179 us/op

WorkloadPilot    1: 16 op, 13239.00 ns, 827.4375 ns/op
WorkloadPilot    2: 32 op, 18744.00 ns, 585.7500 ns/op
WorkloadPilot    3: 64 op, 28353.00 ns, 443.0156 ns/op
WorkloadPilot    4: 128 op, 51784.00 ns, 404.5625 ns/op
WorkloadPilot    5: 256 op, 100398.00 ns, 392.1797 ns/op
WorkloadPilot    6: 512 op, 197394.00 ns, 385.5352 ns/op
WorkloadPilot    7: 1024 op, 399853.00 ns, 390.4814 ns/op
WorkloadPilot    8: 2048 op, 785075.00 ns, 383.3374 ns/op
WorkloadPilot    9: 4096 op, 1626724.00 ns, 397.1494 ns/op
WorkloadPilot   10: 8192 op, 3744532.00 ns, 457.0962 ns/op
WorkloadPilot   11: 16384 op, 6880075.00 ns, 419.9265 ns/op
WorkloadPilot   12: 32768 op, 13303261.00 ns, 405.9833 ns/op
WorkloadPilot   13: 65536 op, 26271177.00 ns, 400.8663 ns/op
WorkloadPilot   14: 131072 op, 52626359.00 ns, 401.5073 ns/op
WorkloadPilot   15: 262144 op, 88957937.00 ns, 339.3476 ns/op
WorkloadPilot   16: 524288 op, 40710355.00 ns, 77.6488 ns/op
WorkloadPilot   17: 1048576 op, 81601192.00 ns, 77.8210 ns/op
WorkloadPilot   18: 2097152 op, 160527061.00 ns, 76.5453 ns/op
WorkloadPilot   19: 4194304 op, 317306496.00 ns, 75.6518 ns/op
WorkloadPilot   20: 8388608 op, 635018340.00 ns, 75.7001 ns/op

OverheadWarmup   1: 8388608 op, 22013034.00 ns, 2.6242 ns/op
OverheadWarmup   2: 8388608 op, 21998779.00 ns, 2.6225 ns/op
OverheadWarmup   3: 8388608 op, 22011960.00 ns, 2.6240 ns/op
OverheadWarmup   4: 8388608 op, 22008466.00 ns, 2.6236 ns/op
OverheadWarmup   5: 8388608 op, 22012154.00 ns, 2.6241 ns/op
OverheadWarmup   6: 8388608 op, 22000343.00 ns, 2.6226 ns/op

OverheadActual   1: 8388608 op, 22011382.00 ns, 2.6240 ns/op
OverheadActual   2: 8388608 op, 22024572.00 ns, 2.6255 ns/op
OverheadActual   3: 8388608 op, 22008887.00 ns, 2.6237 ns/op
OverheadActual   4: 8388608 op, 22006511.00 ns, 2.6234 ns/op
OverheadActual   5: 8388608 op, 22001242.00 ns, 2.6228 ns/op
OverheadActual   6: 8388608 op, 22020351.00 ns, 2.6250 ns/op
OverheadActual   7: 8388608 op, 22003797.00 ns, 2.6231 ns/op
OverheadActual   8: 8388608 op, 21999282.00 ns, 2.6225 ns/op
OverheadActual   9: 8388608 op, 22014646.00 ns, 2.6244 ns/op
OverheadActual  10: 8388608 op, 22061369.00 ns, 2.6299 ns/op
OverheadActual  11: 8388608 op, 20245586.00 ns, 2.4135 ns/op
OverheadActual  12: 8388608 op, 17784463.00 ns, 2.1201 ns/op
OverheadActual  13: 8388608 op, 17788099.00 ns, 2.1205 ns/op
OverheadActual  14: 8388608 op, 17787622.00 ns, 2.1204 ns/op
OverheadActual  15: 8388608 op, 17812762.00 ns, 2.1234 ns/op
OverheadActual  16: 8388608 op, 17784149.00 ns, 2.1200 ns/op
OverheadActual  17: 8388608 op, 17789831.00 ns, 2.1207 ns/op
OverheadActual  18: 8388608 op, 17781969.00 ns, 2.1198 ns/op
OverheadActual  19: 8388608 op, 17783624.00 ns, 2.1200 ns/op
OverheadActual  20: 8388608 op, 17801615.00 ns, 2.1221 ns/op

WorkloadWarmup   1: 8388608 op, 634570849.00 ns, 75.6467 ns/op
WorkloadWarmup   2: 8388608 op, 634831509.00 ns, 75.6778 ns/op
WorkloadWarmup   3: 8388608 op, 634207815.00 ns, 75.6035 ns/op

// BeforeActualRun
WorkloadActual   1: 8388608 op, 634185866.00 ns, 75.6008 ns/op
WorkloadActual   2: 8388608 op, 635085854.00 ns, 75.7081 ns/op
WorkloadActual   3: 8388608 op, 634434157.00 ns, 75.6304 ns/op

// AfterActualRun
WorkloadResult   1: 8388608 op, 613063432.00 ns, 73.0829 ns/op
WorkloadResult   2: 8388608 op, 613963420.00 ns, 73.1901 ns/op
WorkloadResult   3: 8388608 op, 613311723.00 ns, 73.1125 ns/op
// GC:  0 0 0 1072 8388608
// Threading:  0 0 8388608

// AfterAll
// Benchmark Process 70523 has exited with code 0.

Mean = 73.128 ns, StdErr = 0.032 ns (0.04%), N = 3, StdDev = 0.055 ns
Min = 73.083 ns, Q1 = 73.098 ns, Median = 73.112 ns, Q3 = 73.151 ns, Max = 73.190 ns
IQR = 0.054 ns, LowerFence = 73.017 ns, UpperFence = 73.232 ns
ConfidenceInterval = [72.118 ns; 74.139 ns] (CI 99.9%), Margin = 1.011 ns (1.38% of Mean)
Skewness = 0.27, Kurtosis = 0.67, MValue = 2

// ** Remained 2 (20.0 %) benchmark(s) to run. Estimated finish 2026-08-28 20:47 (0h 0m from now) **
// **************************
// Benchmark: VmExecutionBenchmarks.VmHostVmClosure: ShortRun(IterationCount=3, LaunchCount=1, WarmupCount=3)
// *** Execute ***
// Launch: 1 / 1
// Execute: dotnet 8479b9db-76d8-4977-87e1-f003a4fe7643.dll --anonymousPipes 118 119 --benchmarkName VmExecutionBenchmarks.VmHostVmClosure --job ShortRun --benchmarkId 8 in /mnt/Shared/Projects/coflow/runtimes/csharp/Coflow.Cfd.Runtime.Benchmarks/bin/Release/net8.0/8479b9db-76d8-4977-87e1-f003a4fe7643/bin/Release/net10.0
// Failed to set up high priority (Permission denied). In order to run benchmarks with high priority, make sure you have the right permissions.
// BeforeAnythingElse

// Benchmark Process Environment Information:
// BenchmarkDotNet v0.14.0
// Runtime=.NET 10.0.2 (10.0.225.61305), X64 RyuJIT AVX2
// GC=Concurrent Workstation
// HardwareIntrinsics=AVX2,AES,BMI1,BMI2,FMA,LZCNT,PCLMUL,POPCNT,AvxVnni,SERIALIZE VectorSize=256
// Job: ShortRun(IterationCount=3, LaunchCount=1, WarmupCount=3)

OverheadJitting  1: 1 op, 227445.00 ns, 227.4450 us/op
WorkloadJitting  1: 1 op, 8836907.00 ns, 8.8369 ms/op

OverheadJitting  2: 16 op, 306432.00 ns, 19.1520 us/op
WorkloadJitting  2: 16 op, 429837.00 ns, 26.8648 us/op

WorkloadPilot    1: 16 op, 74336.00 ns, 4.6460 us/op
WorkloadPilot    2: 32 op, 122978.00 ns, 3.8431 us/op
WorkloadPilot    3: 64 op, 206113.00 ns, 3.2205 us/op
WorkloadPilot    4: 128 op, 384093.00 ns, 3.0007 us/op
WorkloadPilot    5: 256 op, 713038.00 ns, 2.7853 us/op
WorkloadPilot    6: 512 op, 1412970.00 ns, 2.7597 us/op
WorkloadPilot    7: 1024 op, 2827254.00 ns, 2.7610 us/op
WorkloadPilot    8: 2048 op, 5610049.00 ns, 2.7393 us/op
WorkloadPilot    9: 4096 op, 11475642.00 ns, 2.8017 us/op
WorkloadPilot   10: 8192 op, 24329186.00 ns, 2.9699 us/op
WorkloadPilot   11: 16384 op, 46723132.00 ns, 2.8518 us/op
WorkloadPilot   12: 32768 op, 97360523.00 ns, 2.9712 us/op
WorkloadPilot   13: 65536 op, 72621630.00 ns, 1.1081 us/op
WorkloadPilot   14: 131072 op, 105088376.00 ns, 801.7607 ns/op
WorkloadPilot   15: 262144 op, 210550385.00 ns, 803.1860 ns/op
WorkloadPilot   16: 524288 op, 425078064.00 ns, 810.7721 ns/op
WorkloadPilot   17: 1048576 op, 894006302.00 ns, 852.5908 ns/op

OverheadWarmup   1: 1048576 op, 3002244.00 ns, 2.8632 ns/op
OverheadWarmup   2: 1048576 op, 3026535.00 ns, 2.8863 ns/op
OverheadWarmup   3: 1048576 op, 2826740.00 ns, 2.6958 ns/op
OverheadWarmup   4: 1048576 op, 2819658.00 ns, 2.6890 ns/op
OverheadWarmup   5: 1048576 op, 2754185.00 ns, 2.6266 ns/op
OverheadWarmup   6: 1048576 op, 2750621.00 ns, 2.6232 ns/op
OverheadWarmup   7: 1048576 op, 2750896.00 ns, 2.6235 ns/op
OverheadWarmup   8: 1048576 op, 2756227.00 ns, 2.6285 ns/op
OverheadWarmup   9: 1048576 op, 2747641.00 ns, 2.6204 ns/op

OverheadActual   1: 1048576 op, 2753035.00 ns, 2.6255 ns/op
OverheadActual   2: 1048576 op, 2764510.00 ns, 2.6364 ns/op
OverheadActual   3: 1048576 op, 2779234.00 ns, 2.6505 ns/op
OverheadActual   4: 1048576 op, 2751839.00 ns, 2.6244 ns/op
OverheadActual   5: 1048576 op, 2766465.00 ns, 2.6383 ns/op
OverheadActual   6: 1048576 op, 2749047.00 ns, 2.6217 ns/op
OverheadActual   7: 1048576 op, 2748237.00 ns, 2.6209 ns/op
OverheadActual   8: 1048576 op, 2752652.00 ns, 2.6251 ns/op
OverheadActual   9: 1048576 op, 2748392.00 ns, 2.6211 ns/op
OverheadActual  10: 1048576 op, 2749639.00 ns, 2.6223 ns/op
OverheadActual  11: 1048576 op, 2748469.00 ns, 2.6211 ns/op
OverheadActual  12: 1048576 op, 2752906.00 ns, 2.6254 ns/op
OverheadActual  13: 1048576 op, 2752343.00 ns, 2.6248 ns/op
OverheadActual  14: 1048576 op, 2751808.00 ns, 2.6243 ns/op
OverheadActual  15: 1048576 op, 2754587.00 ns, 2.6270 ns/op

WorkloadWarmup   1: 1048576 op, 896915696.00 ns, 855.3655 ns/op
WorkloadWarmup   2: 1048576 op, 901140540.00 ns, 859.3946 ns/op
WorkloadWarmup   3: 1048576 op, 889528984.00 ns, 848.3209 ns/op

// BeforeActualRun
WorkloadActual   1: 1048576 op, 878931570.00 ns, 838.2145 ns/op
WorkloadActual   2: 1048576 op, 886057350.00 ns, 845.0101 ns/op
WorkloadActual   3: 1048576 op, 885857033.00 ns, 844.8191 ns/op

// AfterActualRun
WorkloadResult   1: 1048576 op, 876179227.00 ns, 835.5896 ns/op
WorkloadResult   2: 1048576 op, 883305007.00 ns, 842.3853 ns/op
WorkloadResult   3: 1048576 op, 883104690.00 ns, 842.1943 ns/op
// GC:  19 2 2 241709752 1048576
// Threading:  0 0 1048576

// AfterAll
// Benchmark Process 70540 has exited with code 0.

Mean = 840.056 ns, StdErr = 2.234 ns (0.27%), N = 3, StdDev = 3.870 ns
Min = 835.590 ns, Q1 = 838.892 ns, Median = 842.194 ns, Q3 = 842.290 ns, Max = 842.385 ns
IQR = 3.398 ns, LowerFence = 833.795 ns, UpperFence = 847.387 ns
ConfidenceInterval = [769.462 ns; 910.651 ns] (CI 99.9%), Margin = 70.594 ns (8.40% of Mean)
Skewness = -0.38, Kurtosis = 0.67, MValue = 2

// ** Remained 1 (10.0 %) benchmark(s) to run. Estimated finish 2026-08-28 20:47 (0h 0m from now) **
// **************************
// Benchmark: VmExecutionBenchmarks.ReturnedVmClosure: ShortRun(IterationCount=3, LaunchCount=1, WarmupCount=3)
// *** Execute ***
// Launch: 1 / 1
// Execute: dotnet 8479b9db-76d8-4977-87e1-f003a4fe7643.dll --anonymousPipes 118 119 --benchmarkName VmExecutionBenchmarks.ReturnedVmClosure --job ShortRun --benchmarkId 9 in /mnt/Shared/Projects/coflow/runtimes/csharp/Coflow.Cfd.Runtime.Benchmarks/bin/Release/net8.0/8479b9db-76d8-4977-87e1-f003a4fe7643/bin/Release/net10.0
// Failed to set up high priority (Permission denied). In order to run benchmarks with high priority, make sure you have the right permissions.
// BeforeAnythingElse

// Benchmark Process Environment Information:
// BenchmarkDotNet v0.14.0
// Runtime=.NET 10.0.2 (10.0.225.61305), X64 RyuJIT AVX2
// GC=Concurrent Workstation
// HardwareIntrinsics=AVX2,AES,BMI1,BMI2,FMA,LZCNT,PCLMUL,POPCNT,AvxVnni,SERIALIZE VectorSize=256
// Job: ShortRun(IterationCount=3, LaunchCount=1, WarmupCount=3)

OverheadJitting  1: 1 op, 223062.00 ns, 223.0620 us/op
WorkloadJitting  1: 1 op, 2296776.00 ns, 2.2968 ms/op

OverheadJitting  2: 16 op, 265263.00 ns, 16.5789 us/op
WorkloadJitting  2: 16 op, 313687.00 ns, 19.6054 us/op

WorkloadPilot    1: 16 op, 19028.00 ns, 1.1893 us/op
WorkloadPilot    2: 32 op, 28233.00 ns, 882.2813 ns/op
WorkloadPilot    3: 64 op, 48123.00 ns, 751.9219 ns/op
WorkloadPilot    4: 128 op, 92306.00 ns, 721.1406 ns/op
WorkloadPilot    5: 256 op, 179247.00 ns, 700.1836 ns/op
WorkloadPilot    6: 512 op, 355780.00 ns, 694.8828 ns/op
WorkloadPilot    7: 1024 op, 729866.00 ns, 712.7598 ns/op
WorkloadPilot    8: 2048 op, 1438076.00 ns, 702.1855 ns/op
WorkloadPilot    9: 4096 op, 3056892.00 ns, 746.3115 ns/op
WorkloadPilot   10: 8192 op, 6402046.00 ns, 781.4998 ns/op
WorkloadPilot   11: 16384 op, 12157963.00 ns, 742.0632 ns/op
WorkloadPilot   12: 32768 op, 23756879.00 ns, 725.0024 ns/op
WorkloadPilot   13: 65536 op, 46781387.00 ns, 713.8273 ns/op
WorkloadPilot   14: 131072 op, 96552059.00 ns, 736.6338 ns/op
WorkloadPilot   15: 262144 op, 36444529.00 ns, 139.0248 ns/op
WorkloadPilot   16: 524288 op, 55645097.00 ns, 106.1346 ns/op
WorkloadPilot   17: 1048576 op, 111288099.00 ns, 106.1326 ns/op
WorkloadPilot   18: 2097152 op, 222450105.00 ns, 106.0725 ns/op
WorkloadPilot   19: 4194304 op, 445571342.00 ns, 106.2325 ns/op
WorkloadPilot   20: 8388608 op, 892281638.00 ns, 106.3683 ns/op

OverheadWarmup   1: 8388608 op, 22009118.00 ns, 2.6237 ns/op
OverheadWarmup   2: 8388608 op, 22018995.00 ns, 2.6249 ns/op
OverheadWarmup   3: 8388608 op, 22019811.00 ns, 2.6250 ns/op
OverheadWarmup   4: 8388608 op, 22024998.00 ns, 2.6256 ns/op
OverheadWarmup   5: 8388608 op, 22016620.00 ns, 2.6246 ns/op
OverheadWarmup   6: 8388608 op, 22020929.00 ns, 2.6251 ns/op
OverheadWarmup   7: 8388608 op, 22006036.00 ns, 2.6233 ns/op

OverheadActual   1: 8388608 op, 22013459.00 ns, 2.6242 ns/op
OverheadActual   2: 8388608 op, 22040626.00 ns, 2.6274 ns/op
OverheadActual   3: 8388608 op, 22022241.00 ns, 2.6253 ns/op
OverheadActual   4: 8388608 op, 22013317.00 ns, 2.6242 ns/op
OverheadActual   5: 8388608 op, 22025032.00 ns, 2.6256 ns/op
OverheadActual   6: 8388608 op, 22026892.00 ns, 2.6258 ns/op
OverheadActual   7: 8388608 op, 22015690.00 ns, 2.6245 ns/op
OverheadActual   8: 8388608 op, 22019031.00 ns, 2.6249 ns/op
OverheadActual   9: 8388608 op, 22015521.00 ns, 2.6245 ns/op
OverheadActual  10: 8388608 op, 20136611.00 ns, 2.4005 ns/op
OverheadActual  11: 8388608 op, 15683607.00 ns, 1.8696 ns/op
OverheadActual  12: 8388608 op, 15715314.00 ns, 1.8734 ns/op
OverheadActual  13: 8388608 op, 15682005.00 ns, 1.8694 ns/op
OverheadActual  14: 8388608 op, 15678026.00 ns, 1.8690 ns/op
OverheadActual  15: 8388608 op, 15684645.00 ns, 1.8698 ns/op
OverheadActual  16: 8388608 op, 15682050.00 ns, 1.8694 ns/op
OverheadActual  17: 8388608 op, 15692236.00 ns, 1.8707 ns/op
OverheadActual  18: 8388608 op, 15680536.00 ns, 1.8693 ns/op
OverheadActual  19: 8388608 op, 15681871.00 ns, 1.8694 ns/op
OverheadActual  20: 8388608 op, 15671149.00 ns, 1.8681 ns/op

WorkloadWarmup   1: 8388608 op, 892420918.00 ns, 106.3849 ns/op
WorkloadWarmup   2: 8388608 op, 893049434.00 ns, 106.4598 ns/op
WorkloadWarmup   3: 8388608 op, 892240578.00 ns, 106.3634 ns/op

// BeforeActualRun
WorkloadActual   1: 8388608 op, 891967067.00 ns, 106.3308 ns/op
WorkloadActual   2: 8388608 op, 891145334.00 ns, 106.2328 ns/op
WorkloadActual   3: 8388608 op, 889973512.00 ns, 106.0931 ns/op

// AfterActualRun
WorkloadResult   1: 8388608 op, 874041104.50 ns, 104.1938 ns/op
WorkloadResult   2: 8388608 op, 873219371.50 ns, 104.0959 ns/op
WorkloadResult   3: 8388608 op, 872047549.50 ns, 103.9562 ns/op
// GC:  0 0 0 1072 8388608
// Threading:  0 0 8388608

// AfterAll
// Benchmark Process 70914 has exited with code 0.

Mean = 104.082 ns, StdErr = 0.069 ns (0.07%), N = 3, StdDev = 0.119 ns
Min = 103.956 ns, Q1 = 104.026 ns, Median = 104.096 ns, Q3 = 104.145 ns, Max = 104.194 ns
IQR = 0.119 ns, LowerFence = 103.848 ns, UpperFence = 104.323 ns
ConfidenceInterval = [101.903 ns; 106.261 ns] (CI 99.9%), Margin = 2.179 ns (2.09% of Mean)
Skewness = -0.11, Kurtosis = 0.67, MValue = 2

// ** Remained 0 (0.0 %) benchmark(s) to run. Estimated finish 2026-08-28 20:47 (0h 0m from now) **
// ***** BenchmarkRunner: Finish  *****

// * Export *
  BenchmarkDotNet.Artifacts/results/VmExecutionBenchmarks-report.csv
  BenchmarkDotNet.Artifacts/results/VmExecutionBenchmarks-report-github.md
  BenchmarkDotNet.Artifacts/results/VmExecutionBenchmarks-report.html

// * Detailed results *
VmExecutionBenchmarks.IntegerLoop: ShortRun(IterationCount=3, LaunchCount=1, WarmupCount=3)
Runtime = .NET 10.0.2 (10.0.225.61305), X64 RyuJIT AVX2; GC = Concurrent Workstation
Mean = 89.091 μs, StdErr = 0.445 μs (0.50%), N = 3, StdDev = 0.771 μs
Min = 88.208 μs, Q1 = 88.823 μs, Median = 89.439 μs, Q3 = 89.533 μs, Max = 89.626 μs
IQR = 0.709 μs, LowerFence = 87.760 μs, UpperFence = 90.597 μs
ConfidenceInterval = [75.031 μs; 103.151 μs] (CI 99.9%), Margin = 14.060 μs (15.78% of Mean)
Skewness = -0.36, Kurtosis = 0.67, MValue = 2
-------------------- Histogram --------------------
[87.506 μs ; 90.328 μs) | @@@
---------------------------------------------------

VmExecutionBenchmarks.FloatLoop: ShortRun(IterationCount=3, LaunchCount=1, WarmupCount=3)
Runtime = .NET 10.0.2 (10.0.225.61305), X64 RyuJIT AVX2; GC = Concurrent Workstation
Mean = 86.597 μs, StdErr = 0.027 μs (0.03%), N = 3, StdDev = 0.046 μs
Min = 86.559 μs, Q1 = 86.572 μs, Median = 86.584 μs, Q3 = 86.616 μs, Max = 86.648 μs
IQR = 0.045 μs, LowerFence = 86.504 μs, UpperFence = 86.684 μs
ConfidenceInterval = [85.756 μs; 87.438 μs] (CI 99.9%), Margin = 0.841 μs (0.97% of Mean)
Skewness = 0.25, Kurtosis = 0.67, MValue = 2
-------------------- Histogram --------------------
[86.517 μs ; 86.690 μs) | @@@
---------------------------------------------------

VmExecutionBenchmarks.DirectCfdCallChain: ShortRun(IterationCount=3, LaunchCount=1, WarmupCount=3)
Runtime = .NET 10.0.2 (10.0.225.61305), X64 RyuJIT AVX2; GC = Concurrent Workstation
Mean = 260.210 ns, StdErr = 0.090 ns (0.03%), N = 3, StdDev = 0.156 ns
Min = 260.031 ns, Q1 = 260.158 ns, Median = 260.285 ns, Q3 = 260.300 ns, Max = 260.315 ns
IQR = 0.142 ns, LowerFence = 259.945 ns, UpperFence = 260.513 ns
ConfidenceInterval = [257.364 ns; 263.056 ns] (CI 99.9%), Margin = 2.846 ns (1.09% of Mean)
Skewness = -0.37, Kurtosis = 0.67, MValue = 2
-------------------- Histogram --------------------
[259.889 ns ; 260.457 ns) | @@@
---------------------------------------------------

VmExecutionBenchmarks.TailRecursion: ShortRun(IterationCount=3, LaunchCount=1, WarmupCount=3)
Runtime = .NET 10.0.2 (10.0.225.61305), X64 RyuJIT AVX2; GC = Concurrent Workstation
Mean = 43.256 μs, StdErr = 0.019 μs (0.04%), N = 3, StdDev = 0.034 μs
Min = 43.224 μs, Q1 = 43.239 μs, Median = 43.254 μs, Q3 = 43.273 μs, Max = 43.291 μs
IQR = 0.034 μs, LowerFence = 43.189 μs, UpperFence = 43.323 μs
ConfidenceInterval = [42.643 μs; 43.870 μs] (CI 99.9%), Margin = 0.613 μs (1.42% of Mean)
Skewness = 0.06, Kurtosis = 0.67, MValue = 2
-------------------- Histogram --------------------
[43.193 μs ; 43.321 μs) | @@@
---------------------------------------------------

VmExecutionBenchmarks.TailAccumulator: ShortRun(IterationCount=3, LaunchCount=1, WarmupCount=3)
Runtime = .NET 10.0.2 (10.0.225.61305), X64 RyuJIT AVX2; GC = Concurrent Workstation
Mean = 69.279 μs, StdErr = 0.036 μs (0.05%), N = 3, StdDev = 0.063 μs
Min = 69.214 μs, Q1 = 69.250 μs, Median = 69.286 μs, Q3 = 69.312 μs, Max = 69.338 μs
IQR = 0.062 μs, LowerFence = 69.156 μs, UpperFence = 69.406 μs
ConfidenceInterval = [68.136 μs; 70.423 μs] (CI 99.9%), Margin = 1.143 μs (1.65% of Mean)
Skewness = -0.11, Kurtosis = 0.67, MValue = 2
-------------------- Histogram --------------------
[69.157 μs ; 69.395 μs) | @@@
---------------------------------------------------

VmExecutionBenchmarks.GeneratedFieldRead: ShortRun(IterationCount=3, LaunchCount=1, WarmupCount=3)
Runtime = .NET 10.0.2 (10.0.225.61305), X64 RyuJIT AVX2; GC = Concurrent Workstation
Mean = 112.208 μs, StdErr = 0.077 μs (0.07%), N = 3, StdDev = 0.133 μs
Min = 112.091 μs, Q1 = 112.135 μs, Median = 112.178 μs, Q3 = 112.266 μs, Max = 112.354 μs
IQR = 0.131 μs, LowerFence = 111.938 μs, UpperFence = 112.463 μs
ConfidenceInterval = [109.773 μs; 114.643 μs] (CI 99.9%), Margin = 2.435 μs (2.17% of Mean)
Skewness = 0.21, Kurtosis = 0.67, MValue = 2
-------------------- Histogram --------------------
[111.970 μs ; 112.475 μs) | @@@
---------------------------------------------------

VmExecutionBenchmarks.MapFilterFold: ShortRun(IterationCount=3, LaunchCount=1, WarmupCount=3)
Runtime = .NET 10.0.2 (10.0.225.61305), X64 RyuJIT AVX2; GC = Concurrent Workstation
Mean = 2.924 μs, StdErr = 0.002 μs (0.06%), N = 3, StdDev = 0.003 μs
Min = 2.922 μs, Q1 = 2.922 μs, Median = 2.923 μs, Q3 = 2.925 μs, Max = 2.928 μs
IQR = 0.003 μs, LowerFence = 2.918 μs, UpperFence = 2.930 μs
ConfidenceInterval = [2.865 μs; 2.983 μs] (CI 99.9%), Margin = 0.059 μs (2.02% of Mean)
Skewness = 0.37, Kurtosis = 0.67, MValue = 2
-------------------- Histogram --------------------
[2.919 μs ; 2.931 μs) | @@@
---------------------------------------------------

VmExecutionBenchmarks.CfdToHost: ShortRun(IterationCount=3, LaunchCount=1, WarmupCount=3)
Runtime = .NET 10.0.2 (10.0.225.61305), X64 RyuJIT AVX2; GC = Concurrent Workstation
Mean = 73.128 ns, StdErr = 0.032 ns (0.04%), N = 3, StdDev = 0.055 ns
Min = 73.083 ns, Q1 = 73.098 ns, Median = 73.112 ns, Q3 = 73.151 ns, Max = 73.190 ns
IQR = 0.054 ns, LowerFence = 73.017 ns, UpperFence = 73.232 ns
ConfidenceInterval = [72.118 ns; 74.139 ns] (CI 99.9%), Margin = 1.011 ns (1.38% of Mean)
Skewness = 0.27, Kurtosis = 0.67, MValue = 2
-------------------- Histogram --------------------
[73.032 ns ; 73.241 ns) | @@@
---------------------------------------------------

VmExecutionBenchmarks.VmHostVmClosure: ShortRun(IterationCount=3, LaunchCount=1, WarmupCount=3)
Runtime = .NET 10.0.2 (10.0.225.61305), X64 RyuJIT AVX2; GC = Concurrent Workstation
Mean = 840.056 ns, StdErr = 2.234 ns (0.27%), N = 3, StdDev = 3.870 ns
Min = 835.590 ns, Q1 = 838.892 ns, Median = 842.194 ns, Q3 = 842.290 ns, Max = 842.385 ns
IQR = 3.398 ns, LowerFence = 833.795 ns, UpperFence = 847.387 ns
ConfidenceInterval = [769.462 ns; 910.651 ns] (CI 99.9%), Margin = 70.594 ns (8.40% of Mean)
Skewness = -0.38, Kurtosis = 0.67, MValue = 2
-------------------- Histogram --------------------
[835.466 ns ; 842.509 ns) | @@@
---------------------------------------------------

VmExecutionBenchmarks.ReturnedVmClosure: ShortRun(IterationCount=3, LaunchCount=1, WarmupCount=3)
Runtime = .NET 10.0.2 (10.0.225.61305), X64 RyuJIT AVX2; GC = Concurrent Workstation
Mean = 104.082 ns, StdErr = 0.069 ns (0.07%), N = 3, StdDev = 0.119 ns
Min = 103.956 ns, Q1 = 104.026 ns, Median = 104.096 ns, Q3 = 104.145 ns, Max = 104.194 ns
IQR = 0.119 ns, LowerFence = 103.848 ns, UpperFence = 104.323 ns
ConfidenceInterval = [101.903 ns; 106.261 ns] (CI 99.9%), Margin = 2.179 ns (2.09% of Mean)
Skewness = -0.11, Kurtosis = 0.67, MValue = 2
-------------------- Histogram --------------------
[103.847 ns ; 104.303 ns) | @@@
---------------------------------------------------

// * Summary *

BenchmarkDotNet v0.14.0, Linux Mint 22.3 (Zena)
13th Gen Intel Core i5-13600KF, 1 CPU, 20 logical and 14 physical cores
.NET SDK 10.0.102
  [Host]   : .NET 10.0.2 (10.0.225.61305), X64 RyuJIT AVX2
  ShortRun : .NET 10.0.2 (10.0.225.61305), X64 RyuJIT AVX2

Job=ShortRun  IterationCount=3  LaunchCount=1  
WarmupCount=3  

| Method             | Mean          | Error         | StdDev     | Min           | Max           | Median        | Gen0   | Gen1   | Gen2   | Allocated |
|------------------- |--------------:|--------------:|-----------:|--------------:|--------------:|--------------:|-------:|-------:|-------:|----------:|
| IntegerLoop        |  89,091.07 ns | 14,059.870 ns | 770.669 ns |  88,207.77 ns |  89,626.32 ns |  89,439.13 ns |      - |      - |      - |         - |
| FloatLoop          |  86,597.12 ns |    840.971 ns |  46.096 ns |  86,558.67 ns |  86,648.22 ns |  86,584.48 ns |      - |      - |      - |         - |
| DirectCfdCallChain |     260.21 ns |      2.846 ns |   0.156 ns |     260.03 ns |     260.31 ns |     260.28 ns |      - |      - |      - |         - |
| TailRecursion      |  43,256.27 ns |    613.337 ns |  33.619 ns |  43,223.70 ns |  43,290.84 ns |  43,254.27 ns |      - |      - |      - |         - |
| TailAccumulator    |  69,279.42 ns |  1,143.167 ns |  62.661 ns |  69,213.64 ns |  69,338.41 ns |  69,286.22 ns |      - |      - |      - |         - |
| GeneratedFieldRead | 112,207.82 ns |  2,435.258 ns | 133.485 ns | 112,091.45 ns | 112,353.54 ns | 112,178.47 ns |      - |      - |      - |         - |
| MapFilterFold      |   2,924.25 ns |     59.015 ns |   3.235 ns |   2,922.05 ns |   2,927.96 ns |   2,922.73 ns | 0.0305 |      - |      - |     408 B |
| CfdToHost          |      73.13 ns |      1.011 ns |   0.055 ns |      73.08 ns |      73.19 ns |      73.11 ns |      - |      - |      - |         - |
| VmHostVmClosure    |     840.06 ns |     70.594 ns |   3.870 ns |     835.59 ns |     842.39 ns |     842.19 ns | 0.0181 | 0.0019 | 0.0019 |     231 B |
| ReturnedVmClosure  |     104.08 ns |      2.179 ns |   0.119 ns |     103.96 ns |     104.19 ns |     104.10 ns |      - |      - |      - |         - |

// * Legends *
  Mean      : Arithmetic mean of all measurements
  Error     : Half of 99.9% confidence interval
  StdDev    : Standard deviation of all measurements
  Min       : Minimum
  Max       : Maximum
  Median    : Value separating the higher half of all measurements (50th percentile)
  Gen0      : GC Generation 0 collects per 1000 operations
  Gen1      : GC Generation 1 collects per 1000 operations
  Gen2      : GC Generation 2 collects per 1000 operations
  Allocated : Allocated memory per single operation (managed only, inclusive, 1KB = 1024B)
  1 ns      : 1 Nanosecond (0.000000001 sec)

// * Diagnostic Output - MemoryDiagnoser *


// ***** BenchmarkRunner: End *****
Run time: 00:01:14 (74.12 sec), executed benchmarks: 10

Global total time: 00:01:37 (97.72 sec), executed benchmarks: 10
// * Artifacts cleanup *
Artifacts cleanup is finished
